IQ-TREE version 3.1.1 for Linux x86 64-bit built Apr  8 2026
Developed by Bui Quang Minh, Thomas Wong, Nhan Ly-Trong, Huaiyan Ren
Contributed by Lam-Tung Nguyen, Dominik Schrempf, Chris Bielow,
Olga Chernomor, Michael Woodhams, Diep Thi Hoang, Heiko Schmidt

Host:    solislemus-001.discovery.wisc.edu (AVX512, FMA3, 1007 GB RAM)
Command: iqtree -s /mnt/dv/wid/projects6/SolisLemus-Intbio-raw/processed-data/symbiosis_sorted_v2_consensus_sequences_50percent/gene_trees/noeB/02_alignment/noeB_consensus50_iupac_all_pass.mafft.fasta -st DNA -m MFP -B 1000 -alrt 1000 -nm 5000 -T AUTO --prefix /mnt/dv/wid/projects6/SolisLemus-Intbio-raw/processed-data/symbiosis_sorted_v2_consensus_sequences_50percent/gene_trees/noeB/04_tree_iupac_nm5000/noeB_consensus50_iupac_all_pass_nm5000
Seed:    904948 (Using SPRNG - Scalable Parallel Random Number Generator)
Time:    Wed Aug  5 08:42:33 2026
Kernel:  AVX+FMA - auto-detect threads (72 CPU cores detected)

Reading alignment file /mnt/dv/wid/projects6/SolisLemus-Intbio-raw/processed-data/symbiosis_sorted_v2_consensus_sequences_50percent/gene_trees/noeB/02_alignment/noeB_consensus50_iupac_all_pass.mafft.fasta ... Fasta format detected
Reading fasta file: done in 0.0241843 secs using 13.67% CPU
Alignment most likely contains DNA/RNA sequences
Constructing alignment: done in 0.00587298 secs using 4711% CPU
WARNING: 10 sites contain only gaps or ambiguous characters.
Alignment has 149 sequences with 1674 columns, 401 distinct patterns
58 parsimony-informative, 34 singleton sites, 1582 constant sites
                                                                 Gap/Ambiguity  Composition  p-value
Analyzing sequences: done in 0.000124013 secs using 8789% CPU
   1  BLAN-1-1-No|noeB|consensus50|pass_single_dominant                  1.08%    passed     99.75%
   2  BLAN-1-1-Rh|noeB|consensus50|pass_single_dominant                  1.14%    passed     99.97%
   3  BLAN-1-1-Ro|noeB|consensus50|pass_single_dominant                  2.21%    passed     99.02%
   4  BLAN-2-1-No|noeB|consensus50|pass_single_dominant                  1.55%    passed    100.00%
   5  BLAN-2-1-Rh|noeB|consensus50|pass_single_dominant                  0.96%    passed     99.74%
   6  BLAN-2-1-Ro|noeB|consensus50|pass_single_dominant                  0.78%    passed     99.66%
   7  BLAN-3-1-No|noeB|consensus50|pass_single_dominant                  1.55%    passed     99.74%
   8  BLAN-4-1-Ro|noeB|consensus50|pass_single_dominant                  0.72%    passed     99.56%
   9  CLBJ-40-1-Ro|noeB|consensus50|pass_single_dominant                 0.72%    passed     99.56%
  10  CLBJ-5-2-No|noeB|consensus50|pass_single_dominant                  0.72%    passed     99.78%
  11  CPER-2-No|noeB|consensus50|pass_mixed_possible_multitemplate       1.97%    passed     99.94%
  12  CPER-2-Rh|noeB|consensus50|pass_single_dominant                    1.02%    passed    100.00%
  13  CPER-2-Ro|noeB|consensus50|pass_single_dominant                    1.19%    passed     99.93%
  14  CPER-3-1-No|noeB|consensus50|pass_mixed_possible_multitemplate     1.49%    passed     99.99%
  15  CPER-3-1-Rh|noeB|consensus50|pass_mixed_possible_multitemplate     1.91%    passed     99.98%
  16  CPER-3-1-Ro|noeB|consensus50|pass_single_dominant                  0.78%    passed     99.35%
  17  CPER-4-No|noeB|consensus50|pass_mixed_possible_multitemplate       1.85%    passed     99.96%
  18  CPER-4-Rh|noeB|consensus50|pass_mixed_possible_multitemplate       1.85%    passed    100.00%
  19  CPER-4-Ro|noeB|consensus50|pass_mixed_possible_multitemplate       1.61%    passed     99.95%
  20  CPER-5-1-No|noeB|consensus50|pass_mixed_possible_multitemplate     1.85%    passed    100.00%
  21  CPER-5-1-Rh|noeB|consensus50|pass_single_dominant                  0.72%    passed     99.91%
  22  CPER-5-1-Ro|noeB|consensus50|pass_single_dominant                  0.84%    passed     99.72%
  23  DCFS-2-2-No|noeB|consensus50|pass_single_dominant                  0.66%    passed     99.93%
  24  DCFS-2-2-Rh|noeB|consensus50|pass_single_dominant                 17.50%    passed     93.83%
  25  DCFS-2-2-Ro|noeB|consensus50|pass_single_dominant                 18.22%    passed     98.19%
  26  DCFS-3-2-No|noeB|consensus50|pass_single_dominant                  0.90%    passed     98.69%
  27  DCFS-3-2-Rh|noeB|consensus50|pass_single_dominant                 14.16%    passed     97.63%
  28  DCFS-3-2-Ro|noeB|consensus50|pass_single_dominant                  1.02%    passed     97.47%
  29  DCFS-4-No|noeB|consensus50|pass_single_dominant                    1.37%    passed    100.00%
  30  DCFS-4-Rh|noeB|consensus50|pass_single_dominant                    0.84%    passed     99.69%
  31  DCFS-4-Ro|noeB|consensus50|pass_single_dominant                    1.37%    passed     99.96%
  32  DCFS-5-1-No|noeB|consensus50|pass_mixed_possible_multitemplate     2.51%    passed     99.48%
  33  DCFS-5-1-Rh|noeB|consensus50|pass_single_dominant                  3.52%    passed     98.96%
  34  DCFS-5-1-Ro|noeB|consensus50|pass_mixed_possible_multitemplate     2.51%    passed     99.64%
  35  DCFS-6-1-No|noeB|consensus50|pass_mixed_possible_multitemplate     1.85%    passed    100.00%
  36  DCFS-6-1-Ro|noeB|consensus50|pass_single_dominant                  1.19%    passed     99.89%
  37  DCFS-8-1-No|noeB|consensus50|pass_single_dominant                  0.66%    passed     99.84%
  38  DCFS-8-1-Rh|noeB|consensus50|pass_single_dominant                  0.78%    passed     99.76%
  39  DCFS-8-1-Ro|noeB|consensus50|pass_single_dominant                  0.72%    passed     99.86%
  40  DEJU-59-No|noeB|consensus50|pass_single_dominant                   2.57%    passed     99.11%
  41  DELA-26-3-Ro|noeB|consensus50|pass_single_dominant                 0.78%    passed     99.93%
  42  DSNY-14-1-Rh|noeB|consensus50|pass_single_dominant                 0.84%    passed     99.89%
  43  DSNY-15-1-Ro|noeB|consensus50|pass_single_dominant                 1.43%    passed     99.91%
  44  HEAL-7-1-Ro|noeB|consensus50|pass_single_dominant                  2.09%    passed     99.96%
  45  JERC-DEST-32-1-No|noeB|consensus50|pass_single_dominant            0.72%    passed     99.78%
  46  JORN-3-1-Rh|noeB|consensus50|pass_single_dominant                  0.72%    passed     99.96%
  47  KONZ-1-Ro|noeB|consensus50|pass_single_dominant                    0.72%    passed     99.96%
  48  KONZ-6-1-Ro|noeB|consensus50|pass_single_dominant                  0.72%    passed     99.78%
  49  LAJA-25-1-No|noeB|consensus50|pass_single_dominant                 2.51%    passed     99.64%
  50  LENO-15-2-No|noeB|consensus50|pass_single_dominant                 0.72%    passed     99.96%
  51  NIWO-1-Rh|noeB|consensus50|pass_single_dominant                   17.80%    passed     86.39%
  52  NOGP-1-1-No|noeB|consensus50|pass_single_dominant                  0.66%    passed     98.54%
  53  NOGP-1-1-Rh|noeB|consensus50|pass_single_dominant                  0.90%    passed     99.67%
  54  NOGP-1-1-Ro|noeB|consensus50|pass_single_dominant                  0.96%    passed     99.86%
  55  NOGP-2-1-No|noeB|consensus50|pass_single_dominant                  0.72%    passed     99.56%
  56  NOGP-2-1-Rh|noeB|consensus50|pass_single_dominant                  1.08%    passed     99.93%
  57  NOGP-2-1-Ro|noeB|consensus50|pass_single_dominant                  0.60%    passed     99.59%
  58  NOGP-3-2-No|noeB|consensus50|pass_single_dominant                  0.66%    passed     99.86%
  59  NOGP-3-2-Rh|noeB|consensus50|pass_single_dominant                  0.72%    passed     99.78%
  60  NOGP-3-2-Ro|noeB|consensus50|pass_single_dominant                  0.72%    passed     99.91%
  61  NOGP-4-1-Ro|noeB|consensus50|pass_mixed_possible_multitemplate     3.41%    passed     99.08%
  62  NOGP-5-2-No|noeB|consensus50|pass_mixed_possible_multitemplate     2.27%    passed     99.94%
  63  NOGP-5-2-Rh|noeB|consensus50|pass_single_dominant                  1.02%    passed     99.98%
  64  NOGP-5-2-Ro|noeB|consensus50|pass_single_dominant                  0.72%    passed     99.59%
  65  NOGP-6-3-No|noeB|consensus50|pass_single_dominant                  0.72%    passed     99.91%
  66  NOGP-6-3-Rh|noeB|consensus50|pass_single_dominant                  0.78%    passed     99.98%
  67  NOGP-6-3-Ro|noeB|consensus50|pass_single_dominant                  0.72%    passed     99.91%
  68  NOGP-7-2-No|noeB|consensus50|pass_single_dominant                 10.33%    passed     99.22%
  69  OAES-1-1-No|noeB|consensus50|pass_single_dominant                  1.37%    passed     99.99%
  70  OAES-14-1-No|noeB|consensus50|pass_single_dominant                 0.66%    passed     99.94%
  71  OAES-14-1-Rh|noeB|consensus50|pass_single_dominant                 0.84%    passed     99.94%
  72  OAES-14-1-Ro|noeB|consensus50|pass_single_dominant                 0.72%    passed     99.96%
  73  OAES-15-No|noeB|consensus50|pass_single_dominant                   0.78%    passed     99.93%
  74  OAES_19-2-No|noeB|consensus50|pass_mixed_possible_multitemplate    2.27%    passed     99.69%
  75  OAES_19-2-Rh|noeB|consensus50|pass_single_dominant                 0.72%    passed     99.91%
  76  OAES_19-2-Ro|noeB|consensus50|pass_single_dominant                 2.15%    passed     99.95%
  77  OAES-20-Ro|noeB|consensus50|pass_single_dominant                   9.74%    passed     96.83%
  78  OAES-21-3-Ro|noeB|consensus50|pass_single_dominant                 2.63%    passed     98.11%
  79  OAES-2-1-No|noeB|consensus50|pass_single_dominant                  0.66%    passed     99.87%
  80  OAES-2-1-Ro|noeB|consensus50|pass_single_dominant                  0.72%    passed     99.78%
  81  OAES-22-1-No|noeB|consensus50|pass_single_dominant                 0.72%    passed     99.25%
  82  OAES-23-1-Rh|noeB|consensus50|pass_single_dominant                12.37%    passed     96.30%
  83  OAES-23-1-Ro|noeB|consensus50|pass_single_dominant                 1.08%    passed     98.83%
  84  OAES_24-3-No|noeB|consensus50|pass_single_dominant                 1.02%    passed     99.68%
  85  OAES_24-3-Rh|noeB|consensus50|pass_single_dominant                 0.78%    passed     99.92%
  86  OAES_24-3-Ro|noeB|consensus50|pass_single_dominant                 1.91%    passed     99.97%
  87  OAES-25-1-No|noeB|consensus50|pass_single_dominant                14.28%    passed     84.66%
  88  OAES-25-1-Ro|noeB|consensus50|pass_single_dominant                 0.72%    passed     99.25%
  89  OAES-26-1-Rh|noeB|consensus50|pass_single_dominant                 7.23%    passed     99.89%
  90  OAES-27-2-Ro|noeB|consensus50|pass_single_dominant                 0.78%    passed     99.98%
  91  OAES-3-1-No|noeB|consensus50|pass_single_dominant                  0.72%    passed     99.78%
  92  OAES-3-1-Ro|noeB|consensus50|pass_single_dominant                  2.45%    passed     99.81%
  93  OAES-36-2-No|noeB|consensus50|pass_single_dominant                 0.72%    passed     99.56%
  94  OAES-36-3-No|noeB|consensus50|pass_single_dominant                 0.72%    passed     99.91%
  95  OAES-36-3-Rh|noeB|consensus50|pass_single_dominant                11.77%    passed     95.37%
  96  OAES-37-2-Ro|noeB|consensus50|pass_single_dominant                 0.78%    passed     99.93%
  97  OAES-5-Rh|noeB|consensus50|pass_single_dominant                    1.37%    passed     99.98%
  98  OAES-5-Ro|noeB|consensus50|pass_single_dominant                    0.72%    passed     99.78%
  99  OAES-6-1-No|noeB|consensus50|pass_single_dominant                  1.37%    passed     99.84%
 100  OAES-6-1-Rh|noeB|consensus50|pass_single_dominant                  2.09%    passed     99.75%
 101  OAES-6-1-Ro|noeB|consensus50|pass_single_dominant                  1.31%    passed     99.79%
 102  OAES-7-1-No|noeB|consensus50|pass_single_dominant                  0.78%    passed     98.69%
 103  OAES-7-1-Rh|noeB|consensus50|pass_single_dominant                  1.43%    passed     99.95%
 104  OAES-7-1-Ro|noeB|consensus50|pass_single_dominant                  1.49%    passed     99.59%
 105  OAES-8-2-Ro|noeB|consensus50|pass_single_dominant                  0.72%    passed     99.78%
 106  OSBS-36-1-No|noeB|consensus50|pass_single_dominant                 0.72%    passed     99.91%
 107  OSBS-36-1-Ro|noeB|consensus50|pass_single_dominant                 0.72%    passed     99.91%
 108  RMNP-1-Rh|noeB|consensus50|pass_single_dominant                    1.31%    passed     99.96%
 109  SCBI-1-1-Ro|noeB|consensus50|pass_single_dominant                  4.30%    passed     98.43%
 110  SCBI-2-1-No|noeB|consensus50|pass_single_dominant                  0.84%    passed     99.71%
 111  SCBI-2-1-Rh|noeB|consensus50|pass_single_dominant                  0.96%    passed     99.95%
 112  SCBI-2-1-Ro|noeB|consensus50|pass_single_dominant                  1.97%    passed     99.21%
 113  SCBI-3-1-Rh|noeB|consensus50|pass_single_dominant                  1.61%    passed     98.28%
 114  SCBI-3-1-Ro|noeB|consensus50|pass_single_dominant                  1.08%    passed     99.76%
 115  SERC-6-1-No|noeB|consensus50|pass_single_dominant                  2.03%    passed     99.00%
 116  TALL-24-2-No|noeB|consensus50|pass_single_dominant                 0.72%    passed     99.56%
 117  TALL-28-1-No|noeB|consensus50|pass_single_dominant                 1.19%    passed     99.70%
 118  TALL-29-3-No|noeB|consensus50|pass_single_dominant                 0.78%    passed     99.84%
 119  TALL-74-3-No|noeB|consensus50|pass_single_dominant                 0.72%    passed     99.56%
 120  TEAK-1-2-Ro|noeB|consensus50|pass_single_dominant                  0.90%    passed     99.93%
 121  TEAK-3-1-Ro|noeB|consensus50|pass_single_dominant                  2.21%    passed     99.94%
 122  TOOL-10-Ro|noeB|consensus50|pass_single_dominant                   0.78%    passed     99.97%
 123  TOOL-1-Ro|noeB|consensus50|pass_single_dominant                    0.96%    passed     99.84%
 124  TOOL-25-Ro|noeB|consensus50|pass_single_dominant                   0.72%    passed     99.99%
 125  WOOD-10-1-No|noeB|consensus50|pass_mixed_possible_multitemplate    1.61%    passed     99.84%
 126  WOOD-10-1-Rh|noeB|consensus50|pass_single_dominant                 1.61%    passed     99.92%
 127  WOOD-10-1-Ro|noeB|consensus50|pass_single_dominant                 1.85%    passed     99.72%
 128  WOOD-11-1-No|noeB|consensus50|pass_single_dominant                 0.72%    passed     99.91%
 129  WOOD-1-1-No|noeB|consensus50|pass_single_dominant                  1.19%    passed     99.85%
 130  WOOD-1-1-Ro|noeB|consensus50|pass_single_dominant                  3.05%    passed     96.60%
 131  WOOD-12-No|noeB|consensus50|pass_single_dominant                   0.72%    passed     99.59%
 132  WOOD-12-Rh|noeB|consensus50|pass_single_dominant                   1.14%    passed     99.87%
 133  WOOD-3-2-No|noeB|consensus50|pass_single_dominant                  0.66%    passed     99.86%
 134  WOOD-3-2-Rh|noeB|consensus50|pass_single_dominant                 16.37%    passed     96.28%
 135  WOOD-3-2-Ro|noeB|consensus50|pass_single_dominant                  6.45%    passed     98.51%
 136  WOOD-4-1-No|noeB|consensus50|pass_single_dominant                 14.16%    passed     97.12%
 137  WOOD-5-1-No|noeB|consensus50|pass_single_dominant                  1.14%    passed     99.93%
 138  WOOD-5-1-Rh|noeB|consensus50|pass_single_dominant                  4.78%    passed     97.23%
 139  WOOD-5-1-Ro|noeB|consensus50|pass_single_dominant                  1.31%    passed     99.89%
 140  WOOD-6-1-No|noeB|consensus50|pass_mixed_possible_multitemplate     2.21%    passed     99.96%
 141  WOOD-6-1-Rh|noeB|consensus50|pass_single_dominant                  6.81%    passed     99.64%
 142  WOOD-6-1-Ro|noeB|consensus50|pass_mixed_possible_multitemplate     1.67%    passed     99.72%
 143  WOOD-7-1-No|noeB|consensus50|pass_single_dominant                  0.66%    passed     97.73%
 144  WOOD-7-1-Rh|noeB|consensus50|pass_single_dominant                  1.49%    passed     99.87%
 145  WOOD-7-1-Ro|noeB|consensus50|pass_mixed_possible_multitemplate     1.55%    passed     99.89%
 146  WOOD-8-No|noeB|consensus50|pass_single_dominant                    0.72%    passed     99.31%
 147  WOOD-8-Rh|noeB|consensus50|pass_single_dominant                    0.72%    passed     99.92%
 148  WOOD-8-Ro|noeB|consensus50|pass_single_dominant                    1.61%    passed     99.83%
 149  WOOD-9-Rh|noeB|consensus50|pass_single_dominant                    0.72%    passed     99.88%
****  TOTAL                                                              2.34%  0 sequences failed composition chi2 test (p-value<5%; df=3)
NOTE: NOGP-2-1-No|noeB|consensus50|pass_single_dominant is identical to CLBJ-40-1-Ro|noeB|consensus50|pass_single_dominant but kept for subsequent analysis
NOTE: JERC-DEST-32-1-No|noeB|consensus50|pass_single_dominant is identical to CLBJ-5-2-No|noeB|consensus50|pass_single_dominant but kept for subsequent analysis
NOTE: NOGP-3-2-Ro|noeB|consensus50|pass_single_dominant is identical to CPER-5-1-Rh|noeB|consensus50|pass_single_dominant but kept for subsequent analysis
NOTE: KONZ-1-Ro|noeB|consensus50|pass_single_dominant is identical to JORN-3-1-Rh|noeB|consensus50|pass_single_dominant but kept for subsequent analysis
NOTE: WOOD-3-2-No|noeB|consensus50|pass_single_dominant is identical to NOGP-3-2-No|noeB|consensus50|pass_single_dominant but kept for subsequent analysis
NOTE: WOOD-12-No|noeB|consensus50|pass_single_dominant is identical to NOGP-5-2-Ro|noeB|consensus50|pass_single_dominant but kept for subsequent analysis
NOTE: OAES-25-1-Ro|noeB|consensus50|pass_single_dominant is identical to OAES-22-1-No|noeB|consensus50|pass_single_dominant but kept for subsequent analysis
Checking for duplicate sequences: done in 0.000950506 secs using 7402% CPU
Identifying sites to remove: done in 0.00146078 secs using 4920% CPU
NOTE: 15 identical sequences (see below) will be ignored for subsequent analysis
NOTE: OAES-36-2-No|noeB|consensus50|pass_single_dominant (identical to CLBJ-40-1-Ro|noeB|consensus50|pass_single_dominant) is ignored but added at the end
NOTE: TALL-24-2-No|noeB|consensus50|pass_single_dominant (identical to CLBJ-40-1-Ro|noeB|consensus50|pass_single_dominant) is ignored but added at the end
NOTE: TALL-74-3-No|noeB|consensus50|pass_single_dominant (identical to CLBJ-40-1-Ro|noeB|consensus50|pass_single_dominant) is ignored but added at the end
NOTE: KONZ-6-1-Ro|noeB|consensus50|pass_single_dominant (identical to CLBJ-5-2-No|noeB|consensus50|pass_single_dominant) is ignored but added at the end
NOTE: OAES-2-1-Ro|noeB|consensus50|pass_single_dominant (identical to CLBJ-5-2-No|noeB|consensus50|pass_single_dominant) is ignored but added at the end
NOTE: OAES-3-1-No|noeB|consensus50|pass_single_dominant (identical to CLBJ-5-2-No|noeB|consensus50|pass_single_dominant) is ignored but added at the end
NOTE: OAES-5-Ro|noeB|consensus50|pass_single_dominant (identical to CLBJ-5-2-No|noeB|consensus50|pass_single_dominant) is ignored but added at the end
NOTE: OAES-8-2-Ro|noeB|consensus50|pass_single_dominant (identical to CLBJ-5-2-No|noeB|consensus50|pass_single_dominant) is ignored but added at the end
NOTE: NOGP-6-3-Ro|noeB|consensus50|pass_single_dominant (identical to CPER-5-1-Rh|noeB|consensus50|pass_single_dominant) is ignored but added at the end
NOTE: OAES_19-2-Rh|noeB|consensus50|pass_single_dominant (identical to CPER-5-1-Rh|noeB|consensus50|pass_single_dominant) is ignored but added at the end
NOTE: OAES-36-3-No|noeB|consensus50|pass_single_dominant (identical to CPER-5-1-Rh|noeB|consensus50|pass_single_dominant) is ignored but added at the end
NOTE: OSBS-36-1-No|noeB|consensus50|pass_single_dominant (identical to CPER-5-1-Rh|noeB|consensus50|pass_single_dominant) is ignored but added at the end
NOTE: OSBS-36-1-Ro|noeB|consensus50|pass_single_dominant (identical to CPER-5-1-Rh|noeB|consensus50|pass_single_dominant) is ignored but added at the end
NOTE: WOOD-11-1-No|noeB|consensus50|pass_single_dominant (identical to CPER-5-1-Rh|noeB|consensus50|pass_single_dominant) is ignored but added at the end
NOTE: OAES-14-1-Ro|noeB|consensus50|pass_single_dominant (identical to JORN-3-1-Rh|noeB|consensus50|pass_single_dominant) is ignored but added at the end
Alignment was printed to /mnt/dv/wid/projects6/SolisLemus-Intbio-raw/processed-data/symbiosis_sorted_v2_consensus_sequences_50percent/gene_trees/noeB/04_tree_iupac_nm5000/noeB_consensus50_iupac_all_pass_nm5000.uniqueseq.phy

For your convenience alignment with unique sequences printed to /mnt/dv/wid/projects6/SolisLemus-Intbio-raw/processed-data/symbiosis_sorted_v2_consensus_sequences_50percent/gene_trees/noeB/04_tree_iupac_nm5000/noeB_consensus50_iupac_all_pass_nm5000.uniqueseq.phy


Create initial parsimony tree by phylogenetic likelihood library (PLL)... 0.004 seconds
Measuring multi-threading efficiency up to 72 CPU cores
Increase to 10 rounds for branch lengths
847 trees examined
Threads: 1 / Time: 72.001 sec / Speedup: 1.000 / Efficiency: 100% / LogL: -6984
Threads: 2 / Time: 57.477 sec / Speedup: 1.253 / Efficiency: 63% / LogL: -6984
Threads: 3 / Time: 106.450 sec / Speedup: 0.676 / Efficiency: 23% / LogL: -6984
Determining AUTO threadcount: done in 235.952 secs using 211.4% CPU
BEST NUMBER OF THREADS: 2

Perform fast likelihood tree search using GTR+I+G model...
Estimate model parameters (epsilon = 5.000)
Perform nearest neighbor interchange...
Estimate model parameters (epsilon = 1.000)
1. Initial log-likelihood: -3870.637
2. Current log-likelihood: -3866.561
3. Current log-likelihood: -3863.253
4. Current log-likelihood: -3860.596
5. Current log-likelihood: -3858.401
6. Current log-likelihood: -3856.413
7. Current log-likelihood: -3854.534
8. Current log-likelihood: -3852.773
9. Current log-likelihood: -3851.137
10. Current log-likelihood: -3849.642
11. Current log-likelihood: -3848.285
12. Current log-likelihood: -3847.065
13. Current log-likelihood: -3845.973
Optimal log-likelihood: -3844.867
Rate parameters:  A-C: 0.52631  A-G: 4.41537  A-T: 1.17012  C-G: 0.20463  C-T: 3.42231  G-T: 1.00000
Base frequencies:  A: 0.229  C: 0.258  G: 0.257  T: 0.256
Proportion of invariable sites: 0.780
Gamma shape alpha: 0.156
Parameters optimization took 13 rounds (0.715 sec)
Time for fast ML tree search: 1.509 seconds

NOTE: ModelFinder requires 19 MB RAM!
ModelFinder will test up to 968 DNA models (sample size: 1674 epsilon: 0.100) ...
 No. Model         -LnL         df  AIC          AICc         BIC
  1  JC            4319.507     265 9169.014     9269.142     10606.101
  2  JC+I          3944.031     266 8420.062     8521.017     9862.572
  3  JC+G4         4088.269     266 8708.538     8809.493     10151.048
  4  JC+I+G4       3927.519     267 8389.037     8490.824     9836.971
  5  JC+R2         3944.009     267 8422.018     8523.804     9869.951
  6  JC+R3         3931.648     269 8401.297     8504.758     9860.076
+R4 reinitialized from +R3 with factor 0.500
  7  JC+R4         3931.600     271 8405.201     8510.353     9874.826
 14  JC+I+R2       3944.020     268 8424.040     8526.662     9877.396
 15  JC+I+R3       3925.887     270 8391.774     8496.079     9855.976
+I+R4 reinitialized from +I+R3 with factor 0.500
+I+R4 reinitialized from +I+R3 with factor 0.250
 16  JC+I+R4       3925.970     272 8395.939     8501.944     9870.987
 26  JC+I+G4       3927.519     267 8389.037     8490.824     9836.971
 48  F81+I+G4      3927.464     267 8388.929     8490.715     9836.862
 70  F81+F+I+G4    3925.295     270 8390.590     8494.895     9854.792
 92  K2P+I+G4      3847.148     268 8230.296     8332.918     9683.652
114  K2P+I+G4      3847.148     268 8230.296     8332.918     9683.652
136  HKY+I+G4      3847.147     268 8230.295     8332.917     9683.651
158  HKY+F+I+G4    3844.668     271 8231.336     8336.489     9700.962
180  TNe+I+G4      3847.045     269 8232.091     8335.552     9690.870
202  TNe+I+G4      3847.045     269 8232.091     8335.552     9690.870
224  TN+I+G4       3847.045     269 8232.091     8335.552     9690.870
246  TN+F+I+G4     3844.370     272 8232.740     8338.744     9707.788
268  K3P+I+G4      3846.965     269 8231.929     8335.391     9690.708
290  K3P+I+G4      3846.965     269 8231.929     8335.391     9690.708
312  K3Pu+I+G4     3846.964     269 8231.929     8335.390     9690.708
334  K3Pu+F+I+G4   3844.486     272 8232.971     8338.976     9708.020
356  TPM2+I+G4     3846.827     269 8231.654     8335.115     9690.433
378  TPM2+I+G4     3846.827     269 8231.654     8335.115     9690.433
400  TPM2u+I+G4    3846.827     269 8231.654     8335.115     9690.433
422  TPM2u+F+I+G4  3844.072     272 8232.145     8338.149     9707.193
444  TPM3+I+G4     3840.247     269 8218.493     8321.955     9677.273
466  TPM3+I+G4     3840.247     269 8218.493     8321.955     9677.273
488  TPM3u+I+G4    3840.247     269 8218.493     8321.955     9677.272
510  TPM3u+F+I+G4  3837.708     272 8219.415     8325.420     9694.463
532  TIMe+I+G4     3846.867     270 8233.734     8338.039     9697.936
554  TIMe+I+G4     3846.867     270 8233.734     8338.039     9697.936
576  TIM+I+G4      3846.867     270 8233.733     8338.038     9697.936
598  TIM+F+I+G4    3844.191     273 8234.382     8341.242     9714.854
620  TIM2e+I+G4    3846.717     270 8233.434     8337.739     9697.636
642  TIM2e+I+G4    3846.717     270 8233.434     8337.739     9697.636
664  TIM2+I+G4     3846.717     270 8233.434     8337.739     9697.636
686  TIM2+F+I+G4   3843.742     273 8233.484     8340.344     9713.955
708  TIM3e+I+G4    3840.064     270 8220.127     8324.432     9684.330
730  TIM3e+I+G4    3840.064     270 8220.127     8324.432     9684.330
752  TIM3+I+G4     3840.064     270 8220.127     8324.432     9684.330
774  TIM3+F+I+G4   3837.286     273 8220.572     8327.432     9701.043
796  TVMe+I+G4     3839.104     271 8220.207     8325.360     9689.832
818  TVMe+I+G4     3839.104     271 8220.207     8325.360     9689.832
840  TVM+I+G4      3839.103     271 8220.206     8325.358     9689.831
862  TVM+F+I+G4    3836.289     274 8220.577     8328.297     9706.471
884  SYM+I+G4      3838.918     272 8221.837     8327.841     9696.885
906  SYM+I+G4      3838.918     272 8221.837     8327.841     9696.885
928  GTR+I+G4      3838.919     272 8221.837     8327.842     9696.886
950  GTR+F+I+G4    3835.844     275 8221.688     8330.272     9713.005
Akaike Information Criterion:           TPM3u+I+G4
Corrected Akaike Information Criterion: TPM3u+I+G4
Bayesian Information Criterion:         TPM3u+I+G4
Best-fit model: TPM3u+I+G4 chosen according to BIC

All model information printed to /mnt/dv/wid/projects6/SolisLemus-Intbio-raw/processed-data/symbiosis_sorted_v2_consensus_sequences_50percent/gene_trees/noeB/04_tree_iupac_nm5000/noeB_consensus50_iupac_all_pass_nm5000.model.gz
CPU time for ModelFinder: 521.306 seconds (0h:8m:41s)
Wall-clock time for ModelFinder: 247.052 seconds (0h:4m:7s)
Generating 1000 samples for ultrafast bootstrap (seed: 904948)...

NOTE: 8 MB RAM (0 GB) is required!
Estimate model parameters (epsilon = 0.100)
Thoroughly optimizing +I+G parameters from 10 start values...
Init pinv, alpha: 0.000, 0.682 / Estimate: 0.000, 0.020 / LogL: -4002.022
Init pinv, alpha: 0.105, 0.682 / Estimate: 0.889, 0.446 / LogL: -3838.043
Init pinv, alpha: 0.210, 0.682 / Estimate: 0.889, 0.441 / LogL: -3838.078
Init pinv, alpha: 0.315, 0.682 / Estimate: 0.889, 0.442 / LogL: -3838.077
Init pinv, alpha: 0.420, 0.682 / Estimate: 0.889, 0.446 / LogL: -3838.058
Init pinv, alpha: 0.525, 0.682 / Estimate: 0.888, 0.436 / LogL: -3838.127
Init pinv, alpha: 0.630, 0.682 / Estimate: 0.888, 0.439 / LogL: -3838.122
Init pinv, alpha: 0.735, 0.682 / Estimate: 0.890, 0.448 / LogL: -3838.090
Init pinv, alpha: 0.840, 0.682 / Estimate: 0.889, 0.446 / LogL: -3838.151
Init pinv, alpha: 0.945, 0.682 / Estimate: 0.921, 0.927 / LogL: -3838.047
Optimal pinv,alpha: 0.889, 0.446 / LogL: -3838.043

Parameters optimization took 16.855 sec
Wrote distance file to... 
Computing ML distances based on estimated model parameters...
Calculating distance matrix: done in 0.0557393 secs using 199.9% CPU
Computing ML distances took 0.056012 sec (of wall-clock time) 0.111695 sec (of CPU time)
Setting up auxiliary I and S matrices: done in 0.000354731 secs using 187.5% CPU
Constructing RapidNJ tree: done in 0.0125317 secs using 103.3% CPU
Computing RapidNJ tree took 0.012937 sec (of wall-clock time) 0.013660 sec (of CPU time)
Log-likelihood of RapidNJ tree: -3920.417
--------------------------------------------------------------------
|             INITIALIZING CANDIDATE TREE SET                      |
--------------------------------------------------------------------
Generating 98 parsimony trees... 0.494 second
Computing log-likelihood of 98 initial trees ... 0.793 seconds
Current best score: -3827.525

Do NNI search on 20 best initial trees
Estimate model parameters (epsilon = 0.100)
BETTER TREE FOUND at iteration 1: -3821.420
Iteration 10 / LogL: -3839.157 / Time: 0h:4m:29s
Iteration 20 / LogL: -3846.152 / Time: 0h:4m:33s
Finish initializing candidate tree set (20)
Current best tree score: -3821.420 / CPU time: 9.351
Number of iterations: 20
--------------------------------------------------------------------
|               OPTIMIZING CANDIDATE TREE SET                      |
--------------------------------------------------------------------
Estimate model parameters (epsilon = 0.100)
BETTER TREE FOUND at iteration 27: -3818.209
Iteration 30 / LogL: -3823.921 / Time: 0h:4m:38s (0h:1m:43s left)
Estimate model parameters (epsilon = 0.100)
BETTER TREE FOUND at iteration 31: -3815.647
Iteration 40 / LogL: -3815.688 / Time: 0h:4m:42s (0h:1m:23s left)
Estimate model parameters (epsilon = 0.100)
BETTER TREE FOUND at iteration 41: -3815.599
Estimate model parameters (epsilon = 0.100)
BETTER TREE FOUND at iteration 42: -3815.545
BETTER TREE FOUND at iteration 50: -3815.545
Iteration 50 / LogL: -3815.545 / Time: 0h:4m:47s (0h:1m:23s left)
Log-likelihood cutoff on original alignment: -3878.754
Iteration 60 / LogL: -3815.704 / Time: 0h:4m:52s (0h:1m:9s left)
Estimate model parameters (epsilon = 0.100)
BETTER TREE FOUND at iteration 61: -3814.809
BETTER TREE FOUND at iteration 68: -3814.806
Estimate model parameters (epsilon = 0.100)
BETTER TREE FOUND at iteration 69: -3814.746
Iteration 70 / LogL: -3816.073 / Time: 0h:4m:57s (0h:1m:12s left)
Iteration 80 / LogL: -3814.873 / Time: 0h:5m:2s (0h:1m:2s left)
Iteration 90 / LogL: -3814.787 / Time: 0h:5m:7s (0h:0m:53s left)
Estimate model parameters (epsilon = 0.100)
BETTER TREE FOUND at iteration 97: -3812.616
Iteration 100 / LogL: -3814.820 / Time: 0h:5m:12s (0h:1m:3s left)
Log-likelihood cutoff on original alignment: -3878.754
NOTE: Bootstrap correlation coefficient of split occurrence frequencies: 0.955
NOTE: UFBoot does not converge, continue at least 100 more iterations
Iteration 110 / LogL: -3812.624 / Time: 0h:5m:16s (0h:0m:57s left)
BETTER TREE FOUND at iteration 119: -3812.608
Iteration 120 / LogL: -3812.614 / Time: 0h:5m:21s (0h:1m:2s left)
Iteration 130 / LogL: -3813.151 / Time: 0h:5m:25s (0h:0m:54s left)
Iteration 140 / LogL: -3825.024 / Time: 0h:5m:30s (0h:0m:47s left)
Iteration 150 / LogL: -3813.286 / Time: 0h:5m:35s (0h:0m:40s left)
Log-likelihood cutoff on original alignment: -3878.754
BETTER TREE FOUND at iteration 160: -3812.607
Iteration 160 / LogL: -3812.607 / Time: 0h:5m:40s (0h:0m:58s left)
BETTER TREE FOUND at iteration 167: -3812.607
Iteration 170 / LogL: -3818.724 / Time: 0h:5m:45s (0h:0m:56s left)
Iteration 180 / LogL: -3812.614 / Time: 0h:5m:50s (0h:0m:50s left)
Iteration 190 / LogL: -3812.613 / Time: 0h:5m:55s (0h:0m:44s left)
Iteration 200 / LogL: -3812.615 / Time: 0h:6m:1s (0h:0m:38s left)
Log-likelihood cutoff on original alignment: -3878.754
NOTE: Bootstrap correlation coefficient of split occurrence frequencies: 0.961
NOTE: UFBoot does not converge, continue at least 100 more iterations
Iteration 210 / LogL: -3812.615 / Time: 0h:6m:6s (0h:0m:51s left)
Iteration 220 / LogL: -3812.615 / Time: 0h:6m:12s (0h:0m:45s left)
Iteration 230 / LogL: -3819.796 / Time: 0h:6m:16s (0h:0m:39s left)
BETTER TREE FOUND at iteration 232: -3812.606
Iteration 240 / LogL: -3816.353 / Time: 0h:6m:21s (0h:0m:51s left)
Iteration 250 / LogL: -3812.630 / Time: 0h:6m:26s (0h:0m:45s left)
Log-likelihood cutoff on original alignment: -3878.754
Iteration 260 / LogL: -3812.621 / Time: 0h:6m:31s (0h:0m:40s left)
Estimate model parameters (epsilon = 0.100)
BETTER TREE FOUND at iteration 266: -3810.192
Iteration 270 / LogL: -3810.196 / Time: 0h:6m:37s (0h:0m:53s left)
Iteration 280 / LogL: -3812.308 / Time: 0h:6m:42s (0h:0m:47s left)
Iteration 290 / LogL: -3810.221 / Time: 0h:6m:47s (0h:0m:42s left)
Iteration 300 / LogL: -3812.294 / Time: 0h:6m:52s (0h:0m:36s left)
Log-likelihood cutoff on original alignment: -3878.754
NOTE: Bootstrap correlation coefficient of split occurrence frequencies: 0.956
NOTE: UFBoot does not converge, continue at least 100 more iterations
Iteration 310 / LogL: -3810.197 / Time: 0h:6m:58s (0h:0m:49s left)
BETTER TREE FOUND at iteration 319: -3810.192
Iteration 320 / LogL: -3810.218 / Time: 0h:7m:4s (0h:0m:54s left)
Iteration 330 / LogL: -3813.040 / Time: 0h:7m:10s (0h:0m:49s left)
BETTER TREE FOUND at iteration 332: -3810.191
Estimate model parameters (epsilon = 0.100)
BETTER TREE FOUND at iteration 340: -3810.035
Iteration 340 / LogL: -3810.035 / Time: 0h:7m:15s (0h:0m:55s left)
Iteration 350 / LogL: -3813.900 / Time: 0h:7m:21s (0h:0m:50s left)
Log-likelihood cutoff on original alignment: -3878.754
Iteration 360 / LogL: -3810.911 / Time: 0h:7m:27s (0h:0m:44s left)
Estimate model parameters (epsilon = 0.100)
BETTER TREE FOUND at iteration 362: -3809.924
Iteration 370 / LogL: -3811.907 / Time: 0h:7m:33s (0h:0m:51s left)
BETTER TREE FOUND at iteration 375: -3809.922
Iteration 380 / LogL: -3815.017 / Time: 0h:7m:39s (0h:0m:53s left)
Estimate model parameters (epsilon = 0.100)
BETTER TREE FOUND at iteration 386: -3808.678
BETTER TREE FOUND at iteration 389: -3808.671
Iteration 390 / LogL: -3808.782 / Time: 0h:7m:44s (0h:0m:55s left)
Iteration 400 / LogL: -3815.649 / Time: 0h:7m:49s (0h:0m:49s left)
Log-likelihood cutoff on original alignment: -3878.754
NOTE: Bootstrap correlation coefficient of split occurrence frequencies: 0.952
NOTE: UFBoot does not converge, continue at least 100 more iterations
Iteration 410 / LogL: -3813.755 / Time: 0h:7m:55s (0h:0m:50s left)
BETTER TREE FOUND at iteration 419: -3808.668
Iteration 420 / LogL: -3815.265 / Time: 0h:8m:1s (0h:0m:55s left)
Iteration 430 / LogL: -3808.793 / Time: 0h:8m:6s (0h:0m:49s left)
Iteration 440 / LogL: -3808.678 / Time: 0h:8m:12s (0h:0m:44s left)
Iteration 450 / LogL: -3808.673 / Time: 0h:8m:17s (0h:0m:38s left)
Log-likelihood cutoff on original alignment: -3878.754
Iteration 460 / LogL: -3808.670 / Time: 0h:8m:24s (0h:0m:33s left)
Iteration 470 / LogL: -3813.387 / Time: 0h:8m:29s (0h:0m:27s left)
Iteration 480 / LogL: -3812.793 / Time: 0h:8m:35s (0h:0m:21s left)
Iteration 490 / LogL: -3808.797 / Time: 0h:8m:41s (0h:0m:16s left)
Iteration 500 / LogL: -3808.677 / Time: 0h:8m:47s (0h:0m:10s left)
Log-likelihood cutoff on original alignment: -3878.754
NOTE: Bootstrap correlation coefficient of split occurrence frequencies: 0.949
NOTE: UFBoot does not converge, continue at least 100 more iterations
Iteration 510 / LogL: -3810.177 / Time: 0h:8m:54s (0h:0m:50s left)
Iteration 520 / LogL: -3808.674 / Time: 0h:9m:0s (0h:0m:45s left)
Iteration 530 / LogL: -3808.672 / Time: 0h:9m:5s (0h:0m:39s left)
BETTER TREE FOUND at iteration 534: -3808.667
Iteration 540 / LogL: -3808.670 / Time: 0h:9m:11s (0h:0m:53s left)
Iteration 550 / LogL: -3808.775 / Time: 0h:9m:17s (0h:0m:47s left)
Log-likelihood cutoff on original alignment: -3878.754
Iteration 560 / LogL: -3808.671 / Time: 0h:9m:23s (0h:0m:41s left)
Iteration 570 / LogL: -3808.671 / Time: 0h:9m:29s (0h:0m:36s left)
Estimate model parameters (epsilon = 0.100)
BETTER TREE FOUND at iteration 573: -3807.907
Iteration 580 / LogL: -3807.908 / Time: 0h:9m:35s (0h:0m:52s left)
Iteration 590 / LogL: -3816.154 / Time: 0h:9m:41s (0h:0m:47s left)
Iteration 600 / LogL: -3807.928 / Time: 0h:9m:47s (0h:0m:41s left)
Log-likelihood cutoff on original alignment: -3878.754
NOTE: Bootstrap correlation coefficient of split occurrence frequencies: 0.940
NOTE: UFBoot does not converge, continue at least 100 more iterations
Iteration 610 / LogL: -3807.910 / Time: 0h:9m:53s (0h:0m:51s left)
Iteration 620 / LogL: -3807.913 / Time: 0h:9m:59s (0h:0m:45s left)
Iteration 630 / LogL: -3812.346 / Time: 0h:10m:5s (0h:0m:39s left)
Iteration 640 / LogL: -3807.911 / Time: 0h:10m:11s (0h:0m:34s left)
Iteration 650 / LogL: -3812.359 / Time: 0h:10m:17s (0h:0m:28s left)
Log-likelihood cutoff on original alignment: -3878.754
Iteration 660 / LogL: -3811.659 / Time: 0h:10m:22s (0h:0m:22s left)
Iteration 670 / LogL: -3807.929 / Time: 0h:10m:28s (0h:0m:17s left)
BETTER TREE FOUND at iteration 678: -3807.907
BETTER TREE FOUND at iteration 680: -3807.905
Iteration 680 / LogL: -3807.905 / Time: 0h:10m:35s (0h:0m:57s left)
Iteration 690 / LogL: -3843.271 / Time: 0h:10m:41s (0h:0m:51s left)
Iteration 700 / LogL: -3811.021 / Time: 0h:10m:47s (0h:0m:45s left)
Log-likelihood cutoff on original alignment: -3878.754
NOTE: Bootstrap correlation coefficient of split occurrence frequencies: 0.940
NOTE: UFBoot does not converge, continue at least 100 more iterations
Iteration 710 / LogL: -3807.926 / Time: 0h:10m:53s (0h:0m:51s left)
Iteration 720 / LogL: -3807.909 / Time: 0h:10m:59s (0h:0m:45s left)
Iteration 730 / LogL: -3810.724 / Time: 0h:11m:6s (0h:0m:40s left)
Iteration 740 / LogL: -3808.003 / Time: 0h:11m:12s (0h:0m:34s left)
Iteration 750 / LogL: -3807.913 / Time: 0h:11m:19s (0h:0m:28s left)
Log-likelihood cutoff on original alignment: -3878.754
Iteration 760 / LogL: -3817.796 / Time: 0h:11m:26s (0h:0m:23s left)
Iteration 770 / LogL: -3807.913 / Time: 0h:11m:33s (0h:0m:17s left)
Iteration 780 / LogL: -3807.914 / Time: 0h:11m:39s (0h:0m:11s left)
Iteration 790 / LogL: -3811.228 / Time: 0h:11m:44s (0h:0m:5s left)
Iteration 800 / LogL: -3814.164 / Time: 0h:11m:51s (0h:0m:0s left)
Log-likelihood cutoff on original alignment: -3878.754
NOTE: Bootstrap correlation coefficient of split occurrence frequencies: 0.946
NOTE: UFBoot does not converge, continue at least 100 more iterations
BETTER TREE FOUND at iteration 803: -3807.904
Iteration 810 / LogL: -3807.919 / Time: 0h:11m:58s (0h:0m:54s left)
Iteration 820 / LogL: -3807.914 / Time: 0h:12m:4s (0h:0m:48s left)
Iteration 830 / LogL: -3807.926 / Time: 0h:12m:10s (0h:0m:42s left)
Iteration 840 / LogL: -3809.156 / Time: 0h:12m:16s (0h:0m:36s left)
Iteration 850 / LogL: -3807.921 / Time: 0h:12m:22s (0h:0m:30s left)
Log-likelihood cutoff on original alignment: -3878.754
Iteration 860 / LogL: -3817.478 / Time: 0h:12m:30s (0h:0m:25s left)
BETTER TREE FOUND at iteration 862: -3807.904
Iteration 870 / LogL: -3807.907 / Time: 0h:12m:37s (0h:0m:54s left)
Iteration 880 / LogL: -3808.576 / Time: 0h:12m:44s (0h:0m:48s left)
BETTER TREE FOUND at iteration 884: -3807.902
Iteration 890 / LogL: -3807.906 / Time: 0h:12m:50s (0h:0m:55s left)
BETTER TREE FOUND at iteration 896: -3807.902
Iteration 900 / LogL: -3815.455 / Time: 0h:12m:57s (0h:0m:56s left)
Log-likelihood cutoff on original alignment: -3878.754
NOTE: Bootstrap correlation coefficient of split occurrence frequencies: 0.955
NOTE: UFBoot does not converge, continue at least 100 more iterations
Iteration 910 / LogL: -3807.907 / Time: 0h:13m:4s (0h:0m:53s left)
Iteration 920 / LogL: -3808.576 / Time: 0h:13m:10s (0h:0m:47s left)
Iteration 930 / LogL: -3807.903 / Time: 0h:13m:17s (0h:0m:41s left)
Iteration 940 / LogL: -3808.572 / Time: 0h:13m:24s (0h:0m:35s left)
Iteration 950 / LogL: -3807.909 / Time: 0h:13m:30s (0h:0m:29s left)
Log-likelihood cutoff on original alignment: -3878.754
Iteration 960 / LogL: -3807.910 / Time: 0h:13m:37s (0h:0m:23s left)
Iteration 970 / LogL: -3807.910 / Time: 0h:13m:45s (0h:0m:17s left)
Iteration 980 / LogL: -3808.578 / Time: 0h:13m:52s (0h:0m:11s left)
Iteration 990 / LogL: -3807.962 / Time: 0h:13m:59s (0h:0m:5s left)
Iteration 1000 / LogL: -3807.906 / Time: 0h:14m:6s (0h:0m:0s left)
Log-likelihood cutoff on original alignment: -3878.754
NOTE: Bootstrap correlation coefficient of split occurrence frequencies: 0.959
NOTE: UFBoot does not converge, continue at least 100 more iterations
Iteration 1010 / LogL: -3812.503 / Time: 0h:14m:13s (0h:0m:54s left)
BETTER TREE FOUND at iteration 1019: -3807.901
Iteration 1020 / LogL: -3807.904 / Time: 0h:14m:20s (0h:0m:59s left)
Iteration 1030 / LogL: -3811.985 / Time: 0h:14m:27s (0h:0m:53s left)
BETTER TREE FOUND at iteration 1033: -3807.901
Iteration 1040 / LogL: -3812.499 / Time: 0h:14m:35s (0h:0m:56s left)
Iteration 1050 / LogL: -3807.916 / Time: 0h:14m:41s (0h:0m:50s left)
Log-likelihood cutoff on original alignment: -3878.754
Iteration 1060 / LogL: -3811.958 / Time: 0h:14m:49s (0h:0m:44s left)
Iteration 1070 / LogL: -3807.907 / Time: 0h:14m:56s (0h:0m:38s left)
BETTER TREE FOUND at iteration 1078: -3807.901
Iteration 1080 / LogL: -3813.843 / Time: 0h:15m:3s (0h:0m:59s left)
Iteration 1090 / LogL: -3807.917 / Time: 0h:15m:11s (0h:0m:53s left)
Iteration 1100 / LogL: -3808.584 / Time: 0h:15m:18s (0h:0m:47s left)
Log-likelihood cutoff on original alignment: -3878.754
NOTE: Bootstrap correlation coefficient of split occurrence frequencies: 0.959
NOTE: UFBoot does not converge, continue at least 100 more iterations
Iteration 1110 / LogL: -3807.908 / Time: 0h:15m:26s (0h:0m:55s left)
Iteration 1120 / LogL: -3807.906 / Time: 0h:15m:33s (0h:0m:49s left)
Iteration 1130 / LogL: -3807.923 / Time: 0h:15m:40s (0h:0m:43s left)
Iteration 1140 / LogL: -3807.906 / Time: 0h:15m:48s (0h:0m:36s left)
Iteration 1150 / LogL: -3807.908 / Time: 0h:15m:54s (0h:0m:30s left)
Log-likelihood cutoff on original alignment: -3878.754
Iteration 1160 / LogL: -3813.004 / Time: 0h:16m:2s (0h:0m:24s left)
Iteration 1170 / LogL: -3807.903 / Time: 0h:16m:9s (0h:0m:18s left)
Iteration 1180 / LogL: -3807.906 / Time: 0h:16m:17s (0h:0m:12s left)
Iteration 1190 / LogL: -3807.911 / Time: 0h:16m:25s (0h:0m:6s left)
Iteration 1200 / LogL: -3807.903 / Time: 0h:16m:32s (0h:0m:0s left)
Log-likelihood cutoff on original alignment: -3878.754
NOTE: Bootstrap correlation coefficient of split occurrence frequencies: 0.978
NOTE: UFBoot does not converge, continue at least 100 more iterations
Iteration 1210 / LogL: -3807.908 / Time: 0h:16m:41s (0h:0m:56s left)
Iteration 1220 / LogL: -3807.904 / Time: 0h:16m:48s (0h:0m:49s left)
BETTER TREE FOUND at iteration 1227: -3807.900
Iteration 1230 / LogL: -3807.907 / Time: 0h:16m:56s (0h:1m:0s left)
Iteration 1240 / LogL: -3807.918 / Time: 0h:17m:4s (0h:0m:54s left)
Iteration 1250 / LogL: -3807.929 / Time: 0h:17m:12s (0h:0m:48s left)
Log-likelihood cutoff on original alignment: -3878.754
Iteration 1260 / LogL: -3807.923 / Time: 0h:17m:20s (0h:0m:42s left)
Iteration 1270 / LogL: -3807.901 / Time: 0h:17m:28s (0h:0m:36s left)
Iteration 1280 / LogL: -3807.934 / Time: 0h:17m:36s (0h:0m:29s left)
Iteration 1290 / LogL: -3807.900 / Time: 0h:17m:44s (0h:0m:23s left)
Iteration 1300 / LogL: -3809.358 / Time: 0h:17m:52s (0h:0m:17s left)
Log-likelihood cutoff on original alignment: -3878.754
NOTE: Bootstrap correlation coefficient of split occurrence frequencies: 0.984
NOTE: UFBoot does not converge, continue at least 100 more iterations
Iteration 1310 / LogL: -3807.906 / Time: 0h:18m:0s (0h:0m:57s left)
Iteration 1320 / LogL: -3809.359 / Time: 0h:18m:8s (0h:0m:51s left)
Iteration 1330 / LogL: -3809.151 / Time: 0h:18m:15s (0h:0m:44s left)
Iteration 1340 / LogL: -3807.901 / Time: 0h:18m:23s (0h:0m:38s left)
BETTER TREE FOUND at iteration 1349: -3807.899
Iteration 1350 / LogL: -3807.905 / Time: 0h:18m:31s (0h:1m:3s left)
Log-likelihood cutoff on original alignment: -3878.754
Iteration 1360 / LogL: -3807.911 / Time: 0h:18m:39s (0h:0m:57s left)
Iteration 1370 / LogL: -3807.899 / Time: 0h:18m:47s (0h:0m:50s left)
Iteration 1380 / LogL: -3815.885 / Time: 0h:18m:55s (0h:0m:44s left)
Iteration 1390 / LogL: -3807.903 / Time: 0h:19m:3s (0h:0m:38s left)
Iteration 1400 / LogL: -3807.902 / Time: 0h:19m:11s (0h:0m:31s left)
Log-likelihood cutoff on original alignment: -3878.754
NOTE: Bootstrap correlation coefficient of split occurrence frequencies: 0.985
NOTE: UFBoot does not converge, continue at least 100 more iterations
Iteration 1410 / LogL: -3820.947 / Time: 0h:19m:19s (0h:0m:58s left)
Iteration 1420 / LogL: -3807.905 / Time: 0h:19m:27s (0h:0m:51s left)
Iteration 1430 / LogL: -3807.902 / Time: 0h:19m:35s (0h:0m:45s left)
Iteration 1440 / LogL: -3807.911 / Time: 0h:19m:43s (0h:0m:39s left)
Iteration 1450 / LogL: -3819.147 / Time: 0h:19m:51s (0h:0m:32s left)
Log-likelihood cutoff on original alignment: -3878.754
BETTER TREE FOUND at iteration 1453: -3807.898
Iteration 1460 / LogL: -3809.562 / Time: 0h:20m:0s (0h:1m:0s left)
Iteration 1470 / LogL: -3807.907 / Time: 0h:20m:9s (0h:0m:54s left)
Iteration 1480 / LogL: -3807.928 / Time: 0h:20m:17s (0h:0m:47s left)
Iteration 1490 / LogL: -3813.865 / Time: 0h:20m:25s (0h:0m:41s left)
Iteration 1500 / LogL: -3807.912 / Time: 0h:20m:34s (0h:0m:34s left)
Log-likelihood cutoff on original alignment: -3878.754
NOTE: Bootstrap correlation coefficient of split occurrence frequencies: 0.984
NOTE: UFBoot does not converge, continue at least 100 more iterations
Iteration 1510 / LogL: -3807.905 / Time: 0h:20m:42s (0h:0m:59s left)
Iteration 1520 / LogL: -3816.185 / Time: 0h:20m:51s (0h:0m:52s left)
Iteration 1530 / LogL: -3807.899 / Time: 0h:20m:59s (0h:0m:46s left)
Iteration 1540 / LogL: -3807.911 / Time: 0h:21m:7s (0h:0m:39s left)
BETTER TREE FOUND at iteration 1543: -3807.897
Iteration 1550 / LogL: -3807.906 / Time: 0h:21m:15s (0h:1m:1s left)
Log-likelihood cutoff on original alignment: -3878.754
Iteration 1560 / LogL: -3807.936 / Time: 0h:21m:23s (0h:0m:55s left)
Iteration 1570 / LogL: -3807.903 / Time: 0h:21m:32s (0h:0m:48s left)
Iteration 1580 / LogL: -3808.571 / Time: 0h:21m:40s (0h:0m:42s left)
Iteration 1590 / LogL: -3807.960 / Time: 0h:21m:49s (0h:0m:35s left)
Iteration 1600 / LogL: -3807.899 / Time: 0h:21m:57s (0h:0m:28s left)
Log-likelihood cutoff on original alignment: -3878.754
NOTE: Bootstrap correlation coefficient of split occurrence frequencies: 0.990
NOTE: UFBoot does not converge, continue at least 100 more iterations
Iteration 1610 / LogL: -3809.461 / Time: 0h:22m:6s (0h:1m:0s left)
Iteration 1620 / LogL: -3807.905 / Time: 0h:22m:14s (0h:0m:53s left)
Iteration 1630 / LogL: -3807.902 / Time: 0h:22m:22s (0h:0m:47s left)
Iteration 1640 / LogL: -3807.902 / Time: 0h:22m:30s (0h:0m:40s left)
Iteration 1650 / LogL: -3807.900 / Time: 0h:22m:39s (0h:0m:33s left)
Log-likelihood cutoff on original alignment: -3878.754
Iteration 1660 / LogL: -3808.260 / Time: 0h:22m:47s (0h:0m:27s left)
Iteration 1670 / LogL: -3810.689 / Time: 0h:22m:56s (0h:0m:20s left)
Iteration 1680 / LogL: -3807.908 / Time: 0h:23m:4s (0h:0m:13s left)
Iteration 1690 / LogL: -3807.903 / Time: 0h:23m:12s (0h:0m:6s left)
Iteration 1700 / LogL: -3807.902 / Time: 0h:23m:20s (0h:0m:0s left)
Log-likelihood cutoff on original alignment: -3878.754
NOTE: Bootstrap correlation coefficient of split occurrence frequencies: 0.989
NOTE: UFBoot does not converge, continue at least 100 more iterations
Iteration 1710 / LogL: -3807.899 / Time: 0h:23m:29s (0h:1m:1s left)
Iteration 1720 / LogL: -3807.952 / Time: 0h:23m:38s (0h:0m:54s left)
Iteration 1730 / LogL: -3817.329 / Time: 0h:23m:47s (0h:0m:47s left)
Iteration 1740 / LogL: -3811.590 / Time: 0h:23m:55s (0h:0m:41s left)
Iteration 1750 / LogL: -3809.147 / Time: 0h:24m:4s (0h:0m:34s left)
Log-likelihood cutoff on original alignment: -3878.754
Iteration 1760 / LogL: -3808.574 / Time: 0h:24m:14s (0h:0m:27s left)
Iteration 1770 / LogL: -3809.142 / Time: 0h:24m:22s (0h:0m:20s left)
Iteration 1780 / LogL: -3811.544 / Time: 0h:24m:31s (0h:0m:13s left)
Iteration 1790 / LogL: -3807.907 / Time: 0h:24m:40s (0h:0m:6s left)
Iteration 1800 / LogL: -3807.918 / Time: 0h:24m:49s (0h:0m:0s left)
Log-likelihood cutoff on original alignment: -3878.754
NOTE: Bootstrap correlation coefficient of split occurrence frequencies: 0.989
NOTE: UFBoot does not converge, continue at least 100 more iterations
BETTER TREE FOUND at iteration 1806: -3807.897
Iteration 1810 / LogL: -3808.566 / Time: 0h:24m:58s (0h:1m:6s left)
Iteration 1820 / LogL: -3807.898 / Time: 0h:25m:7s (0h:0m:59s left)
Iteration 1830 / LogL: -3807.900 / Time: 0h:25m:16s (0h:0m:52s left)
Iteration 1840 / LogL: -3811.148 / Time: 0h:25m:24s (0h:0m:45s left)
Iteration 1850 / LogL: -3818.255 / Time: 0h:25m:33s (0h:0m:38s left)
Log-likelihood cutoff on original alignment: -3878.754
Iteration 1860 / LogL: -3819.163 / Time: 0h:25m:42s (0h:0m:32s left)
Iteration 1870 / LogL: -3807.922 / Time: 0h:25m:50s (0h:0m:25s left)
Iteration 1880 / LogL: -3807.900 / Time: 0h:25m:59s (0h:0m:18s left)
Iteration 1890 / LogL: -3808.108 / Time: 0h:26m:8s (0h:0m:11s left)
Iteration 1900 / LogL: -3808.567 / Time: 0h:26m:17s (0h:0m:4s left)
Log-likelihood cutoff on original alignment: -3878.754
NOTE: Bootstrap correlation coefficient of split occurrence frequencies: 0.990
NOTE: UFBoot does not converge, continue at least 100 more iterations
Iteration 1910 / LogL: -3816.768 / Time: 0h:26m:27s (0h:1m:3s left)
Iteration 1920 / LogL: -3807.897 / Time: 0h:26m:36s (0h:0m:56s left)
BETTER TREE FOUND at iteration 1929: -3807.896
Iteration 1930 / LogL: -3807.899 / Time: 0h:26m:45s (0h:1m:9s left)
Iteration 1940 / LogL: -3807.915 / Time: 0h:26m:55s (0h:1m:2s left)
Iteration 1950 / LogL: -3809.157 / Time: 0h:27m:4s (0h:0m:55s left)
Log-likelihood cutoff on original alignment: -3878.754
Iteration 1960 / LogL: -3807.902 / Time: 0h:27m:13s (0h:0m:48s left)
Iteration 1970 / LogL: -3807.901 / Time: 0h:27m:23s (0h:0m:41s left)
Iteration 1980 / LogL: -3807.911 / Time: 0h:27m:33s (0h:0m:34s left)
Iteration 1990 / LogL: -3807.920 / Time: 0h:27m:42s (0h:0m:27s left)
Iteration 2000 / LogL: -3807.901 / Time: 0h:27m:51s (0h:0m:20s left)
Log-likelihood cutoff on original alignment: -3878.754
NOTE: Bootstrap correlation coefficient of split occurrence frequencies: 0.989
NOTE: UFBoot does not converge, continue at least 100 more iterations
BETTER TREE FOUND at iteration 2003: -3807.896
Iteration 2010 / LogL: -3818.318 / Time: 0h:28m:1s (0h:1m:6s left)
Iteration 2020 / LogL: -3807.903 / Time: 0h:28m:11s (0h:0m:59s left)
Iteration 2030 / LogL: -3807.901 / Time: 0h:28m:20s (0h:0m:52s left)
Iteration 2040 / LogL: -3807.903 / Time: 0h:28m:29s (0h:0m:45s left)
Iteration 2050 / LogL: -3807.925 / Time: 0h:28m:39s (0h:0m:38s left)
Log-likelihood cutoff on original alignment: -3878.754
Iteration 2060 / LogL: -3808.247 / Time: 0h:28m:48s (0h:0m:30s left)
Iteration 2070 / LogL: -3807.902 / Time: 0h:28m:57s (0h:0m:23s left)
Iteration 2080 / LogL: -3807.922 / Time: 0h:29m:7s (0h:0m:16s left)
Iteration 2090 / LogL: -3807.908 / Time: 0h:29m:17s (0h:0m:9s left)
Iteration 2100 / LogL: -3807.910 / Time: 0h:29m:26s (0h:0m:2s left)
Log-likelihood cutoff on original alignment: -3878.754
NOTE: Bootstrap correlation coefficient of split occurrence frequencies: 0.988
NOTE: UFBoot does not converge, continue at least 100 more iterations
Iteration 2110 / LogL: -3814.484 / Time: 0h:29m:37s (0h:1m:5s left)
Iteration 2120 / LogL: -3807.909 / Time: 0h:29m:47s (0h:0m:58s left)
Iteration 2130 / LogL: -3807.902 / Time: 0h:29m:56s (0h:0m:50s left)
Iteration 2140 / LogL: -3807.898 / Time: 0h:30m:5s (0h:0m:43s left)
Iteration 2150 / LogL: -3807.902 / Time: 0h:30m:15s (0h:0m:36s left)
Log-likelihood cutoff on original alignment: -3878.754
Iteration 2160 / LogL: -3807.935 / Time: 0h:30m:24s (0h:0m:29s left)
Iteration 2170 / LogL: -3807.899 / Time: 0h:30m:34s (0h:0m:21s left)
Iteration 2180 / LogL: -3814.096 / Time: 0h:30m:44s (0h:0m:14s left)
Iteration 2190 / LogL: -3807.900 / Time: 0h:30m:54s (0h:0m:7s left)
Iteration 2200 / LogL: -3818.888 / Time: 0h:31m:4s (0h:0m:0s left)
Log-likelihood cutoff on original alignment: -3878.754
NOTE: Bootstrap correlation coefficient of split occurrence frequencies: 0.988
NOTE: UFBoot does not converge, continue at least 100 more iterations
Iteration 2210 / LogL: -3809.157 / Time: 0h:31m:15s (0h:1m:6s left)
Iteration 2220 / LogL: -3807.900 / Time: 0h:31m:24s (0h:0m:59s left)
Iteration 2230 / LogL: -3807.929 / Time: 0h:31m:34s (0h:0m:51s left)
Iteration 2240 / LogL: -3807.899 / Time: 0h:31m:44s (0h:0m:44s left)
Iteration 2250 / LogL: -3807.902 / Time: 0h:31m:53s (0h:0m:37s left)
Log-likelihood cutoff on original alignment: -3878.754
Iteration 2260 / LogL: -3810.326 / Time: 0h:32m:4s (0h:0m:29s left)
Iteration 2270 / LogL: -3807.916 / Time: 0h:32m:13s (0h:0m:22s left)
Iteration 2280 / LogL: -3807.913 / Time: 0h:32m:23s (0h:0m:14s left)
Iteration 2290 / LogL: -3810.746 / Time: 0h:32m:33s (0h:0m:7s left)
Iteration 2300 / LogL: -3807.912 / Time: 0h:32m:44s (0h:0m:0s left)
Log-likelihood cutoff on original alignment: -3878.754
NOTE: Bootstrap correlation coefficient of split occurrence frequencies: 0.986
NOTE: UFBoot does not converge, continue at least 100 more iterations
Iteration 2310 / LogL: -3809.360 / Time: 0h:32m:54s (0h:1m:7s left)
Iteration 2320 / LogL: -3807.900 / Time: 0h:33m:5s (0h:0m:59s left)
Iteration 2330 / LogL: -3815.799 / Time: 0h:33m:15s (0h:0m:52s left)
Iteration 2340 / LogL: -3812.885 / Time: 0h:33m:26s (0h:0m:45s left)
Iteration 2350 / LogL: -3808.710 / Time: 0h:33m:36s (0h:0m:37s left)
Log-likelihood cutoff on original alignment: -3878.754
Iteration 2360 / LogL: -3809.389 / Time: 0h:33m:47s (0h:0m:30s left)
Iteration 2370 / LogL: -3812.498 / Time: 0h:33m:57s (0h:0m:22s left)
Iteration 2380 / LogL: -3807.899 / Time: 0h:34m:7s (0h:0m:15s left)
Iteration 2390 / LogL: -3809.143 / Time: 0h:34m:17s (0h:0m:7s left)
Iteration 2400 / LogL: -3807.901 / Time: 0h:34m:27s (0h:0m:0s left)
Log-likelihood cutoff on original alignment: -3878.754
NOTE: Bootstrap correlation coefficient of split occurrence frequencies: 0.986
NOTE: UFBoot does not converge, continue at least 100 more iterations
Iteration 2410 / LogL: -3807.902 / Time: 0h:34m:38s (0h:1m:8s left)
Iteration 2420 / LogL: -3807.899 / Time: 0h:34m:49s (0h:1m:0s left)
Iteration 2430 / LogL: -3807.904 / Time: 0h:34m:59s (0h:0m:53s left)
Iteration 2440 / LogL: -3807.925 / Time: 0h:35m:9s (0h:0m:45s left)
Iteration 2450 / LogL: -3807.903 / Time: 0h:35m:19s (0h:0m:38s left)
Log-likelihood cutoff on original alignment: -3878.754
Iteration 2460 / LogL: -3807.899 / Time: 0h:35m:31s (0h:0m:30s left)
Iteration 2470 / LogL: -3807.898 / Time: 0h:35m:41s (0h:0m:23s left)
Iteration 2480 / LogL: -3813.443 / Time: 0h:35m:51s (0h:0m:15s left)
Iteration 2490 / LogL: -3810.267 / Time: 0h:36m:2s (0h:0m:7s left)
Iteration 2500 / LogL: -3814.836 / Time: 0h:36m:12s (0h:0m:0s left)
Log-likelihood cutoff on original alignment: -3878.754
NOTE: Bootstrap correlation coefficient of split occurrence frequencies: 0.988
NOTE: UFBoot does not converge, continue at least 100 more iterations
Iteration 2510 / LogL: -3807.898 / Time: 0h:36m:23s (0h:1m:9s left)
BETTER TREE FOUND at iteration 2515: -3807.896
Iteration 2520 / LogL: -3809.937 / Time: 0h:36m:34s (0h:1m:13s left)
Iteration 2530 / LogL: -3807.899 / Time: 0h:36m:45s (0h:1m:5s left)
Iteration 2540 / LogL: -3807.901 / Time: 0h:36m:56s (0h:0m:58s left)
Iteration 2550 / LogL: -3807.922 / Time: 0h:37m:6s (0h:0m:50s left)
Log-likelihood cutoff on original alignment: -3878.754
Iteration 2560 / LogL: -3807.897 / Time: 0h:37m:17s (0h:0m:42s left)
Iteration 2570 / LogL: -3807.912 / Time: 0h:37m:28s (0h:0m:35s left)
Iteration 2580 / LogL: -3808.965 / Time: 0h:37m:38s (0h:0m:27s left)
Iteration 2590 / LogL: -3810.024 / Time: 0h:37m:49s (0h:0m:19s left)
Iteration 2600 / LogL: -3809.154 / Time: 0h:37m:59s (0h:0m:11s left)
Log-likelihood cutoff on original alignment: -3878.754
NOTE: Bootstrap correlation coefficient of split occurrence frequencies: 0.987
NOTE: UFBoot does not converge, continue at least 100 more iterations
Iteration 2610 / LogL: -3807.901 / Time: 0h:38m:11s (0h:1m:10s left)
Iteration 2620 / LogL: -3807.923 / Time: 0h:38m:21s (0h:1m:2s left)
Iteration 2630 / LogL: -3807.904 / Time: 0h:38m:32s (0h:0m:54s left)
Iteration 2640 / LogL: -3807.921 / Time: 0h:38m:43s (0h:0m:47s left)
Iteration 2650 / LogL: -3807.915 / Time: 0h:38m:54s (0h:0m:39s left)
Log-likelihood cutoff on original alignment: -3878.754
Iteration 2660 / LogL: -3807.901 / Time: 0h:39m:5s (0h:0m:31s left)
Iteration 2670 / LogL: -3815.944 / Time: 0h:39m:17s (0h:0m:23s left)
Iteration 2680 / LogL: -3807.902 / Time: 0h:39m:28s (0h:0m:15s left)
Iteration 2690 / LogL: -3807.904 / Time: 0h:39m:39s (0h:0m:7s left)
Iteration 2700 / LogL: -3811.193 / Time: 0h:39m:51s (0h:0m:0s left)
Log-likelihood cutoff on original alignment: -3878.754
NOTE: Bootstrap correlation coefficient of split occurrence frequencies: 0.987
NOTE: UFBoot does not converge, continue at least 100 more iterations
Iteration 2710 / LogL: -3807.904 / Time: 0h:40m:3s (0h:1m:11s left)
Iteration 2720 / LogL: -3808.568 / Time: 0h:40m:14s (0h:1m:3s left)
Iteration 2730 / LogL: -3807.903 / Time: 0h:40m:25s (0h:0m:55s left)
Iteration 2740 / LogL: -3813.335 / Time: 0h:40m:36s (0h:0m:47s left)
Iteration 2750 / LogL: -3807.911 / Time: 0h:40m:47s (0h:0m:40s left)
Log-likelihood cutoff on original alignment: -3878.754
Iteration 2760 / LogL: -3807.898 / Time: 0h:41m:0s (0h:0m:32s left)
Iteration 2770 / LogL: -3816.848 / Time: 0h:41m:11s (0h:0m:24s left)
Iteration 2780 / LogL: -3807.927 / Time: 0h:41m:22s (0h:0m:16s left)
Iteration 2790 / LogL: -3810.019 / Time: 0h:41m:33s (0h:0m:8s left)
Iteration 2800 / LogL: -3808.574 / Time: 0h:41m:44s (0h:0m:0s left)
Log-likelihood cutoff on original alignment: -3878.754
NOTE: Bootstrap correlation coefficient of split occurrence frequencies: 0.986
NOTE: UFBoot does not converge, continue at least 100 more iterations
Iteration 2810 / LogL: -3808.570 / Time: 0h:41m:57s (0h:1m:12s left)
Iteration 2820 / LogL: -3807.897 / Time: 0h:42m:8s (0h:1m:4s left)
Iteration 2830 / LogL: -3807.897 / Time: 0h:42m:19s (0h:0m:56s left)
Iteration 2840 / LogL: -3809.573 / Time: 0h:42m:31s (0h:0m:48s left)
Iteration 2850 / LogL: -3807.904 / Time: 0h:42m:42s (0h:0m:40s left)
Log-likelihood cutoff on original alignment: -3878.754
Iteration 2860 / LogL: -3807.907 / Time: 0h:42m:55s (0h:0m:32s left)
Iteration 2870 / LogL: -3807.928 / Time: 0h:43m:6s (0h:0m:24s left)
Iteration 2880 / LogL: -3807.903 / Time: 0h:43m:18s (0h:0m:16s left)
Iteration 2890 / LogL: -3807.901 / Time: 0h:43m:30s (0h:0m:8s left)
Iteration 2900 / LogL: -3807.946 / Time: 0h:43m:41s (0h:0m:0s left)
Log-likelihood cutoff on original alignment: -3878.754
NOTE: Bootstrap correlation coefficient of split occurrence frequencies: 0.988
NOTE: UFBoot does not converge, continue at least 100 more iterations
Iteration 2910 / LogL: -3807.900 / Time: 0h:43m:54s (0h:1m:13s left)
Iteration 2920 / LogL: -3813.868 / Time: 0h:44m:5s (0h:1m:5s left)
Iteration 2930 / LogL: -3807.896 / Time: 0h:44m:17s (0h:0m:57s left)
Iteration 2940 / LogL: -3807.910 / Time: 0h:44m:29s (0h:0m:49s left)
Iteration 2950 / LogL: -3807.905 / Time: 0h:44m:41s (0h:0m:41s left)
Log-likelihood cutoff on original alignment: -3878.754
Iteration 2960 / LogL: -3810.666 / Time: 0h:44m:54s (0h:0m:33s left)
Iteration 2970 / LogL: -3811.985 / Time: 0h:45m:6s (0h:0m:24s left)
Iteration 2980 / LogL: -3815.193 / Time: 0h:45m:18s (0h:0m:16s left)
Iteration 2990 / LogL: -3810.160 / Time: 0h:45m:30s (0h:0m:8s left)
Iteration 3000 / LogL: -3807.899 / Time: 0h:45m:42s (0h:0m:0s left)
Log-likelihood cutoff on original alignment: -3878.754
NOTE: Bootstrap correlation coefficient of split occurrence frequencies: 0.988
NOTE: UFBoot does not converge, continue at least 100 more iterations
Iteration 3010 / LogL: -3811.577 / Time: 0h:45m:55s (0h:1m:15s left)
Iteration 3020 / LogL: -3812.340 / Time: 0h:46m:7s (0h:1m:6s left)
Iteration 3030 / LogL: -3807.898 / Time: 0h:46m:20s (0h:0m:58s left)
Iteration 3040 / LogL: -3807.904 / Time: 0h:46m:32s (0h:0m:50s left)
Iteration 3050 / LogL: -3807.898 / Time: 0h:46m:43s (0h:0m:41s left)
Log-likelihood cutoff on original alignment: -3878.754
Iteration 3060 / LogL: -3807.901 / Time: 0h:46m:56s (0h:0m:33s left)
Iteration 3070 / LogL: -3807.902 / Time: 0h:47m:8s (0h:0m:25s left)
Iteration 3080 / LogL: -3807.898 / Time: 0h:47m:21s (0h:0m:16s left)
BETTER TREE FOUND at iteration 3089: -3807.896
Iteration 3090 / LogL: -3807.899 / Time: 0h:47m:33s (0h:1m:23s left)
Iteration 3100 / LogL: -3807.902 / Time: 0h:47m:45s (0h:1m:15s left)
Log-likelihood cutoff on original alignment: -3878.754
NOTE: Bootstrap correlation coefficient of split occurrence frequencies: 0.988
NOTE: UFBoot does not converge, continue at least 100 more iterations
Iteration 3110 / LogL: -3822.165 / Time: 0h:47m:58s (0h:1m:16s left)
Iteration 3120 / LogL: -3807.908 / Time: 0h:48m:10s (0h:1m:7s left)
Iteration 3130 / LogL: -3812.899 / Time: 0h:48m:23s (0h:0m:59s left)
Iteration 3140 / LogL: -3807.919 / Time: 0h:48m:36s (0h:0m:51s left)
Iteration 3150 / LogL: -3809.556 / Time: 0h:48m:49s (0h:0m:42s left)
Log-likelihood cutoff on original alignment: -3878.754
Iteration 3160 / LogL: -3807.935 / Time: 0h:49m:3s (0h:0m:34s left)
Iteration 3170 / LogL: -3814.217 / Time: 0h:49m:16s (0h:0m:25s left)
Iteration 3180 / LogL: -3807.898 / Time: 0h:49m:29s (0h:0m:17s left)
Iteration 3190 / LogL: -3816.025 / Time: 0h:49m:41s (0h:0m:8s left)
Iteration 3200 / LogL: -3808.011 / Time: 0h:49m:53s (0h:0m:0s left)
Log-likelihood cutoff on original alignment: -3878.754
NOTE: Bootstrap correlation coefficient of split occurrence frequencies: 0.988
NOTE: UFBoot does not converge, continue at least 100 more iterations
Iteration 3210 / LogL: -3809.186 / Time: 0h:50m:5s (0h:1m:17s left)
Iteration 3220 / LogL: -3807.899 / Time: 0h:50m:18s (0h:1m:8s left)
Iteration 3230 / LogL: -3812.501 / Time: 0h:50m:31s (0h:1m:0s left)
Iteration 3240 / LogL: -3807.905 / Time: 0h:50m:44s (0h:0m:51s left)
Iteration 3250 / LogL: -3807.918 / Time: 0h:50m:56s (0h:0m:43s left)
Log-likelihood cutoff on original alignment: -3878.754
Iteration 3260 / LogL: -3811.562 / Time: 0h:51m:9s (0h:0m:34s left)
Iteration 3270 / LogL: -3807.898 / Time: 0h:51m:22s (0h:0m:26s left)
Iteration 3280 / LogL: -3807.897 / Time: 0h:51m:34s (0h:0m:17s left)
Iteration 3290 / LogL: -3807.930 / Time: 0h:51m:46s (0h:0m:8s left)
Iteration 3300 / LogL: -3812.507 / Time: 0h:52m:0s (0h:0m:0s left)
Log-likelihood cutoff on original alignment: -3878.754
NOTE: Bootstrap correlation coefficient of split occurrence frequencies: 0.988
NOTE: UFBoot does not converge, continue at least 100 more iterations
Iteration 3310 / LogL: -3807.915 / Time: 0h:52m:13s (0h:1m:18s left)
Iteration 3320 / LogL: -3807.899 / Time: 0h:52m:26s (0h:1m:9s left)
Iteration 3330 / LogL: -3807.896 / Time: 0h:52m:38s (0h:1m:1s left)
Iteration 3340 / LogL: -3811.667 / Time: 0h:52m:52s (0h:0m:52s left)
Iteration 3350 / LogL: -3807.904 / Time: 0h:53m:5s (0h:0m:43s left)
Log-likelihood cutoff on original alignment: -3878.754
Iteration 3360 / LogL: -3807.896 / Time: 0h:53m:19s (0h:0m:35s left)
Iteration 3370 / LogL: -3807.905 / Time: 0h:53m:32s (0h:0m:26s left)
Iteration 3380 / LogL: -3812.341 / Time: 0h:53m:45s (0h:0m:17s left)
Iteration 3390 / LogL: -3807.902 / Time: 0h:53m:58s (0h:0m:8s left)
Iteration 3400 / LogL: -3807.899 / Time: 0h:54m:11s (0h:0m:0s left)
Log-likelihood cutoff on original alignment: -3878.754
NOTE: Bootstrap correlation coefficient of split occurrence frequencies: 0.991
TREE SEARCH COMPLETED AFTER 3400 ITERATIONS / Time: 0h:54m:12s

--------------------------------------------------------------------
|                    FINALIZING TREE SEARCH                        |
--------------------------------------------------------------------
Performs final model parameters optimization
Estimate model parameters (epsilon = 0.010)
1. Initial log-likelihood: -3807.896
Optimal log-likelihood: -3807.887
Rate parameters:  A-C: 0.29418  A-G: 4.75768  A-T: 1.00000  C-G: 0.29418  C-T: 4.75768  G-T: 1.00000
Base frequencies:  A: 0.229  C: 0.258  G: 0.257  T: 0.256
Proportion of invariable sites: 0.904
Gamma shape alpha: 0.518
Parameters optimization took 1 rounds (0.029 sec)
BEST SCORE FOUND : -3807.887

Testing tree branches by SH-like aLRT with 1000 replicates...
1.607 sec.
Creating bootstrap support values...
Split supports printed to NEXUS file /mnt/dv/wid/projects6/SolisLemus-Intbio-raw/processed-data/symbiosis_sorted_v2_consensus_sequences_50percent/gene_trees/noeB/04_tree_iupac_nm5000/noeB_consensus50_iupac_all_pass_nm5000.splits.nex
Total tree length: 0.207

Total number of iterations: 3400
CPU time used for tree search: 4493.618 sec (1h:14m:53s)
Wall-clock time used for tree search: 2988.506 sec (0h:49m:48s)
Total CPU time used: 5053.312 sec (1h:24m:13s)
Total wall-clock time used: 3255.492 sec (0h:54m:15s)

Computing bootstrap consensus tree...
Reading input file /mnt/dv/wid/projects6/SolisLemus-Intbio-raw/processed-data/symbiosis_sorted_v2_consensus_sequences_50percent/gene_trees/noeB/04_tree_iupac_nm5000/noeB_consensus50_iupac_all_pass_nm5000.splits.nex...
134 taxa and 6278 splits.
Consensus tree written to /mnt/dv/wid/projects6/SolisLemus-Intbio-raw/processed-data/symbiosis_sorted_v2_consensus_sequences_50percent/gene_trees/noeB/04_tree_iupac_nm5000/noeB_consensus50_iupac_all_pass_nm5000.contree
Reading input trees file /mnt/dv/wid/projects6/SolisLemus-Intbio-raw/processed-data/symbiosis_sorted_v2_consensus_sequences_50percent/gene_trees/noeB/04_tree_iupac_nm5000/noeB_consensus50_iupac_all_pass_nm5000.contree
Log-likelihood of consensus tree: -3808.051

Analysis results written to: 
  IQ-TREE report:                /mnt/dv/wid/projects6/SolisLemus-Intbio-raw/processed-data/symbiosis_sorted_v2_consensus_sequences_50percent/gene_trees/noeB/04_tree_iupac_nm5000/noeB_consensus50_iupac_all_pass_nm5000.iqtree
  Maximum-likelihood tree:       /mnt/dv/wid/projects6/SolisLemus-Intbio-raw/processed-data/symbiosis_sorted_v2_consensus_sequences_50percent/gene_trees/noeB/04_tree_iupac_nm5000/noeB_consensus50_iupac_all_pass_nm5000.treefile
  Likelihood distances:          /mnt/dv/wid/projects6/SolisLemus-Intbio-raw/processed-data/symbiosis_sorted_v2_consensus_sequences_50percent/gene_trees/noeB/04_tree_iupac_nm5000/noeB_consensus50_iupac_all_pass_nm5000.mldist

Ultrafast bootstrap approximation results written to:
  Split support values:          /mnt/dv/wid/projects6/SolisLemus-Intbio-raw/processed-data/symbiosis_sorted_v2_consensus_sequences_50percent/gene_trees/noeB/04_tree_iupac_nm5000/noeB_consensus50_iupac_all_pass_nm5000.splits.nex
  Consensus tree:                /mnt/dv/wid/projects6/SolisLemus-Intbio-raw/processed-data/symbiosis_sorted_v2_consensus_sequences_50percent/gene_trees/noeB/04_tree_iupac_nm5000/noeB_consensus50_iupac_all_pass_nm5000.contree
  Screen log file:               /mnt/dv/wid/projects6/SolisLemus-Intbio-raw/processed-data/symbiosis_sorted_v2_consensus_sequences_50percent/gene_trees/noeB/04_tree_iupac_nm5000/noeB_consensus50_iupac_all_pass_nm5000.log

Date and Time: Wed Aug  5 09:36:51 2026
