IQ-TREE version 3.1.1 for Linux x86 64-bit built Apr  8 2026
Developed by Bui Quang Minh, Thomas Wong, Nhan Ly-Trong, Huaiyan Ren
Contributed by Lam-Tung Nguyen, Dominik Schrempf, Chris Bielow,
Olga Chernomor, Michael Woodhams, Diep Thi Hoang, Heiko Schmidt

Host:    solislemus-001.discovery.wisc.edu (AVX512, FMA3, 1007 GB RAM)
Command: iqtree -s /mnt/dv/wid/projects6/SolisLemus-Intbio-raw/processed-data/symbiosis_sorted_v2_consensus_sequences_50percent/gene_trees/nolG/02_alignment/nolG_consensus50_iupac_all_pass.mafft.fasta -st DNA -m MFP -B 1000 -alrt 1000 -nm 5000 -T AUTO --prefix /mnt/dv/wid/projects6/SolisLemus-Intbio-raw/processed-data/symbiosis_sorted_v2_consensus_sequences_50percent/gene_trees/nolG/04_tree_iupac_nm5000/nolG_consensus50_iupac_all_pass_nm5000
Seed:    175754 (Using SPRNG - Scalable Parallel Random Number Generator)
Time:    Wed Aug  5 01:55:33 2026
Kernel:  AVX+FMA - auto-detect threads (72 CPU cores detected)

Reading alignment file /mnt/dv/wid/projects6/SolisLemus-Intbio-raw/processed-data/symbiosis_sorted_v2_consensus_sequences_50percent/gene_trees/nolG/02_alignment/nolG_consensus50_iupac_all_pass.mafft.fasta ... Fasta format detected
Reading fasta file: done in 0.0393034 secs using 16.26% CPU
Alignment most likely contains DNA/RNA sequences
Constructing alignment: done in 0.0129872 secs using 2258% CPU
Alignment has 229 sequences with 3198 columns, 922 distinct patterns
74 parsimony-informative, 61 singleton sites, 3063 constant sites
                                                                 Gap/Ambiguity  Composition  p-value
Analyzing sequences: done in 0.000133114 secs using 373.4% CPU
   1  BLAN-1-1-No|nolG|consensus50|pass_single_dominant                  0.63%    passed     99.68%
   2  BLAN-1-1-Rh|nolG|consensus50|pass_single_dominant                  0.25%    passed     99.78%
   3  BLAN-1-1-Ro|nolG|consensus50|pass_single_dominant                  0.41%    passed     99.98%
   4  BLAN-2-1-No|nolG|consensus50|pass_mixed_possible_multitemplate     0.69%    passed     99.94%
   5  BLAN-2-1-Rh|nolG|consensus50|pass_single_dominant                  0.91%    passed     99.81%
   6  BLAN-2-1-Ro|nolG|consensus50|pass_single_dominant                  0.03%    passed     99.88%
   7  BLAN-3-1-No|nolG|consensus50|pass_single_dominant                  0.34%    passed     99.94%
   8  BLAN-3-1-Rh|nolG|consensus50|pass_single_dominant                  0.63%    passed     99.07%
   9  BLAN-3-1-Ro|nolG|consensus50|pass_single_dominant                  0.34%    passed     99.83%
  10  BLAN-4-1-No|nolG|consensus50|pass_single_dominant                  0.13%    passed     99.70%
  11  BLAN-4-1-Ro|nolG|consensus50|pass_single_dominant                  0.13%    passed     99.93%
  12  CLBJ-12-2-No|nolG|consensus50|pass_single_dominant                 0.94%    passed    100.00%
  13  CLBJ-26-1-Rh|nolG|consensus50|pass_single_dominant                 0.41%    passed     99.79%
  14  CLBJ-40-1-Ro|nolG|consensus50|pass_single_dominant                 0.88%    passed     99.99%
  15  CLBJ-5-2-No|nolG|consensus50|pass_single_dominant                  0.00%    passed     99.76%
  16  CLBJ-7-1-Rh|nolG|consensus50|pass_single_dominant                  0.06%    passed     99.90%
  17  CPER-1-Rh|nolG|consensus50|pass_single_dominant                    4.10%    passed     98.82%
  18  CPER-2-No|nolG|consensus50|pass_mixed_possible_multitemplate       0.72%    passed     99.97%
  19  CPER-2-Rh|nolG|consensus50|pass_single_dominant                    0.47%    passed     99.98%
  20  CPER-2-Ro|nolG|consensus50|pass_mixed_possible_multitemplate       0.66%    passed     99.95%
  21  CPER-3-1-No|nolG|consensus50|pass_single_dominant                  0.22%    passed     99.86%
  22  CPER-3-1-Rh|nolG|consensus50|pass_mixed_possible_multitemplate     0.59%    passed     99.99%
  23  CPER-3-1-Ro|nolG|consensus50|pass_single_dominant                  0.00%    passed     99.94%
  24  CPER-4-No|nolG|consensus50|pass_mixed_possible_multitemplate       0.34%    passed     99.83%
  25  CPER-4-Rh|nolG|consensus50|pass_mixed_possible_multitemplate       0.50%    passed     99.97%
  26  CPER-4-Ro|nolG|consensus50|pass_mixed_possible_multitemplate       0.38%    passed    100.00%
  27  CPER-5-1-No|nolG|consensus50|pass_mixed_possible_multitemplate     0.75%    passed     99.96%
  28  CPER-5-1-Rh|nolG|consensus50|pass_mixed_possible_multitemplate     0.66%    passed     99.99%
  29  CPER-5-1-Ro|nolG|consensus50|pass_single_dominant                  0.16%    passed     99.80%
  30  DCFS-2-2-No|nolG|consensus50|pass_single_dominant                  0.00%    passed     99.80%
  31  DCFS-2-2-Rh|nolG|consensus50|pass_single_dominant                  3.44%    passed     97.40%
  32  DCFS-2-2-Ro|nolG|consensus50|pass_single_dominant                  7.63%    passed     95.81%
  33  DCFS-3-2-No|nolG|consensus50|pass_single_dominant                  0.06%    passed     99.50%
  34  DCFS-3-2-Rh|nolG|consensus50|pass_single_dominant                  1.38%    passed     99.85%
  35  DCFS-3-2-Ro|nolG|consensus50|pass_mixed_possible_multitemplate     0.47%    passed     99.74%
  36  DCFS-4-No|nolG|consensus50|pass_single_dominant                    0.38%    passed     99.99%
  37  DCFS-4-Rh|nolG|consensus50|pass_single_dominant                    0.34%    passed     99.61%
  38  DCFS-4-Ro|nolG|consensus50|pass_single_dominant                    0.28%    passed     99.96%
  39  DCFS-5-1-No|nolG|consensus50|pass_mixed_possible_multitemplate     0.66%    passed     99.92%
  40  DCFS-5-1-Rh|nolG|consensus50|pass_single_dominant                  0.03%    passed     99.95%
  41  DCFS-5-1-Ro|nolG|consensus50|pass_mixed_possible_multitemplate     0.66%    passed     99.92%
  42  DCFS-6-1-No|nolG|consensus50|pass_single_dominant                  0.06%    passed     99.90%
  43  DCFS-6-1-Rh|nolG|consensus50|pass_single_dominant                  0.22%    passed     99.85%
  44  DCFS-6-1-Ro|nolG|consensus50|pass_single_dominant                  0.34%    passed     99.96%
  45  DCFS-7-1-No|nolG|consensus50|pass_single_dominant                  0.28%    passed     99.84%
  46  DCFS-7-1-Rh|nolG|consensus50|pass_single_dominant                  4.94%    passed     99.67%
  47  DCFS-7-1-Ro|nolG|consensus50|pass_single_dominant                  0.06%    passed     99.97%
  48  DCFS-8-1-No|nolG|consensus50|pass_single_dominant                  0.00%    passed     99.89%
  49  DCFS-8-1-Rh|nolG|consensus50|pass_single_dominant                  0.09%    passed     99.94%
  50  DCFS-8-1-Ro|nolG|consensus50|pass_single_dominant                  0.56%    passed     99.84%
  51  DEJU-29-1-No|nolG|consensus50|pass_single_dominant                 0.16%    passed     99.75%
  52  DEJU-59-No|nolG|consensus50|pass_single_dominant                   0.41%    passed     99.99%
  53  DELA-26-3-Ro|nolG|consensus50|pass_mixed_possible_multitemplate    0.50%    passed     99.94%
  54  DELA-32-1-No|nolG|consensus50|pass_single_dominant                 0.22%    passed     99.99%
  55  DSNY-13-1-No|nolG|consensus50|pass_single_dominant                 0.13%    passed     99.98%
  56  DSNY-13-1-Ro|nolG|consensus50|pass_single_dominant                 0.19%    passed     99.97%
  57  DSNY-14-1-Rh|nolG|consensus50|pass_single_dominant                 0.34%    passed    100.00%
  58  DSNY-15-1-Ro|nolG|consensus50|pass_mixed_possible_multitemplate    0.66%    passed     99.84%
  59  DSNY-17-3-No|nolG|consensus50|pass_single_dominant                 0.16%    passed     99.82%
  60  DSNY-3-1-No|nolG|consensus50|pass_single_dominant                  0.09%    passed     99.82%
  61  DSNY-3-1-Rh|nolG|consensus50|pass_single_dominant                  0.69%    passed     98.89%
  62  DSNY-7-1-No|nolG|consensus50|pass_single_dominant                  2.63%    passed     98.86%
  63  DSNY-91-1-Rh|nolG|consensus50|pass_single_dominant                 1.44%    passed     97.55%
  64  DSNY-CRMA-33-1-Rh|nolG|consensus50|pass_single_dominant            0.84%    passed     99.65%
  65  HEAL-7-1-Ro|nolG|consensus50|pass_single_dominant                  0.50%    passed     99.29%
  66  JERC-102-1-Ro|nolG|consensus50|pass_single_dominant                1.13%    passed     99.86%
  67  JERC-143-Rh|nolG|consensus50|pass_single_dominant                 15.76%    passed     77.58%
  68  JERC-148-Rh|nolG|consensus50|pass_single_dominant                  0.38%    passed     99.86%
  69  JERC-149-Rh|nolG|consensus50|pass_single_dominant                  2.63%    passed     99.98%
  70  JERC-149-Ro|nolG|consensus50|pass_single_dominant                  0.09%    passed     99.99%
  71  JERC-150-Ro|nolG|consensus50|pass_single_dominant                  0.13%    passed     99.99%
  72  JERC-189-1-Rh|nolG|consensus50|pass_single_dominant                3.38%    passed     99.71%
  73  JERC-204-1-Ro|nolG|consensus50|pass_single_dominant                0.13%    passed     99.99%
  74  JERC-2-1-Ro|nolG|consensus50|pass_single_dominant                  0.13%    passed     99.95%
  75  JERC-46-1-Rh|nolG|consensus50|pass_single_dominant                 2.19%    passed     99.62%
  76  JERC-89-1-No|nolG|consensus50|pass_single_dominant                 0.13%    passed     99.99%
  77  JERC-94-1-No|nolG|consensus50|pass_single_dominant                 3.31%    passed     98.24%
  78  JERC-CRJU-86-1-Rh|nolG|consensus50|pass_single_dominant            0.53%    passed     99.81%
  79  JERC-DEST-32-1-No|nolG|consensus50|pass_single_dominant            0.06%    passed     99.85%
  80  JERC-RHRE-55-1-Rh|nolG|consensus50|pass_single_dominant            0.16%    passed     99.92%
  81  JERC-RHTO-58-1-Ro|nolG|consensus50|pass_single_dominant            0.78%    passed     99.55%
  82  JORN-3-1-Rh|nolG|consensus50|pass_single_dominant                  0.19%    passed     99.97%
  83  KONZ-1-Rh|nolG|consensus50|pass_single_dominant                    1.72%    passed     99.67%
  84  KONZ-1-Ro|nolG|consensus50|pass_single_dominant                    0.19%    passed     99.99%
  85  KONZ-6-1-Ro|nolG|consensus50|pass_single_dominant                  0.03%    passed     99.81%
  86  LAJA-25-1-No|nolG|consensus50|pass_single_dominant                 0.00%    passed     99.94%
  87  LAJA-3-1-Ro|nolG|consensus50|pass_single_dominant                  0.13%    passed     99.83%
  88  LENO-15-2-No|nolG|consensus50|pass_single_dominant                 1.16%    passed     99.76%
  89  NIWO-1-Rh|nolG|consensus50|pass_single_dominant                    2.31%    passed     94.71%
  90  NIWO-2-No|nolG|consensus50|pass_single_dominant                    0.34%    passed     99.99%
  91  NIWO-2-Rh|nolG|consensus50|pass_single_dominant                    0.59%    passed     99.72%
  92  NIWO-2-Ro|nolG|consensus50|pass_single_dominant                   11.07%    passed     88.31%
  93  NOGP-1-1-No|nolG|consensus50|pass_single_dominant                  0.00%    passed     99.08%
  94  NOGP-1-1-Rh|nolG|consensus50|pass_single_dominant                  0.06%    passed     99.89%
  95  NOGP-1-1-Ro|nolG|consensus50|pass_single_dominant                  0.31%    passed     99.86%
  96  NOGP-2-1-No|nolG|consensus50|pass_single_dominant                  0.00%    passed     99.94%
  97  NOGP-2-1-Rh|nolG|consensus50|pass_single_dominant                  0.25%    passed     99.83%
  98  NOGP-2-1-Ro|nolG|consensus50|pass_single_dominant                  0.00%    passed     99.91%
  99  NOGP-3-2-No|nolG|consensus50|pass_single_dominant                  0.00%    passed     99.97%
 100  NOGP-3-2-Rh|nolG|consensus50|pass_single_dominant                  0.03%    passed     99.88%
 101  NOGP-3-2-Ro|nolG|consensus50|pass_single_dominant                  0.00%    passed     99.97%
 102  NOGP-4-1-Rh|nolG|consensus50|pass_single_dominant                  0.94%    passed     99.84%
 103  NOGP-4-1-Ro|nolG|consensus50|pass_mixed_possible_multitemplate     0.88%    passed     99.99%
 104  NOGP-5-2-No|nolG|consensus50|pass_mixed_possible_multitemplate     0.59%    passed     99.99%
 105  NOGP-5-2-Rh|nolG|consensus50|pass_single_dominant                  1.91%    passed     99.87%
 106  NOGP-5-2-Ro|nolG|consensus50|pass_single_dominant                  0.00%    passed     99.96%
 107  NOGP-6-3-No|nolG|consensus50|pass_mixed_possible_multitemplate     0.63%    passed     99.97%
 108  NOGP-6-3-Rh|nolG|consensus50|pass_single_dominant                 11.41%    passed     86.59%
 109  NOGP-6-3-Ro|nolG|consensus50|pass_single_dominant                  0.00%    passed     99.97%
 110  NOGP-7-2-No|nolG|consensus50|pass_single_dominant                  0.56%    passed     99.20%
 111  NOGP-7-2-Rh|nolG|consensus50|pass_single_dominant                  3.03%    passed     99.84%
 112  OAES-1-1-No|nolG|consensus50|pass_single_dominant                  0.00%    passed     99.76%
 113  OAES-13-1-Rh|nolG|consensus50|pass_single_dominant                 0.31%    passed     99.89%
 114  OAES-14-1-No|nolG|consensus50|pass_mixed_possible_multitemplate    0.38%    passed     99.99%
 115  OAES-14-1-Rh|nolG|consensus50|pass_single_dominant                 0.13%    passed     99.89%
 116  OAES-14-1-Ro|nolG|consensus50|pass_single_dominant                 0.19%    passed     99.96%
 117  OAES-15-No|nolG|consensus50|pass_single_dominant                   0.03%    passed     99.92%
 118  OAES-15-Rh|nolG|consensus50|pass_single_dominant                   3.97%    passed     98.71%
 119  OAES-16-1-Rh|nolG|consensus50|pass_single_dominant                 0.63%    passed     99.17%
 120  OAES-17-No|nolG|consensus50|pass_single_dominant                   5.28%    passed     99.70%
 121  OAES_19-2-No|nolG|consensus50|pass_mixed_possible_multitemplate    0.56%    passed     99.84%
 122  OAES_19-2-Rh|nolG|consensus50|pass_single_dominant                 0.00%    passed     99.97%
 123  OAES_19-2-Ro|nolG|consensus50|pass_mixed_possible_multitemplate    0.63%    passed     99.89%
 124  OAES-20-Rh|nolG|consensus50|pass_single_dominant                   9.54%    passed     94.27%
 125  OAES-20-Ro|nolG|consensus50|pass_single_dominant                  10.79%    passed     91.98%
 126  OAES-2-1-No|nolG|consensus50|pass_single_dominant                  0.00%    passed     99.76%
 127  OAES-2-1-Ro|nolG|consensus50|pass_single_dominant                  0.00%    passed     99.76%
 128  OAES-22-1-No|nolG|consensus50|pass_single_dominant                 0.00%    passed     99.83%
 129  OAES-22-1-Rh|nolG|consensus50|pass_single_dominant                11.85%    passed     97.81%
 130  OAES-23-1-Rh|nolG|consensus50|pass_single_dominant                 0.63%    passed     99.51%
 131  OAES-23-1-Ro|nolG|consensus50|pass_single_dominant                 0.16%    passed     99.66%
 132  OAES_24-3-No|nolG|consensus50|pass_single_dominant                 0.38%    passed     99.93%
 133  OAES_24-3-Rh|nolG|consensus50|pass_single_dominant                 0.31%    passed     99.99%
 134  OAES_24-3-Ro|nolG|consensus50|pass_mixed_possible_multitemplate    0.56%    passed    100.00%
 135  OAES-25-1-No|nolG|consensus50|pass_single_dominant                 6.35%    passed     96.61%
 136  OAES-25-1-Ro|nolG|consensus50|pass_single_dominant                 0.81%    passed     99.90%
 137  OAES-26-1-Rh|nolG|consensus50|pass_single_dominant                16.20%    passed     99.04%
 138  OAES-27-2-Ro|nolG|consensus50|pass_single_dominant                 0.19%    passed     99.97%
 139  OAES-3-1-No|nolG|consensus50|pass_single_dominant                  0.00%    passed     99.76%
 140  OAES-3-1-Ro|nolG|consensus50|pass_single_dominant                  0.13%    passed     99.88%
 141  OAES-36-2-No|nolG|consensus50|pass_single_dominant                 0.00%    passed     99.98%
 142  OAES-36-3-No|nolG|consensus50|pass_single_dominant                 0.03%    passed     99.96%
 143  OAES-36-3-Rh|nolG|consensus50|pass_single_dominant                 3.03%    passed     98.06%
 144  OAES-37-2-Ro|nolG|consensus50|pass_single_dominant                 0.19%    passed     99.98%
 145  OAES-5-Rh|nolG|consensus50|pass_single_dominant                    0.69%    passed     99.78%
 146  OAES-6-1-No|nolG|consensus50|pass_single_dominant                  0.28%    passed     99.98%
 147  OAES-6-1-Rh|nolG|consensus50|pass_mixed_possible_multitemplate     0.75%    passed     99.96%
 148  OAES-6-1-Ro|nolG|consensus50|pass_mixed_possible_multitemplate     0.44%    passed     99.99%
 149  OAES-7-1-No|nolG|consensus50|pass_mixed_possible_multitemplate     0.56%    passed     99.99%
 150  OAES-7-1-Rh|nolG|consensus50|pass_mixed_possible_multitemplate     0.56%    passed     99.96%
 151  OAES-7-1-Ro|nolG|consensus50|pass_mixed_possible_multitemplate     0.56%    passed     99.93%
 152  OAES-8-2-Ro|nolG|consensus50|pass_single_dominant                  0.53%    passed     99.26%
 153  OAES-9-1-Rh|nolG|consensus50|pass_single_dominant                  0.59%    passed     99.59%
 154  OSBS-102-1-No|nolG|consensus50|pass_single_dominant                2.00%    passed     99.31%
 155  OSBS-106-1-Ro|nolG|consensus50|pass_single_dominant                1.47%    passed     98.12%
 156  OSBS-36-1-No|nolG|consensus50|pass_single_dominant                 0.00%    passed     99.97%
 157  OSBS-36-1-Ro|nolG|consensus50|pass_single_dominant                 0.78%    passed     99.96%
 158  OSBS-37-1-No|nolG|consensus50|pass_single_dominant                 1.25%    passed     99.70%
 159  OSBS-37-1-Rh|nolG|consensus50|pass_single_dominant                 9.54%    passed     98.19%
 160  OSBS-97-2-Rh|nolG|consensus50|pass_single_dominant                 0.16%    passed     99.97%
 161  OSBS-99-Ro|nolG|consensus50|pass_single_dominant                   5.78%    passed     92.83%
 162  RMNP-1-Rh|nolG|consensus50|pass_single_dominant                    0.06%    passed     99.95%
 163  RMNP-2-Rh|nolG|consensus50|pass_single_dominant                    0.06%    passed     99.88%
 164  SCBI-1-1-Rh|nolG|consensus50|pass_single_dominant                  0.06%    passed     99.97%
 165  SCBI-1-1-Ro|nolG|consensus50|pass_single_dominant                  0.38%    passed     99.98%
 166  SCBI-12-1-No|nolG|consensus50|pass_single_dominant                 0.19%    passed     99.94%
 167  SCBI-2-1-No|nolG|consensus50|pass_single_dominant                  0.13%    passed     99.90%
 168  SCBI-2-1-Rh|nolG|consensus50|pass_single_dominant                  0.25%    passed     99.93%
 169  SCBI-2-1-Ro|nolG|consensus50|pass_single_dominant                  0.13%    passed     99.83%
 170  SCBI-3-1-Rh|nolG|consensus50|pass_single_dominant                  0.53%    passed     99.80%
 171  SCBI-3-1-Ro|nolG|consensus50|pass_single_dominant                  0.09%    passed     99.94%
 172  SCBI-4-1-Rh|nolG|consensus50|pass_single_dominant                  0.03%    passed     99.89%
 173  SCBI-9-2-Rh|nolG|consensus50|pass_single_dominant                 17.07%    passed     60.50%
 174  SERC-3-1-Ro|nolG|consensus50|pass_single_dominant                  0.66%    passed     99.87%
 175  SERC-6-1-No|nolG|consensus50|pass_single_dominant                  0.09%    passed     99.97%
 176  SRER-1-1-No|nolG|consensus50|pass_single_dominant                  0.16%    passed     99.97%
 177  TALL-18-1-Rh|nolG|consensus50|pass_single_dominant                 0.41%    passed     99.80%
 178  TALL-24-2-No|nolG|consensus50|pass_single_dominant                 0.00%    passed     99.91%
 179  TALL-28-1-No|nolG|consensus50|pass_single_dominant                 0.22%    passed     99.97%
 180  TALL-28-1-Ro|nolG|consensus50|pass_single_dominant                 0.13%    passed     99.94%
 181  TALL-29-3-No|nolG|consensus50|pass_mixed_possible_multitemplate    0.63%    passed     99.94%
 182  TALL-29-3-Rh|nolG|consensus50|pass_single_dominant                 0.38%    passed     99.66%
 183  TALL-29-3-Ro|nolG|consensus50|pass_single_dominant                 0.03%    passed     99.91%
 184  TALL-67-1-Rh|nolG|consensus50|pass_single_dominant                 1.63%    passed     99.50%
 185  TALL-72-1-No|nolG|consensus50|pass_single_dominant                 1.09%    passed     99.90%
 186  TALL-74-3-No|nolG|consensus50|pass_single_dominant                 1.59%    passed     99.35%
 187  TALL-92-1-Ro|nolG|consensus50|pass_single_dominant                 1.06%    passed     99.91%
 188  TEAK-1-2-Ro|nolG|consensus50|pass_single_dominant                  0.16%    passed     99.91%
 189  TEAK-3-1-Ro|nolG|consensus50|pass_single_dominant                  0.00%    passed     99.94%
 190  TOOL-10-Ro|nolG|consensus50|pass_single_dominant                   1.06%    passed     99.53%
 191  TOOL-17-Ro|nolG|consensus50|pass_single_dominant                   0.03%    passed     99.89%
 192  TOOL-19-Rh|nolG|consensus50|pass_single_dominant                  14.07%    passed     90.64%
 193  TOOL-1-Rh|nolG|consensus50|pass_single_dominant                    0.19%    passed     99.99%
 194  TOOL-1-Ro|nolG|consensus50|pass_single_dominant                    0.28%    passed     99.97%
 195  TOOL-25-Ro|nolG|consensus50|pass_single_dominant                   0.09%    passed     99.94%
 196  TOOL-35-1-Rh|nolG|consensus50|pass_single_dominant                 0.06%    passed     99.91%
 197  TOOL-4-No|nolG|consensus50|pass_single_dominant                    3.53%    passed     98.25%
 198  WOOD-10-1-No|nolG|consensus50|pass_single_dominant                 0.16%    passed     99.91%
 199  WOOD-10-1-Rh|nolG|consensus50|pass_single_dominant                 0.25%    passed     99.96%
 200  WOOD-10-1-Ro|nolG|consensus50|pass_single_dominant                 0.00%    passed     99.99%
 201  WOOD-11-1-No|nolG|consensus50|pass_single_dominant                 0.00%    passed     99.97%
 202  WOOD-11-1-Rh|nolG|consensus50|pass_single_dominant                 0.03%    passed     99.97%
 203  WOOD-11-1-Ro|nolG|consensus50|pass_single_dominant                 0.03%    passed     99.96%
 204  WOOD-1-1-No|nolG|consensus50|pass_single_dominant                  5.28%    passed     98.43%
 205  WOOD-1-1-Rh|nolG|consensus50|pass_single_dominant                 10.13%    passed     98.87%
 206  WOOD-1-1-Ro|nolG|consensus50|pass_single_dominant                  0.06%    passed     99.98%
 207  WOOD-12-No|nolG|consensus50|pass_single_dominant                   0.00%    passed     99.96%
 208  WOOD-12-Rh|nolG|consensus50|pass_single_dominant                   0.16%    passed     99.93%
 209  WOOD-12-Ro|nolG|consensus50|pass_single_dominant                   0.00%    passed     99.98%
 210  WOOD-3-2-No|nolG|consensus50|pass_single_dominant                  0.00%    passed     99.97%
 211  WOOD-3-2-Rh|nolG|consensus50|pass_single_dominant                  3.41%    passed     99.92%
 212  WOOD-3-2-Ro|nolG|consensus50|pass_single_dominant                  6.57%    passed     99.27%
 213  WOOD-4-1-No|nolG|consensus50|pass_single_dominant                  4.03%    passed     96.46%
 214  WOOD-4-1-Rh|nolG|consensus50|pass_single_dominant                  3.31%    passed     99.52%
 215  WOOD-5-1-No|nolG|consensus50|pass_single_dominant                  0.19%    passed     99.83%
 216  WOOD-5-1-Rh|nolG|consensus50|pass_single_dominant                  0.19%    passed     99.99%
 217  WOOD-5-1-Ro|nolG|consensus50|pass_single_dominant                  0.16%    passed     99.93%
 218  WOOD-6-1-No|nolG|consensus50|pass_single_dominant                  0.19%    passed     99.87%
 219  WOOD-6-1-Rh|nolG|consensus50|pass_single_dominant                  0.00%    passed     99.90%
 220  WOOD-6-1-Ro|nolG|consensus50|pass_single_dominant                  0.16%    passed     99.89%
 221  WOOD-7-1-No|nolG|consensus50|pass_single_dominant                  0.00%    passed     99.96%
 222  WOOD-7-1-Rh|nolG|consensus50|pass_single_dominant                  0.19%    passed     99.88%
 223  WOOD-7-1-Ro|nolG|consensus50|pass_single_dominant                  0.09%    passed     99.95%
 224  WOOD-8-No|nolG|consensus50|pass_single_dominant                    0.16%    passed     99.88%
 225  WOOD-8-Rh|nolG|consensus50|pass_single_dominant                    0.09%    passed     99.95%
 226  WOOD-8-Ro|nolG|consensus50|pass_mixed_possible_multitemplate       0.47%    passed     99.99%
 227  WOOD-9-Rh|nolG|consensus50|pass_single_dominant                    0.22%    passed     99.76%
 228  YELL-10-1-No|nolG|consensus50|pass_single_dominant                 1.88%    passed     95.50%
 229  YELL-5-3-Rh|nolG|consensus50|pass_single_dominant                  0.34%    passed     99.86%
****  TOTAL                                                              1.31%  0 sequences failed composition chi2 test (p-value<5%; df=3)
NOTE: OAES-1-1-No|nolG|consensus50|pass_single_dominant is identical to CLBJ-5-2-No|nolG|consensus50|pass_single_dominant but kept for subsequent analysis
NOTE: LAJA-25-1-No|nolG|consensus50|pass_single_dominant is identical to CPER-3-1-Ro|nolG|consensus50|pass_single_dominant but kept for subsequent analysis
NOTE: DCFS-5-1-Ro|nolG|consensus50|pass_mixed_possible_multitemplate is identical to DCFS-5-1-No|nolG|consensus50|pass_mixed_possible_multitemplate but kept for subsequent analysis
NOTE: NOGP-3-2-Ro|nolG|consensus50|pass_single_dominant is identical to NOGP-3-2-No|nolG|consensus50|pass_single_dominant but kept for subsequent analysis
NOTE: WOOD-12-No|nolG|consensus50|pass_single_dominant is identical to NOGP-5-2-Ro|nolG|consensus50|pass_single_dominant but kept for subsequent analysis
Checking for duplicate sequences: done in 0.0015414 secs using 9096% CPU
Identifying sites to remove: done in 0.00389027 secs using 5913% CPU
NOTE: 11 identical sequences (see below) will be ignored for subsequent analysis
NOTE: OAES-2-1-No|nolG|consensus50|pass_single_dominant (identical to CLBJ-5-2-No|nolG|consensus50|pass_single_dominant) is ignored but added at the end
NOTE: OAES-2-1-Ro|nolG|consensus50|pass_single_dominant (identical to CLBJ-5-2-No|nolG|consensus50|pass_single_dominant) is ignored but added at the end
NOTE: OAES-3-1-No|nolG|consensus50|pass_single_dominant (identical to CLBJ-5-2-No|nolG|consensus50|pass_single_dominant) is ignored but added at the end
NOTE: NOGP-2-1-No|nolG|consensus50|pass_single_dominant (identical to CPER-3-1-Ro|nolG|consensus50|pass_single_dominant) is ignored but added at the end
NOTE: TEAK-3-1-Ro|nolG|consensus50|pass_single_dominant (identical to CPER-3-1-Ro|nolG|consensus50|pass_single_dominant) is ignored but added at the end
NOTE: NOGP-6-3-Ro|nolG|consensus50|pass_single_dominant (identical to NOGP-3-2-No|nolG|consensus50|pass_single_dominant) is ignored but added at the end
NOTE: OAES_19-2-Rh|nolG|consensus50|pass_single_dominant (identical to NOGP-3-2-No|nolG|consensus50|pass_single_dominant) is ignored but added at the end
NOTE: OSBS-36-1-No|nolG|consensus50|pass_single_dominant (identical to NOGP-3-2-No|nolG|consensus50|pass_single_dominant) is ignored but added at the end
NOTE: WOOD-11-1-No|nolG|consensus50|pass_single_dominant (identical to NOGP-3-2-No|nolG|consensus50|pass_single_dominant) is ignored but added at the end
NOTE: WOOD-3-2-No|nolG|consensus50|pass_single_dominant (identical to NOGP-3-2-No|nolG|consensus50|pass_single_dominant) is ignored but added at the end
NOTE: WOOD-7-1-No|nolG|consensus50|pass_single_dominant (identical to NOGP-5-2-Ro|nolG|consensus50|pass_single_dominant) is ignored but added at the end
Alignment was printed to /mnt/dv/wid/projects6/SolisLemus-Intbio-raw/processed-data/symbiosis_sorted_v2_consensus_sequences_50percent/gene_trees/nolG/04_tree_iupac_nm5000/nolG_consensus50_iupac_all_pass_nm5000.uniqueseq.phy

For your convenience alignment with unique sequences printed to /mnt/dv/wid/projects6/SolisLemus-Intbio-raw/processed-data/symbiosis_sorted_v2_consensus_sequences_50percent/gene_trees/nolG/04_tree_iupac_nm5000/nolG_consensus50_iupac_all_pass_nm5000.uniqueseq.phy


Create initial parsimony tree by phylogenetic likelihood library (PLL)... 0.011 seconds
Measuring multi-threading efficiency up to 72 CPU cores
Increase to 10 rounds for branch lengths
196 trees examined
Threads: 1 / Time: 72.262 sec / Speedup: 1.000 / Efficiency: 100% / LogL: -12991
Threads: 2 / Time: 47.223 sec / Speedup: 1.530 / Efficiency: 77% / LogL: -12991
Threads: 3 / Time: 63.294 sec / Speedup: 1.142 / Efficiency: 38% / LogL: -12991
Determining AUTO threadcount: done in 182.782 secs using 193.2% CPU
BEST NUMBER OF THREADS: 2

Perform fast likelihood tree search using GTR+I+G model...
Estimate model parameters (epsilon = 5.000)
Perform nearest neighbor interchange...
Estimate model parameters (epsilon = 1.000)
1. Initial log-likelihood: -7123.375
2. Current log-likelihood: -7120.109
3. Current log-likelihood: -7117.871
4. Current log-likelihood: -7116.129
5. Current log-likelihood: -7114.782
6. Current log-likelihood: -7113.764
Optimal log-likelihood: -7112.876
Rate parameters:  A-C: 3.82844  A-G: 12.95264  A-T: 1.93017  C-G: 7.09842  C-T: 7.52558  G-T: 1.00000
Base frequencies:  A: 0.211  C: 0.290  G: 0.270  T: 0.229
Proportion of invariable sites: 0.907
Gamma shape alpha: 0.327
Parameters optimization took 6 rounds (0.808 sec)
Time for fast ML tree search: 3.573 seconds

NOTE: ModelFinder requires 69 MB RAM!
ModelFinder will test up to 968 DNA models (sample size: 3198 epsilon: 0.100) ...
 No. Model         -LnL         df  AIC          AICc         BIC
  1  JC            8049.633     433 16965.266    17101.244    19593.697
  2  JC+I          7295.300     434 15458.601    15595.257    18093.103
  3  JC+G4         7637.083     434 16142.167    16278.822    18776.669
  4  JC+I+G4       7225.195     435 15320.389    15457.725    17960.962
  5  JC+R2         7294.733     435 15459.466    15596.802    18100.039
  6  JC+R3         7229.692     437 15333.383    15472.083    17986.096
+R4 reinitialized from +R3 with factor 0.500
  7  JC+R4         7215.602     439 15309.204    15449.276    17974.057
  8  JC+R5         7215.525     441 15313.050    15454.503    17990.044
 14  JC+I+R2       7294.862     436 15461.724    15599.740    18108.366
 15  JC+I+R3       7216.039     438 15308.078    15447.463    17966.861
 16  JC+I+R4       7215.651     440 15311.303    15452.064    17982.226
 26  JC+I+G4       7225.195     435 15320.389    15457.725    17960.962
 37  JC+I+R3       7216.039     438 15308.078    15447.463    17966.861
 48  F81+I+G4      7225.221     435 15320.442    15457.778    17961.015
 59  F81+I+R3      7216.280     438 15308.560    15447.945    17967.343
 70  F81+F+I+G4    7192.823     438 15261.645    15401.031    17920.428
 81  F81+F+I+R3    7184.158     441 15250.317    15391.770    17927.311
 92  K2P+I+G4      7177.778     436 15227.555    15365.572    17874.198
103  K2P+I+R3      7168.585     439 15215.171    15355.243    17880.024
114  K2P+I+G4      7177.778     436 15227.555    15365.572    17874.198
125  K2P+I+R3      7168.585     439 15215.171    15355.243    17880.024
136  HKY+I+G4      7177.756     436 15227.512    15365.529    17874.155
147  HKY+I+R3      7168.548     439 15215.096    15355.168    17879.949
158  HKY+F+I+G4    7143.577     439 15165.154    15305.227    17830.008
169  HKY+F+I+R3    7134.814     442 15153.627    15295.773    17836.692
180  TNe+I+G4      7174.583     437 15223.165    15361.865    17875.878
191  TNe+I+R3      7165.801     440 15211.602    15352.364    17882.526
202  TNe+I+G4      7174.583     437 15223.165    15361.865    17875.878
213  TNe+I+R3      7165.801     440 15211.602    15352.364    17882.526
224  TN+I+G4       7174.582     437 15223.164    15361.864    17875.877
235  TN+I+R3       7165.812     440 15211.623    15352.385    17882.547
246  TN+F+I+G4     7139.426     440 15158.852    15299.614    17829.776
257  TN+F+I+R3     7131.104     443 15148.208    15291.049    17837.342
268  K3P+I+G4      7170.091     437 15214.183    15352.883    17866.895
279  K3P+I+R3      7160.944     440 15201.888    15342.650    17872.811
290  K3P+I+G4      7170.091     437 15214.183    15352.883    17866.895
301  K3P+I+R3      7160.944     440 15201.888    15342.650    17872.811
312  K3Pu+I+G4     7170.093     437 15214.186    15352.886    17866.899
323  K3Pu+I+R3     7160.943     440 15201.887    15342.648    17872.810
334  K3Pu+F+I+G4   7136.581     440 15153.162    15293.923    17824.085
345  K3Pu+F+I+R3   7127.751     443 15141.502    15284.343    17830.636
356  TPM2+I+G4     7172.095     437 15218.191    15356.891    17870.903
367  TPM2+I+R3     7161.909     440 15203.817    15344.579    17874.741
378  TPM2+I+G4     7172.095     437 15218.191    15356.891    17870.903
389  TPM2+I+R3     7161.909     440 15203.817    15344.579    17874.741
400  TPM2u+I+G4    7172.097     437 15218.193    15356.893    17870.906
411  TPM2u+I+R3    7161.893     440 15203.786    15344.548    17874.710
422  TPM2u+F+I+G4  7140.888     440 15161.776    15302.538    17832.700
433  TPM2u+F+I+R3  7131.300     443 15148.600    15291.441    17837.735
444  TPM3+I+G4     7148.714     437 15171.428    15310.128    17824.140
455  TPM3+I+R3     7140.679     440 15161.358    15302.120    17832.282
466  TPM3+I+G4     7148.714     437 15171.428    15310.128    17824.140
477  TPM3+I+R3     7140.679     440 15161.358    15302.120    17832.282
488  TPM3u+I+G4    7148.725     437 15171.449    15310.149    17824.162
499  TPM3u+I+R3    7140.691     440 15161.383    15302.144    17832.306
510  TPM3u+F+I+G4  7122.249     440 15124.498    15265.259    17795.421
521  TPM3u+F+I+R3  7114.044     443 15114.088    15256.929    17803.223
532  TIMe+I+G4     7166.982     438 15209.964    15349.350    17868.747
543  TIMe+I+R3     7158.279     441 15198.559    15340.012    17875.553
554  TIMe+I+G4     7166.982     438 15209.964    15349.350    17868.747
565  TIMe+I+R3     7158.279     441 15198.559    15340.012    17875.553
576  TIM+I+G4      7166.994     438 15209.988    15349.374    17868.771
587  TIM+I+R3      7158.296     441 15198.592    15340.045    17875.586
598  TIM+F+I+G4    7132.473     441 15146.946    15288.399    17823.940
609  TIM+F+I+R3    7124.149     444 15136.298    15279.836    17831.503
620  TIM2e+I+G4    7169.010     438 15214.021    15353.406    17872.804
631  TIM2e+I+R3    7159.448     441 15200.896    15342.349    17877.890
642  TIM2e+I+G4    7169.010     438 15214.021    15353.406    17872.804
653  TIM2e+I+R3    7159.448     441 15200.896    15342.349    17877.890
664  TIM2+I+G4     7169.011     438 15214.022    15353.408    17872.805
675  TIM2+I+R3     7159.415     441 15200.830    15342.283    17877.824
686  TIM2+F+I+G4   7136.885     441 15155.771    15297.224    17832.765
697  TIM2+F+I+R3   7127.940     444 15143.880    15287.418    17839.085
708  TIM3e+I+G4    7145.341     438 15166.683    15306.068    17825.466
719  TIM3e+I+R3    7137.961     441 15157.921    15299.374    17834.915
730  TIM3e+I+G4    7145.341     438 15166.683    15306.068    17825.466
741  TIM3e+I+R3    7137.961     441 15157.921    15299.374    17834.915
752  TIM3+I+G4     7145.349     438 15166.697    15306.083    17825.480
763  TIM3+I+R3     7137.948     441 15157.897    15299.349    17834.890
774  TIM3+F+I+G4   7117.635     441 15117.270    15258.723    17794.264
785  TIM3+F+I+R3   7110.252     444 15108.505    15252.043    17803.709
796  TVMe+I+G4     7139.560     439 15157.121    15297.193    17821.974
807  TVMe+I+R3     7130.978     442 15145.956    15288.102    17829.020
818  TVMe+I+G4     7139.560     439 15157.121    15297.193    17821.974
829  TVMe+I+R3     7130.978     442 15145.956    15288.102    17829.020
840  TVM+I+G4      7139.564     439 15157.128    15297.200    17821.981
851  TVM+I+R3      7130.937     442 15145.874    15288.020    17828.938
862  TVM+F+I+G4    7115.946     442 15115.893    15258.039    17798.957
873  TVM+F+I+R3    7107.216     445 15104.432    15248.669    17805.707
884  SYM+I+G4      7136.132     440 15152.264    15293.026    17823.188
895  SYM+I+R3      7128.227     443 15142.454    15285.295    17831.588
906  SYM+I+G4      7136.132     440 15152.264    15293.026    17823.188
917  SYM+I+R3      7128.227     443 15142.454    15285.295    17831.588
928  GTR+I+G4      7136.132     440 15152.265    15293.027    17823.188
939  GTR+I+R3      7128.220     443 15142.440    15285.281    17831.574
950  GTR+F+I+G4    7111.409     443 15108.818    15251.659    17797.953
961  GTR+F+I+R3    7103.638     446 15099.276    15244.214    17806.621
Akaike Information Criterion:           GTR+F+I+R3
Corrected Akaike Information Criterion: GTR+F+I+R3
Bayesian Information Criterion:         TIM3+F+I+G4
Best-fit model: TIM3+F+I+G4 chosen according to BIC

All model information printed to /mnt/dv/wid/projects6/SolisLemus-Intbio-raw/processed-data/symbiosis_sorted_v2_consensus_sequences_50percent/gene_trees/nolG/04_tree_iupac_nm5000/nolG_consensus50_iupac_all_pass_nm5000.model.gz
CPU time for ModelFinder: 430.903 seconds (0h:7m:10s)
Wall-clock time for ModelFinder: 221.789 seconds (0h:3m:41s)
Generating 1000 samples for ultrafast bootstrap (seed: 175754)...

NOTE: 29 MB RAM (0 GB) is required!
Estimate model parameters (epsilon = 0.100)
Thoroughly optimizing +I+G parameters from 10 start values...
Init pinv, alpha: 0.000, 0.446 / Estimate: 0.000, 0.020 / LogL: -7522.325
Init pinv, alpha: 0.106, 0.446 / Estimate: 0.921, 0.424 / LogL: -7117.193
Init pinv, alpha: 0.213, 0.446 / Estimate: 0.921, 0.421 / LogL: -7117.223
Init pinv, alpha: 0.319, 0.446 / Estimate: 0.920, 0.419 / LogL: -7117.245
Init pinv, alpha: 0.426, 0.446 / Estimate: 0.921, 0.420 / LogL: -7117.250
Init pinv, alpha: 0.532, 0.446 / Estimate: 0.920, 0.418 / LogL: -7117.287
Init pinv, alpha: 0.639, 0.446 / Estimate: 0.920, 0.418 / LogL: -7117.316
Init pinv, alpha: 0.745, 0.446 / Estimate: 0.921, 0.425 / LogL: -7117.319
Init pinv, alpha: 0.851, 0.446 / Estimate: 0.921, 0.421 / LogL: -7117.478
Init pinv, alpha: 0.958, 0.446 / Estimate: 0.931, 0.539 / LogL: -7118.231
Optimal pinv,alpha: 0.921, 0.424 / LogL: -7117.193

Parameters optimization took 36.200 sec
Wrote distance file to... 
Computing ML distances based on estimated model parameters...
Calculating distance matrix: done in 0.170059 secs using 200% CPU
Computing ML distances took 0.170954 sec (of wall-clock time) 0.340916 sec (of CPU time)
Setting up auxiliary I and S matrices: done in 0.000676683 secs
Constructing RapidNJ tree: done in 0.023939 secs using 95.51% CPU
Computing RapidNJ tree took 0.024668 sec (of wall-clock time) 0.022871 sec (of CPU time)
Log-likelihood of RapidNJ tree: -7225.673
--------------------------------------------------------------------
|             INITIALIZING CANDIDATE TREE SET                      |
--------------------------------------------------------------------
Generating 98 parsimony trees... 1.194 second
Computing log-likelihood of 98 initial trees ... 2.709 seconds
Current best score: -7089.436

Do NNI search on 20 best initial trees
Estimate model parameters (epsilon = 0.100)
BETTER TREE FOUND at iteration 1: -7081.999
Estimate model parameters (epsilon = 0.100)
BETTER TREE FOUND at iteration 4: -7075.014
Estimate model parameters (epsilon = 0.100)
BETTER TREE FOUND at iteration 7: -7074.589
Iteration 10 / LogL: -7086.408 / Time: 0h:4m:37s
Estimate model parameters (epsilon = 0.100)
BETTER TREE FOUND at iteration 11: -7061.167
Iteration 20 / LogL: -7086.993 / Time: 0h:4m:52s
Finish initializing candidate tree set (20)
Current best tree score: -7061.167 / CPU time: 33.805
Number of iterations: 20
--------------------------------------------------------------------
|               OPTIMIZING CANDIDATE TREE SET                      |
--------------------------------------------------------------------
Iteration 30 / LogL: -7071.958 / Time: 0h:5m:5s (0h:3m:52s left)
Estimate model parameters (epsilon = 0.100)
BETTER TREE FOUND at iteration 33: -7058.800
Estimate model parameters (epsilon = 0.100)
BETTER TREE FOUND at iteration 38: -7054.540
Iteration 40 / LogL: -7055.862 / Time: 0h:5m:16s (0h:3m:58s left)
Iteration 50 / LogL: -7054.714 / Time: 0h:5m:27s (0h:3m:9s left)
Log-likelihood cutoff on original alignment: -7108.777
Estimate model parameters (epsilon = 0.100)
BETTER TREE FOUND at iteration 55: -7054.315
Iteration 60 / LogL: -7060.932 / Time: 0h:5m:38s (0h:3m:7s left)
Iteration 70 / LogL: -7062.135 / Time: 0h:5m:49s (0h:2m:37s left)
Estimate model parameters (epsilon = 0.100)
BETTER TREE FOUND at iteration 72: -7052.351
Estimate model parameters (epsilon = 0.100)
BETTER TREE FOUND at iteration 77: -7049.644
Iteration 80 / LogL: -7054.343 / Time: 0h:6m:0s (0h:2m:50s left)
BETTER TREE FOUND at iteration 86: -7049.643
Iteration 90 / LogL: -7053.563 / Time: 0h:6m:12s (0h:2m:42s left)
Estimate model parameters (epsilon = 0.100)
BETTER TREE FOUND at iteration 98: -7048.241
Iteration 100 / LogL: -7049.355 / Time: 0h:6m:23s (0h:2m:40s left)
Log-likelihood cutoff on original alignment: -7108.777
NOTE: Bootstrap correlation coefficient of split occurrence frequencies: 0.951
NOTE: UFBoot does not converge, continue at least 100 more iterations
BETTER TREE FOUND at iteration 104: -7048.238
Iteration 110 / LogL: -7049.640 / Time: 0h:6m:36s (0h:2m:30s left)
BETTER TREE FOUND at iteration 112: -7048.235
Estimate model parameters (epsilon = 0.100)
BETTER TREE FOUND at iteration 118: -7048.189
Iteration 120 / LogL: -7048.337 / Time: 0h:6m:48s (0h:2m:34s left)
Estimate model parameters (epsilon = 0.100)
BETTER TREE FOUND at iteration 130: -7048.156
Iteration 130 / LogL: -7048.156 / Time: 0h:7m:2s (0h:2m:35s left)
Estimate model parameters (epsilon = 0.100)
BETTER TREE FOUND at iteration 138: -7047.936
Estimate model parameters (epsilon = 0.100)
BETTER TREE FOUND at iteration 140: -7047.819
Iteration 140 / LogL: -7047.819 / Time: 0h:7m:15s (0h:2m:33s left)
Estimate model parameters (epsilon = 0.100)
BETTER TREE FOUND at iteration 147: -7047.523
Iteration 150 / LogL: -7052.527 / Time: 0h:7m:26s (0h:2m:26s left)
Log-likelihood cutoff on original alignment: -7108.167
Iteration 160 / LogL: -7048.161 / Time: 0h:7m:39s (0h:2m:10s left)
BETTER TREE FOUND at iteration 166: -7047.518
Iteration 170 / LogL: -7053.310 / Time: 0h:7m:52s (0h:2m:22s left)
Iteration 180 / LogL: -7057.831 / Time: 0h:8m:4s (0h:2m:6s left)
Iteration 190 / LogL: -7053.191 / Time: 0h:8m:16s (0h:1m:50s left)
Iteration 200 / LogL: -7047.526 / Time: 0h:8m:29s (0h:1m:35s left)
Log-likelihood cutoff on original alignment: -7108.167
NOTE: Bootstrap correlation coefficient of split occurrence frequencies: 0.941
NOTE: UFBoot does not converge, continue at least 100 more iterations
Iteration 210 / LogL: -7050.986 / Time: 0h:8m:41s (0h:2m:9s left)
Estimate model parameters (epsilon = 0.100)
BETTER TREE FOUND at iteration 212: -7046.221
Iteration 220 / LogL: -7047.635 / Time: 0h:8m:54s (0h:2m:11s left)
Iteration 230 / LogL: -7053.225 / Time: 0h:9m:6s (0h:1m:56s left)
Iteration 240 / LogL: -7051.694 / Time: 0h:9m:19s (0h:1m:41s left)
Iteration 250 / LogL: -7067.687 / Time: 0h:9m:32s (0h:1m:27s left)
Log-likelihood cutoff on original alignment: -7108.167
Iteration 260 / LogL: -7053.108 / Time: 0h:9m:46s (0h:1m:13s left)
Estimate model parameters (epsilon = 0.100)
BETTER TREE FOUND at iteration 268: -7046.208
Iteration 270 / LogL: -7055.195 / Time: 0h:10m:0s (0h:2m:17s left)
Iteration 280 / LogL: -7060.964 / Time: 0h:10m:12s (0h:2m:3s left)
Iteration 290 / LogL: -7048.733 / Time: 0h:10m:24s (0h:1m:48s left)
Iteration 300 / LogL: -7050.512 / Time: 0h:10m:37s (0h:1m:34s left)
Log-likelihood cutoff on original alignment: -7108.167
NOTE: Bootstrap correlation coefficient of split occurrence frequencies: 0.984
NOTE: UFBoot does not converge, continue at least 100 more iterations
BETTER TREE FOUND at iteration 304: -7046.201
Estimate model parameters (epsilon = 0.100)
BETTER TREE FOUND at iteration 306: -7045.267
Iteration 310 / LogL: -7068.673 / Time: 0h:10m:52s (0h:2m:13s left)
Iteration 320 / LogL: -7059.571 / Time: 0h:11m:5s (0h:1m:59s left)
Estimate model parameters (epsilon = 0.100)
BETTER TREE FOUND at iteration 321: -7044.948
Iteration 330 / LogL: -7051.715 / Time: 0h:11m:18s (0h:2m:6s left)
BETTER TREE FOUND at iteration 339: -7044.944
Iteration 340 / LogL: -7050.159 / Time: 0h:11m:31s (0h:2m:17s left)
Iteration 350 / LogL: -7046.500 / Time: 0h:11m:44s (0h:2m:3s left)
Log-likelihood cutoff on original alignment: -7108.167
Iteration 360 / LogL: -7044.968 / Time: 0h:11m:58s (0h:1m:49s left)
Iteration 370 / LogL: -7054.427 / Time: 0h:12m:11s (0h:1m:35s left)
Iteration 380 / LogL: -7046.523 / Time: 0h:12m:25s (0h:1m:21s left)
Iteration 390 / LogL: -7044.988 / Time: 0h:12m:38s (0h:1m:7s left)
Estimate model parameters (epsilon = 0.100)
BETTER TREE FOUND at iteration 392: -7044.908
Estimate model parameters (epsilon = 0.100)
BETTER TREE FOUND at iteration 398: -7042.068
Iteration 400 / LogL: -7048.755 / Time: 0h:12m:52s (0h:2m:15s left)
Log-likelihood cutoff on original alignment: -7108.167
NOTE: Bootstrap correlation coefficient of split occurrence frequencies: 0.966
NOTE: UFBoot does not converge, continue at least 100 more iterations
Iteration 410 / LogL: -7042.129 / Time: 0h:13m:6s (0h:2m:4s left)
Iteration 420 / LogL: -7056.327 / Time: 0h:13m:21s (0h:1m:50s left)
Iteration 430 / LogL: -7044.929 / Time: 0h:13m:35s (0h:1m:36s left)
Iteration 440 / LogL: -7047.658 / Time: 0h:13m:48s (0h:1m:22s left)
Estimate model parameters (epsilon = 0.100)
BETTER TREE FOUND at iteration 449: -7042.031
Iteration 450 / LogL: -7042.091 / Time: 0h:14m:2s (0h:2m:16s left)
Log-likelihood cutoff on original alignment: -7108.167
Iteration 460 / LogL: -7045.856 / Time: 0h:14m:16s (0h:2m:3s left)
Iteration 470 / LogL: -7042.079 / Time: 0h:14m:30s (0h:1m:49s left)
BETTER TREE FOUND at iteration 471: -7042.028
BETTER TREE FOUND at iteration 473: -7042.020
Iteration 480 / LogL: -7052.847 / Time: 0h:14m:43s (0h:2m:8s left)
Iteration 490 / LogL: -7043.223 / Time: 0h:14m:57s (0h:1m:54s left)
BETTER TREE FOUND at iteration 499: -7042.017
Iteration 500 / LogL: -7054.961 / Time: 0h:15m:10s (0h:2m:16s left)
Log-likelihood cutoff on original alignment: -7108.167
NOTE: Bootstrap correlation coefficient of split occurrence frequencies: 0.946
NOTE: UFBoot does not converge, continue at least 100 more iterations
Iteration 510 / LogL: -7042.070 / Time: 0h:15m:25s (0h:2m:4s left)
Iteration 520 / LogL: -7045.597 / Time: 0h:15m:39s (0h:1m:50s left)
Iteration 530 / LogL: -7044.830 / Time: 0h:15m:54s (0h:1m:36s left)
BETTER TREE FOUND at iteration 533: -7042.011
Iteration 540 / LogL: -7047.744 / Time: 0h:16m:7s (0h:2m:8s left)
Iteration 550 / LogL: -7042.041 / Time: 0h:16m:23s (0h:1m:55s left)
Log-likelihood cutoff on original alignment: -7108.167
Iteration 560 / LogL: -7046.885 / Time: 0h:16m:38s (0h:1m:41s left)
Iteration 570 / LogL: -7042.032 / Time: 0h:16m:52s (0h:1m:27s left)
Iteration 580 / LogL: -7042.338 / Time: 0h:17m:7s (0h:1m:13s left)
Iteration 590 / LogL: -7047.687 / Time: 0h:17m:21s (0h:0m:59s left)
Iteration 600 / LogL: -7055.283 / Time: 0h:17m:36s (0h:0m:46s left)
Log-likelihood cutoff on original alignment: -7108.167
NOTE: Bootstrap correlation coefficient of split occurrence frequencies: 0.950
NOTE: UFBoot does not converge, continue at least 100 more iterations
Iteration 610 / LogL: -7042.032 / Time: 0h:17m:53s (0h:2m:5s left)
Iteration 620 / LogL: -7051.071 / Time: 0h:18m:9s (0h:1m:52s left)
BETTER TREE FOUND at iteration 621: -7042.005
Iteration 630 / LogL: -7052.513 / Time: 0h:18m:25s (0h:2m:7s left)
BETTER TREE FOUND at iteration 631: -7042.004
Iteration 640 / LogL: -7044.745 / Time: 0h:18m:40s (0h:2m:8s left)
Iteration 650 / LogL: -7042.005 / Time: 0h:18m:55s (0h:1m:54s left)
Log-likelihood cutoff on original alignment: -7108.167
Iteration 660 / LogL: -7042.004 / Time: 0h:19m:11s (0h:1m:40s left)
Iteration 670 / LogL: -7042.016 / Time: 0h:19m:25s (0h:1m:26s left)
Iteration 680 / LogL: -7060.103 / Time: 0h:19m:40s (0h:1m:12s left)
Iteration 690 / LogL: -7048.660 / Time: 0h:19m:55s (0h:0m:57s left)
Iteration 700 / LogL: -7046.841 / Time: 0h:20m:10s (0h:0m:43s left)
Log-likelihood cutoff on original alignment: -7108.167
NOTE: Bootstrap correlation coefficient of split occurrence frequencies: 0.969
NOTE: UFBoot does not converge, continue at least 100 more iterations
Iteration 710 / LogL: -7055.122 / Time: 0h:20m:26s (0h:2m:7s left)
Iteration 720 / LogL: -7056.275 / Time: 0h:20m:41s (0h:1m:53s left)
Iteration 730 / LogL: -7048.736 / Time: 0h:20m:56s (0h:1m:39s left)
Iteration 740 / LogL: -7047.687 / Time: 0h:21m:12s (0h:1m:25s left)
Iteration 750 / LogL: -7055.938 / Time: 0h:21m:27s (0h:1m:11s left)
Log-likelihood cutoff on original alignment: -7108.167
Iteration 760 / LogL: -7042.027 / Time: 0h:21m:43s (0h:0m:57s left)
Iteration 770 / LogL: -7042.021 / Time: 0h:21m:59s (0h:0m:42s left)
BETTER TREE FOUND at iteration 773: -7042.000
Iteration 780 / LogL: -7042.005 / Time: 0h:22m:14s (0h:2m:12s left)
Iteration 790 / LogL: -7042.009 / Time: 0h:22m:29s (0h:1m:58s left)
Iteration 800 / LogL: -7042.021 / Time: 0h:22m:45s (0h:1m:44s left)
Log-likelihood cutoff on original alignment: -7108.167
NOTE: Bootstrap correlation coefficient of split occurrence frequencies: 0.975
NOTE: UFBoot does not converge, continue at least 100 more iterations
Iteration 810 / LogL: -7042.071 / Time: 0h:23m:3s (0h:2m:9s left)
Iteration 820 / LogL: -7054.751 / Time: 0h:23m:20s (0h:1m:55s left)
Iteration 830 / LogL: -7056.140 / Time: 0h:23m:36s (0h:1m:40s left)
Iteration 840 / LogL: -7055.422 / Time: 0h:23m:53s (0h:1m:26s left)
Iteration 850 / LogL: -7046.270 / Time: 0h:24m:9s (0h:1m:12s left)
Log-likelihood cutoff on original alignment: -7108.167
Iteration 860 / LogL: -7042.023 / Time: 0h:24m:25s (0h:0m:57s left)
Iteration 870 / LogL: -7043.685 / Time: 0h:24m:42s (0h:0m:43s left)
Iteration 880 / LogL: -7046.266 / Time: 0h:24m:59s (0h:0m:29s left)
Iteration 890 / LogL: -7042.016 / Time: 0h:25m:16s (0h:0m:14s left)
Iteration 900 / LogL: -7063.819 / Time: 0h:25m:32s (0h:0m:0s left)
Log-likelihood cutoff on original alignment: -7108.167
NOTE: Bootstrap correlation coefficient of split occurrence frequencies: 0.980
NOTE: UFBoot does not converge, continue at least 100 more iterations
Iteration 910 / LogL: -7049.103 / Time: 0h:25m:48s (0h:2m:11s left)
Iteration 920 / LogL: -7042.014 / Time: 0h:26m:5s (0h:1m:56s left)
Iteration 930 / LogL: -7042.018 / Time: 0h:26m:22s (0h:1m:42s left)
Iteration 940 / LogL: -7042.034 / Time: 0h:26m:38s (0h:1m:27s left)
Iteration 950 / LogL: -7043.217 / Time: 0h:26m:55s (0h:1m:13s left)
Log-likelihood cutoff on original alignment: -7108.167
Iteration 960 / LogL: -7044.593 / Time: 0h:27m:13s (0h:0m:58s left)
Iteration 970 / LogL: -7047.069 / Time: 0h:27m:29s (0h:0m:44s left)
Iteration 980 / LogL: -7042.010 / Time: 0h:27m:45s (0h:0m:29s left)
Iteration 990 / LogL: -7042.020 / Time: 0h:28m:1s (0h:0m:14s left)
Iteration 1000 / LogL: -7049.244 / Time: 0h:28m:17s (0h:0m:0s left)
Log-likelihood cutoff on original alignment: -7108.167
NOTE: Bootstrap correlation coefficient of split occurrence frequencies: 0.985
NOTE: UFBoot does not converge, continue at least 100 more iterations
Iteration 1010 / LogL: -7052.158 / Time: 0h:28m:36s (0h:2m:13s left)
Iteration 1020 / LogL: -7050.564 / Time: 0h:28m:54s (0h:1m:58s left)
Iteration 1030 / LogL: -7042.013 / Time: 0h:29m:11s (0h:1m:44s left)
Iteration 1040 / LogL: -7045.574 / Time: 0h:29m:28s (0h:1m:29s left)
Iteration 1050 / LogL: -7045.881 / Time: 0h:29m:46s (0h:1m:14s left)
Log-likelihood cutoff on original alignment: -7108.167
Iteration 1060 / LogL: -7042.082 / Time: 0h:30m:5s (0h:0m:59s left)
Iteration 1070 / LogL: -7042.013 / Time: 0h:30m:22s (0h:0m:44s left)
Iteration 1080 / LogL: -7043.488 / Time: 0h:30m:39s (0h:0m:29s left)
Iteration 1090 / LogL: -7042.883 / Time: 0h:30m:57s (0h:0m:15s left)
Iteration 1100 / LogL: -7042.345 / Time: 0h:31m:15s (0h:0m:0s left)
Log-likelihood cutoff on original alignment: -7108.167
NOTE: Bootstrap correlation coefficient of split occurrence frequencies: 0.987
NOTE: UFBoot does not converge, continue at least 100 more iterations
Estimate model parameters (epsilon = 0.100)
BETTER TREE FOUND at iteration 1102: -7040.548
Iteration 1110 / LogL: -7049.863 / Time: 0h:31m:33s (0h:2m:18s left)
Iteration 1120 / LogL: -7066.011 / Time: 0h:31m:51s (0h:2m:3s left)
Iteration 1130 / LogL: -7060.506 / Time: 0h:32m:8s (0h:1m:48s left)
Iteration 1140 / LogL: -7060.207 / Time: 0h:32m:27s (0h:1m:33s left)
Iteration 1150 / LogL: -7043.662 / Time: 0h:32m:45s (0h:1m:18s left)
Log-likelihood cutoff on original alignment: -7108.167
Iteration 1160 / LogL: -7056.614 / Time: 0h:33m:4s (0h:1m:3s left)
Iteration 1170 / LogL: -7049.758 / Time: 0h:33m:21s (0h:0m:48s left)
Iteration 1180 / LogL: -7050.643 / Time: 0h:33m:40s (0h:0m:33s left)
Iteration 1190 / LogL: -7047.664 / Time: 0h:33m:58s (0h:0m:18s left)
Iteration 1200 / LogL: -7043.229 / Time: 0h:34m:17s (0h:0m:3s left)
Log-likelihood cutoff on original alignment: -7108.167
NOTE: Bootstrap correlation coefficient of split occurrence frequencies: 0.983
NOTE: UFBoot does not converge, continue at least 100 more iterations
Iteration 1210 / LogL: -7042.082 / Time: 0h:34m:36s (0h:2m:18s left)
Iteration 1220 / LogL: -7044.665 / Time: 0h:34m:55s (0h:2m:2s left)
Iteration 1230 / LogL: -7046.287 / Time: 0h:35m:15s (0h:1m:47s left)
Iteration 1240 / LogL: -7045.207 / Time: 0h:35m:34s (0h:1m:32s left)
Iteration 1250 / LogL: -7044.783 / Time: 0h:35m:53s (0h:1m:17s left)
Log-likelihood cutoff on original alignment: -7108.167
Iteration 1260 / LogL: -7046.576 / Time: 0h:36m:13s (0h:1m:1s left)
BETTER TREE FOUND at iteration 1270: -7040.540
Iteration 1270 / LogL: -7040.540 / Time: 0h:36m:30s (0h:2m:35s left)
Estimate model parameters (epsilon = 0.100)
BETTER TREE FOUND at iteration 1280: -7040.412
Iteration 1280 / LogL: -7040.412 / Time: 0h:36m:50s (0h:2m:35s left)
Estimate model parameters (epsilon = 0.100)
BETTER TREE FOUND at iteration 1285: -7040.396
Iteration 1290 / LogL: -7045.581 / Time: 0h:37m:9s (0h:2m:27s left)
Iteration 1300 / LogL: -7054.456 / Time: 0h:37m:28s (0h:2m:12s left)
Log-likelihood cutoff on original alignment: -7108.167
NOTE: Bootstrap correlation coefficient of split occurrence frequencies: 0.986
NOTE: UFBoot does not converge, continue at least 100 more iterations
Iteration 1310 / LogL: -7041.904 / Time: 0h:37m:49s (0h:2m:20s left)
Iteration 1320 / LogL: -7040.482 / Time: 0h:38m:8s (0h:2m:5s left)
Iteration 1330 / LogL: -7040.421 / Time: 0h:38m:27s (0h:1m:49s left)
Iteration 1340 / LogL: -7049.100 / Time: 0h:38m:49s (0h:1m:34s left)
Iteration 1350 / LogL: -7045.029 / Time: 0h:39m:8s (0h:1m:18s left)
Log-likelihood cutoff on original alignment: -7108.167
Iteration 1360 / LogL: -7041.425 / Time: 0h:39m:29s (0h:1m:3s left)
Iteration 1370 / LogL: -7050.515 / Time: 0h:39m:50s (0h:0m:47s left)
Iteration 1380 / LogL: -7059.405 / Time: 0h:40m:10s (0h:0m:31s left)
Iteration 1390 / LogL: -7047.986 / Time: 0h:40m:28s (0h:0m:15s left)
Iteration 1400 / LogL: -7045.769 / Time: 0h:40m:47s (0h:0m:0s left)
Log-likelihood cutoff on original alignment: -7108.167
NOTE: Bootstrap correlation coefficient of split occurrence frequencies: 0.984
NOTE: UFBoot does not converge, continue at least 100 more iterations
Iteration 1410 / LogL: -7044.631 / Time: 0h:41m:8s (0h:2m:23s left)
Iteration 1420 / LogL: -7042.476 / Time: 0h:41m:28s (0h:2m:7s left)
Iteration 1430 / LogL: -7056.048 / Time: 0h:41m:48s (0h:1m:52s left)
Iteration 1440 / LogL: -7046.031 / Time: 0h:42m:6s (0h:1m:36s left)
Iteration 1450 / LogL: -7046.123 / Time: 0h:42m:26s (0h:1m:20s left)
Log-likelihood cutoff on original alignment: -7108.167
Iteration 1460 / LogL: -7040.417 / Time: 0h:42m:46s (0h:1m:4s left)
Iteration 1470 / LogL: -7043.374 / Time: 0h:43m:7s (0h:0m:48s left)
Iteration 1480 / LogL: -7042.889 / Time: 0h:43m:27s (0h:0m:32s left)
Iteration 1490 / LogL: -7045.775 / Time: 0h:43m:47s (0h:0m:16s left)
Iteration 1500 / LogL: -7043.579 / Time: 0h:44m:7s (0h:0m:0s left)
Log-likelihood cutoff on original alignment: -7108.167
NOTE: Bootstrap correlation coefficient of split occurrence frequencies: 0.981
NOTE: UFBoot does not converge, continue at least 100 more iterations
BETTER TREE FOUND at iteration 1510: -7040.389
Iteration 1510 / LogL: -7040.389 / Time: 0h:44m:28s (0h:2m:42s left)
Iteration 1520 / LogL: -7047.870 / Time: 0h:44m:49s (0h:2m:26s left)
Iteration 1530 / LogL: -7059.212 / Time: 0h:45m:11s (0h:2m:10s left)
Iteration 1540 / LogL: -7054.732 / Time: 0h:45m:32s (0h:1m:54s left)
Iteration 1550 / LogL: -7069.372 / Time: 0h:45m:53s (0h:1m:38s left)
Log-likelihood cutoff on original alignment: -7108.167
Iteration 1560 / LogL: -7041.349 / Time: 0h:46m:14s (0h:1m:21s left)
Iteration 1570 / LogL: -7043.227 / Time: 0h:46m:35s (0h:1m:5s left)
Iteration 1580 / LogL: -7047.167 / Time: 0h:46m:56s (0h:0m:49s left)
Iteration 1590 / LogL: -7040.557 / Time: 0h:47m:17s (0h:0m:32s left)
Iteration 1600 / LogL: -7040.404 / Time: 0h:47m:38s (0h:0m:16s left)
Log-likelihood cutoff on original alignment: -7108.167
NOTE: Bootstrap correlation coefficient of split occurrence frequencies: 0.982
NOTE: UFBoot does not converge, continue at least 100 more iterations
Iteration 1610 / LogL: -7040.553 / Time: 0h:48m:1s (0h:2m:28s left)
Iteration 1620 / LogL: -7044.793 / Time: 0h:48m:21s (0h:2m:12s left)
Iteration 1630 / LogL: -7040.468 / Time: 0h:48m:43s (0h:1m:56s left)
Iteration 1640 / LogL: -7041.871 / Time: 0h:49m:5s (0h:1m:39s left)
Iteration 1650 / LogL: -7040.409 / Time: 0h:49m:27s (0h:1m:23s left)
Log-likelihood cutoff on original alignment: -7108.167
Iteration 1660 / LogL: -7041.994 / Time: 0h:49m:48s (0h:1m:6s left)
Iteration 1670 / LogL: -7054.597 / Time: 0h:50m:9s (0h:0m:50s left)
Iteration 1680 / LogL: -7040.481 / Time: 0h:50m:31s (0h:0m:33s left)
Iteration 1690 / LogL: -7040.410 / Time: 0h:50m:53s (0h:0m:16s left)
Iteration 1700 / LogL: -7047.262 / Time: 0h:51m:14s (0h:0m:0s left)
Log-likelihood cutoff on original alignment: -7108.167
NOTE: Bootstrap correlation coefficient of split occurrence frequencies: 0.982
NOTE: UFBoot does not converge, continue at least 100 more iterations
Iteration 1710 / LogL: -7044.855 / Time: 0h:51m:37s (0h:2m:31s left)
Iteration 1720 / LogL: -7040.411 / Time: 0h:51m:59s (0h:2m:14s left)
Iteration 1730 / LogL: -7040.549 / Time: 0h:52m:22s (0h:1m:58s left)
Iteration 1740 / LogL: -7040.428 / Time: 0h:52m:44s (0h:1m:41s left)
Iteration 1750 / LogL: -7040.534 / Time: 0h:53m:5s (0h:1m:24s left)
Log-likelihood cutoff on original alignment: -7108.167
Iteration 1760 / LogL: -7041.887 / Time: 0h:53m:28s (0h:1m:7s left)
Iteration 1770 / LogL: -7040.481 / Time: 0h:53m:50s (0h:0m:51s left)
Iteration 1780 / LogL: -7040.400 / Time: 0h:54m:12s (0h:0m:34s left)
Iteration 1790 / LogL: -7040.413 / Time: 0h:54m:35s (0h:0m:17s left)
Iteration 1800 / LogL: -7041.217 / Time: 0h:54m:57s (0h:0m:0s left)
Log-likelihood cutoff on original alignment: -7108.167
NOTE: Bootstrap correlation coefficient of split occurrence frequencies: 0.979
NOTE: UFBoot does not converge, continue at least 100 more iterations
Iteration 1810 / LogL: -7040.623 / Time: 0h:55m:20s (0h:2m:34s left)
Iteration 1820 / LogL: -7042.841 / Time: 0h:55m:42s (0h:2m:17s left)
Iteration 1830 / LogL: -7041.612 / Time: 0h:56m:5s (0h:2m:0s left)
Iteration 1840 / LogL: -7050.761 / Time: 0h:56m:27s (0h:1m:43s left)
Iteration 1850 / LogL: -7045.823 / Time: 0h:56m:49s (0h:1m:26s left)
Log-likelihood cutoff on original alignment: -7108.167
Iteration 1860 / LogL: -7051.882 / Time: 0h:57m:14s (0h:1m:9s left)
Iteration 1870 / LogL: -7042.489 / Time: 0h:57m:37s (0h:0m:51s left)
Iteration 1880 / LogL: -7044.191 / Time: 0h:58m:1s (0h:0m:34s left)
Iteration 1890 / LogL: -7040.462 / Time: 0h:58m:24s (0h:0m:17s left)
Iteration 1900 / LogL: -7044.197 / Time: 0h:58m:47s (0h:0m:0s left)
Log-likelihood cutoff on original alignment: -7108.167
NOTE: Bootstrap correlation coefficient of split occurrence frequencies: 0.978
NOTE: UFBoot does not converge, continue at least 100 more iterations
Iteration 1910 / LogL: -7050.405 / Time: 0h:59m:11s (0h:2m:36s left)
Iteration 1920 / LogL: -7040.403 / Time: 0h:59m:34s (0h:2m:19s left)
Iteration 1930 / LogL: -7048.817 / Time: 0h:59m:55s (0h:2m:2s left)
Iteration 1940 / LogL: -7051.307 / Time: 1h:0m:19s (0h:1m:45s left)
Iteration 1950 / LogL: -7044.933 / Time: 1h:0m:42s (0h:1m:27s left)
Log-likelihood cutoff on original alignment: -7108.167
Iteration 1960 / LogL: -7052.738 / Time: 1h:1m:6s (0h:1m:10s left)
Iteration 1970 / LogL: -7055.144 / Time: 1h:1m:29s (0h:0m:52s left)
Iteration 1980 / LogL: -7044.841 / Time: 1h:1m:53s (0h:0m:35s left)
Iteration 1990 / LogL: -7040.477 / Time: 1h:2m:16s (0h:0m:17s left)
Iteration 2000 / LogL: -7040.412 / Time: 1h:2m:40s (0h:0m:0s left)
Log-likelihood cutoff on original alignment: -7108.167
NOTE: Bootstrap correlation coefficient of split occurrence frequencies: 0.975
NOTE: UFBoot does not converge, continue at least 100 more iterations
Iteration 2010 / LogL: -7041.873 / Time: 1h:3m:4s (0h:2m:39s left)
Iteration 2020 / LogL: -7040.465 / Time: 1h:3m:30s (0h:2m:22s left)
Iteration 2030 / LogL: -7053.839 / Time: 1h:3m:53s (0h:2m:4s left)
Iteration 2040 / LogL: -7046.224 / Time: 1h:4m:17s (0h:1m:46s left)
Iteration 2050 / LogL: -7040.529 / Time: 1h:4m:41s (0h:1m:29s left)
Log-likelihood cutoff on original alignment: -7108.167
Iteration 2060 / LogL: -7040.406 / Time: 1h:5m:6s (0h:1m:11s left)
Iteration 2070 / LogL: -7055.850 / Time: 1h:5m:31s (0h:0m:53s left)
Iteration 2080 / LogL: -7043.048 / Time: 1h:5m:55s (0h:0m:35s left)
Iteration 2090 / LogL: -7040.416 / Time: 1h:6m:20s (0h:0m:17s left)
Iteration 2100 / LogL: -7040.404 / Time: 1h:6m:44s (0h:0m:0s left)
Log-likelihood cutoff on original alignment: -7108.167
NOTE: Bootstrap correlation coefficient of split occurrence frequencies: 0.973
NOTE: UFBoot does not converge, continue at least 100 more iterations
Iteration 2110 / LogL: -7040.397 / Time: 1h:7m:8s (0h:2m:42s left)
Iteration 2120 / LogL: -7045.278 / Time: 1h:7m:33s (0h:2m:24s left)
Iteration 2130 / LogL: -7040.404 / Time: 1h:7m:57s (0h:2m:6s left)
Iteration 2140 / LogL: -7049.270 / Time: 1h:8m:22s (0h:1m:48s left)
Iteration 2150 / LogL: -7047.006 / Time: 1h:8m:47s (0h:1m:30s left)
Log-likelihood cutoff on original alignment: -7108.167
Iteration 2160 / LogL: -7046.917 / Time: 1h:9m:12s (0h:1m:12s left)
Iteration 2170 / LogL: -7040.411 / Time: 1h:9m:37s (0h:0m:54s left)
Iteration 2180 / LogL: -7044.660 / Time: 1h:10m:2s (0h:0m:36s left)
Iteration 2190 / LogL: -7050.366 / Time: 1h:10m:27s (0h:0m:18s left)
Iteration 2200 / LogL: -7041.405 / Time: 1h:10m:52s (0h:0m:0s left)
Log-likelihood cutoff on original alignment: -7108.167
NOTE: Bootstrap correlation coefficient of split occurrence frequencies: 0.973
NOTE: UFBoot does not converge, continue at least 100 more iterations
Iteration 2210 / LogL: -7040.473 / Time: 1h:11m:19s (0h:2m:45s left)
Iteration 2220 / LogL: -7040.412 / Time: 1h:11m:44s (0h:2m:27s left)
Iteration 2230 / LogL: -7046.114 / Time: 1h:12m:9s (0h:2m:9s left)
Iteration 2240 / LogL: -7046.960 / Time: 1h:12m:36s (0h:1m:50s left)
Iteration 2250 / LogL: -7044.630 / Time: 1h:13m:1s (0h:1m:32s left)
Log-likelihood cutoff on original alignment: -7108.167
Iteration 2260 / LogL: -7046.120 / Time: 1h:13m:27s (0h:1m:14s left)
Iteration 2270 / LogL: -7041.810 / Time: 1h:13m:53s (0h:0m:55s left)
Iteration 2280 / LogL: -7044.183 / Time: 1h:14m:19s (0h:0m:37s left)
Iteration 2290 / LogL: -7040.554 / Time: 1h:14m:45s (0h:0m:18s left)
Iteration 2300 / LogL: -7040.431 / Time: 1h:15m:10s (0h:0m:0s left)
Log-likelihood cutoff on original alignment: -7108.167
NOTE: Bootstrap correlation coefficient of split occurrence frequencies: 0.976
NOTE: UFBoot does not converge, continue at least 100 more iterations
Iteration 2310 / LogL: -7048.213 / Time: 1h:15m:37s (0h:2m:48s left)
Iteration 2320 / LogL: -7040.616 / Time: 1h:16m:3s (0h:2m:29s left)
Iteration 2330 / LogL: -7043.479 / Time: 1h:16m:30s (0h:2m:11s left)
Iteration 2340 / LogL: -7040.409 / Time: 1h:16m:55s (0h:1m:52s left)
BETTER TREE FOUND at iteration 2348: -7040.389
Iteration 2350 / LogL: -7040.477 / Time: 1h:17m:22s (0h:3m:4s left)
Log-likelihood cutoff on original alignment: -7108.167
Iteration 2360 / LogL: -7044.778 / Time: 1h:17m:49s (0h:2m:45s left)
Iteration 2370 / LogL: -7055.495 / Time: 1h:18m:15s (0h:2m:27s left)
Iteration 2380 / LogL: -7046.215 / Time: 1h:18m:41s (0h:2m:8s left)
Iteration 2390 / LogL: -7046.206 / Time: 1h:19m:7s (0h:1m:49s left)
Iteration 2400 / LogL: -7046.425 / Time: 1h:19m:33s (0h:1m:31s left)
Log-likelihood cutoff on original alignment: -7108.167
NOTE: Bootstrap correlation coefficient of split occurrence frequencies: 0.975
NOTE: UFBoot does not converge, continue at least 100 more iterations
Iteration 2410 / LogL: -7050.491 / Time: 1h:20m:1s (0h:2m:51s left)
Iteration 2420 / LogL: -7040.410 / Time: 1h:20m:28s (0h:2m:32s left)
Iteration 2430 / LogL: -7040.421 / Time: 1h:20m:55s (0h:2m:13s left)
Iteration 2440 / LogL: -7040.404 / Time: 1h:21m:22s (0h:1m:54s left)
Iteration 2450 / LogL: -7043.711 / Time: 1h:21m:50s (0h:1m:35s left)
Log-likelihood cutoff on original alignment: -7108.167
Iteration 2460 / LogL: -7040.399 / Time: 1h:22m:17s (0h:1m:16s left)
Iteration 2470 / LogL: -7040.406 / Time: 1h:22m:43s (0h:0m:57s left)
Iteration 2480 / LogL: -7041.879 / Time: 1h:23m:10s (0h:0m:38s left)
Iteration 2490 / LogL: -7045.596 / Time: 1h:23m:37s (0h:0m:19s left)
Iteration 2500 / LogL: -7052.039 / Time: 1h:24m:4s (0h:0m:0s left)
Log-likelihood cutoff on original alignment: -7108.167
NOTE: Bootstrap correlation coefficient of split occurrence frequencies: 0.975
NOTE: UFBoot does not converge, continue at least 100 more iterations
Iteration 2510 / LogL: -7043.439 / Time: 1h:24m:33s (0h:2m:54s left)
Iteration 2520 / LogL: -7040.474 / Time: 1h:25m:0s (0h:2m:34s left)
Iteration 2530 / LogL: -7040.575 / Time: 1h:25m:27s (0h:2m:15s left)
Iteration 2540 / LogL: -7047.170 / Time: 1h:25m:55s (0h:1m:56s left)
Iteration 2550 / LogL: -7042.181 / Time: 1h:26m:22s (0h:1m:37s left)
Log-likelihood cutoff on original alignment: -7108.167
Iteration 2560 / LogL: -7048.961 / Time: 1h:26m:50s (0h:1m:17s left)
Iteration 2570 / LogL: -7040.418 / Time: 1h:27m:17s (0h:0m:58s left)
Iteration 2580 / LogL: -7045.967 / Time: 1h:27m:45s (0h:0m:39s left)
Iteration 2590 / LogL: -7040.402 / Time: 1h:28m:13s (0h:0m:19s left)
Iteration 2600 / LogL: -7040.432 / Time: 1h:28m:41s (0h:0m:0s left)
Log-likelihood cutoff on original alignment: -7108.167
NOTE: Bootstrap correlation coefficient of split occurrence frequencies: 0.976
NOTE: UFBoot does not converge, continue at least 100 more iterations
Iteration 2610 / LogL: -7040.547 / Time: 1h:29m:8s (0h:2m:56s left)
Iteration 2620 / LogL: -7053.445 / Time: 1h:29m:37s (0h:2m:37s left)
Iteration 2630 / LogL: -7041.999 / Time: 1h:30m:5s (0h:2m:18s left)
Iteration 2640 / LogL: -7045.551 / Time: 1h:30m:32s (0h:1m:58s left)
Iteration 2650 / LogL: -7040.406 / Time: 1h:31m:1s (0h:1m:38s left)
Log-likelihood cutoff on original alignment: -7108.167
Iteration 2660 / LogL: -7040.539 / Time: 1h:31m:30s (0h:1m:19s left)
Iteration 2670 / LogL: -7040.602 / Time: 1h:31m:59s (0h:0m:59s left)
Iteration 2680 / LogL: -7041.624 / Time: 1h:32m:27s (0h:0m:39s left)
Iteration 2690 / LogL: -7058.491 / Time: 1h:32m:56s (0h:0m:19s left)
Iteration 2700 / LogL: -7042.235 / Time: 1h:33m:23s (0h:0m:0s left)
Log-likelihood cutoff on original alignment: -7108.167
NOTE: Bootstrap correlation coefficient of split occurrence frequencies: 0.980
NOTE: UFBoot does not converge, continue at least 100 more iterations
Iteration 2710 / LogL: -7043.080 / Time: 1h:33m:53s (0h:2m:59s left)
Iteration 2720 / LogL: -7044.777 / Time: 1h:34m:21s (0h:2m:40s left)
Iteration 2730 / LogL: -7050.659 / Time: 1h:34m:50s (0h:2m:20s left)
Iteration 2740 / LogL: -7046.106 / Time: 1h:35m:20s (0h:2m:0s left)
Iteration 2750 / LogL: -7040.425 / Time: 1h:35m:49s (0h:1m:40s left)
Log-likelihood cutoff on original alignment: -7108.167
Iteration 2760 / LogL: -7041.880 / Time: 1h:36m:18s (0h:1m:20s left)
Iteration 2770 / LogL: -7045.771 / Time: 1h:36m:48s (0h:1m:0s left)
Iteration 2780 / LogL: -7047.517 / Time: 1h:37m:17s (0h:0m:40s left)
Iteration 2790 / LogL: -7040.406 / Time: 1h:37m:46s (0h:0m:20s left)
Iteration 2800 / LogL: -7053.239 / Time: 1h:38m:16s (0h:0m:0s left)
Log-likelihood cutoff on original alignment: -7108.167
NOTE: Bootstrap correlation coefficient of split occurrence frequencies: 0.980
NOTE: UFBoot does not converge, continue at least 100 more iterations
Iteration 2810 / LogL: -7044.175 / Time: 1h:38m:46s (0h:3m:2s left)
Iteration 2820 / LogL: -7040.405 / Time: 1h:39m:15s (0h:2m:42s left)
Iteration 2830 / LogL: -7044.688 / Time: 1h:39m:45s (0h:2m:22s left)
Iteration 2840 / LogL: -7042.008 / Time: 1h:40m:14s (0h:2m:2s left)
Iteration 2850 / LogL: -7059.064 / Time: 1h:40m:43s (0h:1m:42s left)
Log-likelihood cutoff on original alignment: -7108.167
Iteration 2860 / LogL: -7040.417 / Time: 1h:41m:14s (0h:1m:21s left)
Iteration 2870 / LogL: -7040.785 / Time: 1h:41m:44s (0h:1m:1s left)
Iteration 2880 / LogL: -7042.102 / Time: 1h:42m:14s (0h:0m:41s left)
Iteration 2890 / LogL: -7044.657 / Time: 1h:42m:44s (0h:0m:20s left)
Iteration 2900 / LogL: -7043.144 / Time: 1h:43m:14s (0h:0m:0s left)
Log-likelihood cutoff on original alignment: -7108.167
NOTE: Bootstrap correlation coefficient of split occurrence frequencies: 0.979
NOTE: UFBoot does not converge, continue at least 100 more iterations
Iteration 2910 / LogL: -7051.842 / Time: 1h:43m:44s (0h:3m:5s left)
Iteration 2920 / LogL: -7040.484 / Time: 1h:44m:15s (0h:2m:45s left)
BETTER TREE FOUND at iteration 2925: -7040.389
Iteration 2930 / LogL: -7050.489 / Time: 1h:44m:44s (0h:3m:16s left)
Iteration 2940 / LogL: -7050.845 / Time: 1h:45m:14s (0h:2m:56s left)
Iteration 2950 / LogL: -7040.405 / Time: 1h:45m:45s (0h:2m:35s left)
Log-likelihood cutoff on original alignment: -7108.167
Iteration 2960 / LogL: -7040.415 / Time: 1h:46m:16s (0h:2m:15s left)
Iteration 2970 / LogL: -7050.686 / Time: 1h:46m:46s (0h:1m:54s left)
Iteration 2980 / LogL: -7049.351 / Time: 1h:47m:15s (0h:1m:33s left)
Iteration 2990 / LogL: -7040.405 / Time: 1h:47m:46s (0h:1m:13s left)
BETTER TREE FOUND at iteration 2993: -7040.387
Iteration 3000 / LogL: -7047.975 / Time: 1h:48m:16s (0h:3m:14s left)
Log-likelihood cutoff on original alignment: -7108.167
NOTE: Bootstrap correlation coefficient of split occurrence frequencies: 0.981
NOTE: UFBoot does not converge, continue at least 100 more iterations
Iteration 3010 / LogL: -7046.273 / Time: 1h:48m:47s (0h:3m:8s left)
Estimate model parameters (epsilon = 0.100)
BETTER TREE FOUND at iteration 3015: -7040.291
Iteration 3020 / LogL: -7040.484 / Time: 1h:49m:18s (0h:3m:19s left)
Iteration 3030 / LogL: -7040.412 / Time: 1h:49m:47s (0h:2m:58s left)
Iteration 3040 / LogL: -7046.390 / Time: 1h:50m:18s (0h:2m:37s left)
Iteration 3050 / LogL: -7040.535 / Time: 1h:50m:48s (0h:2m:17s left)
Log-likelihood cutoff on original alignment: -7108.167
Iteration 3060 / LogL: -7045.515 / Time: 1h:51m:21s (0h:1m:56s left)
Iteration 3070 / LogL: -7040.440 / Time: 1h:51m:51s (0h:1m:35s left)
Iteration 3080 / LogL: -7046.670 / Time: 1h:52m:22s (0h:1m:14s left)
Iteration 3090 / LogL: -7050.499 / Time: 1h:52m:52s (0h:0m:53s left)
Iteration 3100 / LogL: -7041.391 / Time: 1h:53m:23s (0h:0m:31s left)
Log-likelihood cutoff on original alignment: -7108.167
NOTE: Bootstrap correlation coefficient of split occurrence frequencies: 0.979
NOTE: UFBoot does not converge, continue at least 100 more iterations
Iteration 3110 / LogL: -7040.399 / Time: 1h:53m:55s (0h:3m:11s left)
Iteration 3120 / LogL: -7048.470 / Time: 1h:54m:26s (0h:2m:50s left)
Estimate model parameters (epsilon = 0.100)
BETTER TREE FOUND at iteration 3129: -7040.198
Iteration 3130 / LogL: -7045.075 / Time: 1h:54m:57s (0h:3m:31s left)
BETTER TREE FOUND at iteration 3131: -7040.190
BETTER TREE FOUND at iteration 3137: -7040.187
Estimate model parameters (epsilon = 0.100)
BETTER TREE FOUND at iteration 3139: -7039.941
Iteration 3140 / LogL: -7051.885 / Time: 1h:55m:30s (0h:3m:31s left)
Iteration 3150 / LogL: -7047.389 / Time: 1h:56m:1s (0h:3m:10s left)
Log-likelihood cutoff on original alignment: -7108.167
Iteration 3160 / LogL: -7044.582 / Time: 1h:56m:35s (0h:2m:49s left)
Iteration 3170 / LogL: -7039.950 / Time: 1h:57m:6s (0h:2m:28s left)
Iteration 3180 / LogL: -7060.541 / Time: 1h:57m:38s (0h:2m:6s left)
Iteration 3190 / LogL: -7050.158 / Time: 1h:58m:9s (0h:1m:45s left)
Iteration 3200 / LogL: -7048.782 / Time: 1h:58m:41s (0h:1m:24s left)
Log-likelihood cutoff on original alignment: -7108.167
NOTE: Bootstrap correlation coefficient of split occurrence frequencies: 0.973
NOTE: UFBoot does not converge, continue at least 100 more iterations
Iteration 3210 / LogL: -7063.614 / Time: 1h:59m:12s (0h:3m:14s left)
Iteration 3220 / LogL: -7054.404 / Time: 1h:59m:45s (0h:2m:53s left)
Iteration 3230 / LogL: -7039.955 / Time: 2h:0m:16s (0h:2m:31s left)
Iteration 3240 / LogL: -7055.034 / Time: 2h:0m:49s (0h:2m:10s left)
Iteration 3250 / LogL: -7041.417 / Time: 2h:1m:21s (0h:1m:48s left)
Log-likelihood cutoff on original alignment: -7108.167
Iteration 3260 / LogL: -7049.380 / Time: 2h:1m:55s (0h:1m:27s left)
Iteration 3270 / LogL: -7044.167 / Time: 2h:2m:27s (0h:1m:5s left)
Iteration 3280 / LogL: -7039.962 / Time: 2h:3m:1s (0h:0m:43s left)
Iteration 3290 / LogL: -7040.282 / Time: 2h:3m:33s (0h:0m:21s left)
Iteration 3300 / LogL: -7039.951 / Time: 2h:4m:6s (0h:0m:0s left)
Log-likelihood cutoff on original alignment: -7108.167
NOTE: Bootstrap correlation coefficient of split occurrence frequencies: 0.974
NOTE: UFBoot does not converge, continue at least 100 more iterations
Iteration 3310 / LogL: -7046.627 / Time: 2h:4m:39s (0h:3m:17s left)
Iteration 3320 / LogL: -7045.824 / Time: 2h:5m:12s (0h:2m:55s left)
Iteration 3330 / LogL: -7049.395 / Time: 2h:5m:44s (0h:2m:33s left)
Iteration 3340 / LogL: -7044.416 / Time: 2h:6m:17s (0h:2m:12s left)
BETTER TREE FOUND at iteration 3342: -7039.940
Iteration 3350 / LogL: -7039.950 / Time: 2h:6m:50s (0h:3m:22s left)
Log-likelihood cutoff on original alignment: -7108.167
Iteration 3360 / LogL: -7045.371 / Time: 2h:7m:24s (0h:3m:1s left)
Iteration 3370 / LogL: -7040.336 / Time: 2h:7m:57s (0h:2m:39s left)
BETTER TREE FOUND at iteration 3377: -7039.933
Iteration 3380 / LogL: -7044.324 / Time: 2h:8m:30s (0h:3m:34s left)
Iteration 3390 / LogL: -7044.438 / Time: 2h:9m:3s (0h:3m:13s left)
Iteration 3400 / LogL: -7044.349 / Time: 2h:9m:37s (0h:2m:51s left)
Log-likelihood cutoff on original alignment: -7108.167
NOTE: Bootstrap correlation coefficient of split occurrence frequencies: 0.973
NOTE: UFBoot does not converge, continue at least 100 more iterations
Iteration 3410 / LogL: -7039.964 / Time: 2h:10m:11s (0h:3m:20s left)
Iteration 3420 / LogL: -7042.596 / Time: 2h:10m:45s (0h:2m:58s left)
Iteration 3430 / LogL: -7048.450 / Time: 2h:11m:18s (0h:2m:36s left)
Iteration 3440 / LogL: -7039.943 / Time: 2h:11m:51s (0h:2m:14s left)
Iteration 3450 / LogL: -7042.021 / Time: 2h:12m:24s (0h:1m:51s left)
Log-likelihood cutoff on original alignment: -7108.167
Iteration 3460 / LogL: -7039.956 / Time: 2h:12m:59s (0h:1m:29s left)
Iteration 3470 / LogL: -7043.792 / Time: 2h:13m:32s (0h:1m:7s left)
Iteration 3480 / LogL: -7040.184 / Time: 2h:14m:6s (0h:0m:44s left)
Iteration 3490 / LogL: -7040.185 / Time: 2h:14m:40s (0h:0m:22s left)
Iteration 3500 / LogL: -7039.962 / Time: 2h:15m:14s (0h:0m:0s left)
Log-likelihood cutoff on original alignment: -7108.167
NOTE: Bootstrap correlation coefficient of split occurrence frequencies: 0.974
NOTE: UFBoot does not converge, continue at least 100 more iterations
Iteration 3510 / LogL: -7041.664 / Time: 2h:15m:48s (0h:3m:23s left)
Iteration 3520 / LogL: -7040.817 / Time: 2h:16m:24s (0h:3m:1s left)
Iteration 3530 / LogL: -7044.946 / Time: 2h:16m:59s (0h:2m:38s left)
Iteration 3540 / LogL: -7041.650 / Time: 2h:17m:32s (0h:2m:16s left)
Iteration 3550 / LogL: -7040.019 / Time: 2h:18m:7s (0h:1m:53s left)
Log-likelihood cutoff on original alignment: -7108.167
Iteration 3560 / LogL: -7077.350 / Time: 2h:18m:42s (0h:1m:31s left)
Iteration 3570 / LogL: -7040.182 / Time: 2h:19m:17s (0h:1m:8s left)
Iteration 3580 / LogL: -7039.933 / Time: 2h:19m:51s (0h:0m:45s left)
Iteration 3590 / LogL: -7042.833 / Time: 2h:20m:25s (0h:0m:22s left)
Iteration 3600 / LogL: -7049.164 / Time: 2h:20m:59s (0h:0m:0s left)
Log-likelihood cutoff on original alignment: -7108.167
NOTE: Bootstrap correlation coefficient of split occurrence frequencies: 0.973
NOTE: UFBoot does not converge, continue at least 100 more iterations
Iteration 3610 / LogL: -7044.355 / Time: 2h:21m:35s (0h:3m:26s left)
Iteration 3620 / LogL: -7045.701 / Time: 2h:22m:12s (0h:3m:3s left)
Iteration 3630 / LogL: -7049.748 / Time: 2h:22m:46s (0h:2m:40s left)
Iteration 3640 / LogL: -7043.626 / Time: 2h:23m:21s (0h:2m:18s left)
Iteration 3650 / LogL: -7039.948 / Time: 2h:23m:55s (0h:1m:55s left)
Log-likelihood cutoff on original alignment: -7108.167
Iteration 3660 / LogL: -7042.603 / Time: 2h:24m:32s (0h:1m:32s left)
Iteration 3670 / LogL: -7041.414 / Time: 2h:25m:6s (0h:1m:9s left)
Iteration 3680 / LogL: -7057.864 / Time: 2h:25m:42s (0h:0m:46s left)
Iteration 3690 / LogL: -7049.505 / Time: 2h:26m:17s (0h:0m:23s left)
Iteration 3700 / LogL: -7046.382 / Time: 2h:26m:52s (0h:0m:0s left)
Log-likelihood cutoff on original alignment: -7108.167
NOTE: Bootstrap correlation coefficient of split occurrence frequencies: 0.972
NOTE: UFBoot does not converge, continue at least 100 more iterations
Iteration 3710 / LogL: -7040.839 / Time: 2h:27m:28s (0h:3m:29s left)
Iteration 3720 / LogL: -7050.095 / Time: 2h:28m:3s (0h:3m:6s left)
Iteration 3730 / LogL: -7040.192 / Time: 2h:28m:40s (0h:2m:43s left)
Iteration 3740 / LogL: -7046.117 / Time: 2h:29m:17s (0h:2m:20s left)
Estimate model parameters (epsilon = 0.100)
BETTER TREE FOUND at iteration 3744: -7039.228
Iteration 3750 / LogL: -7039.345 / Time: 2h:29m:52s (0h:3m:39s left)
Log-likelihood cutoff on original alignment: -7108.167
Iteration 3760 / LogL: -7048.258 / Time: 2h:30m:29s (0h:3m:16s left)
Estimate model parameters (epsilon = 0.100)
BETTER TREE FOUND at iteration 3761: -7038.559
Iteration 3770 / LogL: -7039.472 / Time: 2h:31m:5s (0h:3m:33s left)
Iteration 3780 / LogL: -7045.746 / Time: 2h:31m:41s (0h:3m:10s left)
Iteration 3790 / LogL: -7043.470 / Time: 2h:32m:17s (0h:2m:47s left)
Estimate model parameters (epsilon = 0.100)
BETTER TREE FOUND at iteration 3795: -7038.398
Iteration 3800 / LogL: -7050.735 / Time: 2h:32m:55s (0h:3m:43s left)
Log-likelihood cutoff on original alignment: -7108.167
NOTE: Bootstrap correlation coefficient of split occurrence frequencies: 0.949
NOTE: UFBoot does not converge, continue at least 100 more iterations
Iteration 3810 / LogL: -7043.671 / Time: 2h:33m:33s (0h:3m:32s left)
Iteration 3820 / LogL: -7047.014 / Time: 2h:34m:10s (0h:3m:9s left)
Estimate model parameters (epsilon = 0.100)
BETTER TREE FOUND at iteration 3823: -7037.463
Iteration 3830 / LogL: -7050.952 / Time: 2h:34m:47s (0h:3m:40s left)
Iteration 3840 / LogL: -7043.451 / Time: 2h:35m:24s (0h:3m:16s left)
Iteration 3850 / LogL: -7038.407 / Time: 2h:36m:1s (0h:2m:53s left)
Log-likelihood cutoff on original alignment: -7108.167
Iteration 3860 / LogL: -7038.454 / Time: 2h:36m:40s (0h:2m:29s left)
Iteration 3870 / LogL: -7060.596 / Time: 2h:37m:17s (0h:2m:6s left)
Iteration 3880 / LogL: -7048.252 / Time: 2h:37m:54s (0h:1m:42s left)
BETTER TREE FOUND at iteration 3890: -7037.460
Iteration 3890 / LogL: -7037.460 / Time: 2h:38m:30s (0h:3m:58s left)
BETTER TREE FOUND at iteration 3894: -7037.456
Iteration 3900 / LogL: -7037.705 / Time: 2h:39m:7s (0h:3m:44s left)
Log-likelihood cutoff on original alignment: -7108.167
NOTE: Bootstrap correlation coefficient of split occurrence frequencies: 0.924
NOTE: UFBoot does not converge, continue at least 100 more iterations
Iteration 3910 / LogL: -7047.924 / Time: 2h:39m:46s (0h:3m:35s left)
Iteration 3920 / LogL: -7038.710 / Time: 2h:40m:22s (0h:3m:11s left)
Iteration 3930 / LogL: -7044.100 / Time: 2h:40m:59s (0h:2m:48s left)
BETTER TREE FOUND at iteration 3934: -7037.450
Iteration 3940 / LogL: -7037.562 / Time: 2h:41m:35s (0h:3m:46s left)
Iteration 3950 / LogL: -7037.475 / Time: 2h:42m:13s (0h:3m:22s left)
Log-likelihood cutoff on original alignment: -7108.167
Iteration 3960 / LogL: -7039.363 / Time: 2h:42m:52s (0h:2m:58s left)
Iteration 3970 / LogL: -7046.537 / Time: 2h:43m:29s (0h:2m:34s left)
Iteration 3980 / LogL: -7042.736 / Time: 2h:44m:7s (0h:2m:10s left)
Iteration 3990 / LogL: -7037.717 / Time: 2h:44m:46s (0h:1m:46s left)
Iteration 4000 / LogL: -7042.769 / Time: 2h:45m:23s (0h:1m:22s left)
Log-likelihood cutoff on original alignment: -7108.167
NOTE: Bootstrap correlation coefficient of split occurrence frequencies: 0.921
NOTE: UFBoot does not converge, continue at least 100 more iterations
Iteration 4010 / LogL: -7048.287 / Time: 2h:46m:2s (0h:3m:38s left)
Iteration 4020 / LogL: -7042.439 / Time: 2h:46m:39s (0h:3m:14s left)
Iteration 4030 / LogL: -7040.792 / Time: 2h:47m:18s (0h:2m:50s left)
Iteration 4040 / LogL: -7037.748 / Time: 2h:47m:56s (0h:2m:26s left)
Iteration 4050 / LogL: -7046.445 / Time: 2h:48m:33s (0h:2m:2s left)
Log-likelihood cutoff on original alignment: -7108.167
Iteration 4060 / LogL: -7057.466 / Time: 2h:49m:14s (0h:1m:37s left)
Iteration 4070 / LogL: -7048.461 / Time: 2h:49m:53s (0h:1m:13s left)
Iteration 4080 / LogL: -7041.221 / Time: 2h:50m:31s (0h:0m:49s left)
Iteration 4090 / LogL: -7037.458 / Time: 2h:51m:10s (0h:0m:24s left)
BETTER TREE FOUND at iteration 4096: -7037.449
Iteration 4100 / LogL: -7041.669 / Time: 2h:51m:48s (0h:3m:56s left)
Log-likelihood cutoff on original alignment: -7108.167
NOTE: Bootstrap correlation coefficient of split occurrence frequencies: 0.917
NOTE: UFBoot does not converge, continue at least 100 more iterations
BETTER TREE FOUND at iteration 4110: -7037.445
Iteration 4110 / LogL: -7037.445 / Time: 2h:52m:27s (0h:4m:6s left)
BETTER TREE FOUND at iteration 4116: -7037.444
Iteration 4120 / LogL: -7043.425 / Time: 2h:53m:6s (0h:3m:56s left)
Iteration 4130 / LogL: -7037.684 / Time: 2h:53m:44s (0h:3m:32s left)
Iteration 4140 / LogL: -7037.691 / Time: 2h:54m:23s (0h:3m:8s left)
Iteration 4150 / LogL: -7040.476 / Time: 2h:55m:2s (0h:2m:43s left)
Log-likelihood cutoff on original alignment: -7108.167
Iteration 4160 / LogL: -7037.610 / Time: 2h:55m:43s (0h:2m:18s left)
Estimate model parameters (epsilon = 0.100)
BETTER TREE FOUND at iteration 4163: -7037.176
Iteration 4170 / LogL: -7059.270 / Time: 2h:56m:22s (0h:3m:51s left)
Estimate model parameters (epsilon = 0.100)
BETTER TREE FOUND at iteration 4176: -7037.160
Iteration 4180 / LogL: -7037.681 / Time: 2h:57m:3s (0h:3m:58s left)
Iteration 4190 / LogL: -7045.106 / Time: 2h:57m:42s (0h:3m:34s left)
Iteration 4200 / LogL: -7048.869 / Time: 2h:58m:22s (0h:3m:9s left)
Log-likelihood cutoff on original alignment: -7108.167
NOTE: Bootstrap correlation coefficient of split occurrence frequencies: 0.915
NOTE: UFBoot does not converge, continue at least 100 more iterations
Iteration 4210 / LogL: -7045.349 / Time: 2h:59m:1s (0h:3m:44s left)
BETTER TREE FOUND at iteration 4218: -7037.158
BETTER TREE FOUND at iteration 4219: -7037.150
Iteration 4220 / LogL: -7037.426 / Time: 2h:59m:41s (0h:4m:7s left)
Iteration 4230 / LogL: -7042.869 / Time: 3h:0m:21s (0h:3m:43s left)
Iteration 4240 / LogL: -7052.133 / Time: 3h:1m:1s (0h:3m:18s left)
Iteration 4250 / LogL: -7042.244 / Time: 3h:1m:41s (0h:2m:53s left)
Log-likelihood cutoff on original alignment: -7108.167
Estimate model parameters (epsilon = 0.100)
BETTER TREE FOUND at iteration 4255: -7037.131
Iteration 4260 / LogL: -7038.001 / Time: 3h:2m:23s (0h:3m:59s left)
Iteration 4270 / LogL: -7038.589 / Time: 3h:3m:2s (0h:3m:34s left)
Iteration 4280 / LogL: -7037.164 / Time: 3h:3m:42s (0h:3m:9s left)
BETTER TREE FOUND at iteration 4284: -7037.130
Iteration 4290 / LogL: -7044.633 / Time: 3h:4m:22s (0h:3m:57s left)
Iteration 4300 / LogL: -7045.969 / Time: 3h:5m:1s (0h:3m:32s left)
Log-likelihood cutoff on original alignment: -7105.010
NOTE: Bootstrap correlation coefficient of split occurrence frequencies: 0.915
NOTE: UFBoot does not converge, continue at least 100 more iterations
Iteration 4310 / LogL: -7044.882 / Time: 3h:5m:42s (0h:3m:48s left)
Iteration 4320 / LogL: -7046.950 / Time: 3h:6m:23s (0h:3m:23s left)
Estimate model parameters (epsilon = 0.100)
BETTER TREE FOUND at iteration 4325: -7037.112
Iteration 4330 / LogL: -7038.569 / Time: 3h:7m:2s (0h:4m:1s left)
Iteration 4340 / LogL: -7037.370 / Time: 3h:7m:42s (0h:3m:36s left)
Iteration 4350 / LogL: -7053.201 / Time: 3h:8m:21s (0h:3m:11s left)
Log-likelihood cutoff on original alignment: -7105.010
Estimate model parameters (epsilon = 0.100)
BETTER TREE FOUND at iteration 4352: -7037.052
Iteration 4360 / LogL: -7041.972 / Time: 3h:9m:4s (0h:3m:54s left)
Iteration 4370 / LogL: -7051.393 / Time: 3h:9m:45s (0h:3m:29s left)
Iteration 4380 / LogL: -7039.810 / Time: 3h:10m:25s (0h:3m:4s left)
Iteration 4390 / LogL: -7037.364 / Time: 3h:11m:6s (0h:2m:38s left)
BETTER TREE FOUND at iteration 4392: -7037.051
Iteration 4400 / LogL: -7038.552 / Time: 3h:11m:46s (0h:3m:56s left)
Log-likelihood cutoff on original alignment: -7105.010
NOTE: Bootstrap correlation coefficient of split occurrence frequencies: 0.916
NOTE: UFBoot does not converge, continue at least 100 more iterations
Iteration 4410 / LogL: -7041.122 / Time: 3h:12m:27s (0h:3m:51s left)
BETTER TREE FOUND at iteration 4420: -7037.049
Iteration 4420 / LogL: -7037.049 / Time: 3h:13m:8s (0h:4m:17s left)
Iteration 4430 / LogL: -7038.747 / Time: 3h:13m:49s (0h:3m:51s left)
BETTER TREE FOUND at iteration 4437: -7037.048
Iteration 4440 / LogL: -7043.607 / Time: 3h:14m:29s (0h:4m:10s left)
Iteration 4450 / LogL: -7059.403 / Time: 3h:15m:10s (0h:3m:44s left)
Log-likelihood cutoff on original alignment: -7105.010
Iteration 4460 / LogL: -7044.396 / Time: 3h:15m:52s (0h:3m:19s left)
BETTER TREE FOUND at iteration 4462: -7037.046
Iteration 4470 / LogL: -7037.204 / Time: 3h:16m:33s (0h:3m:58s left)
Iteration 4480 / LogL: -7042.887 / Time: 3h:17m:15s (0h:3m:32s left)
Iteration 4490 / LogL: -7037.054 / Time: 3h:17m:58s (0h:3m:6s left)
Iteration 4500 / LogL: -7038.857 / Time: 3h:18m:38s (0h:2m:41s left)
Log-likelihood cutoff on original alignment: -7105.010
NOTE: Bootstrap correlation coefficient of split occurrence frequencies: 0.917
NOTE: UFBoot does not converge, continue at least 100 more iterations
Iteration 4510 / LogL: -7037.281 / Time: 3h:19m:21s (0h:3m:54s left)
Iteration 4520 / LogL: -7039.945 / Time: 3h:20m:3s (0h:3m:28s left)
BETTER TREE FOUND at iteration 4525: -7037.038
Iteration 4530 / LogL: -7043.643 / Time: 3h:20m:46s (0h:4m:8s left)
Iteration 4540 / LogL: -7037.606 / Time: 3h:21m:28s (0h:3m:42s left)
Iteration 4550 / LogL: -7037.067 / Time: 3h:22m:9s (0h:3m:16s left)
Log-likelihood cutoff on original alignment: -7105.010
Iteration 4560 / LogL: -7041.505 / Time: 3h:22m:53s (0h:2m:50s left)
Iteration 4570 / LogL: -7046.426 / Time: 3h:23m:35s (0h:2m:24s left)
Iteration 4580 / LogL: -7037.042 / Time: 3h:24m:17s (0h:1m:58s left)
Iteration 4590 / LogL: -7039.837 / Time: 3h:24m:59s (0h:1m:32s left)
Iteration 4600 / LogL: -7040.471 / Time: 3h:25m:41s (0h:1m:5s left)
Log-likelihood cutoff on original alignment: -7105.010
NOTE: Bootstrap correlation coefficient of split occurrence frequencies: 0.916
NOTE: UFBoot does not converge, continue at least 100 more iterations
Iteration 4610 / LogL: -7038.806 / Time: 3h:26m:24s (0h:3m:57s left)
Iteration 4620 / LogL: -7038.802 / Time: 3h:27m:7s (0h:3m:31s left)
Iteration 4630 / LogL: -7041.057 / Time: 3h:27m:49s (0h:3m:5s left)
Iteration 4640 / LogL: -7037.285 / Time: 3h:28m:33s (0h:2m:38s left)
BETTER TREE FOUND at iteration 4647: -7037.035
Iteration 4650 / LogL: -7038.511 / Time: 3h:29m:16s (0h:4m:17s left)
Log-likelihood cutoff on original alignment: -7105.010
Iteration 4660 / LogL: -7037.289 / Time: 3h:29m:59s (0h:3m:51s left)
BETTER TREE FOUND at iteration 4664: -7037.030
Iteration 4670 / LogL: -7041.832 / Time: 3h:30m:42s (0h:4m:10s left)
Iteration 4680 / LogL: -7038.292 / Time: 3h:31m:25s (0h:3m:43s left)
Iteration 4690 / LogL: -7043.952 / Time: 3h:32m:7s (0h:3m:17s left)
Iteration 4700 / LogL: -7037.037 / Time: 3h:32m:50s (0h:2m:50s left)
Log-likelihood cutoff on original alignment: -7105.010
NOTE: Bootstrap correlation coefficient of split occurrence frequencies: 0.917
NOTE: UFBoot does not converge, continue at least 100 more iterations
Iteration 4710 / LogL: -7037.210 / Time: 3h:33m:35s (0h:4m:0s left)
Iteration 4720 / LogL: -7037.032 / Time: 3h:34m:16s (0h:3m:34s left)
Iteration 4730 / LogL: -7058.209 / Time: 3h:35m:0s (0h:3m:7s left)
Iteration 4740 / LogL: -7049.933 / Time: 3h:35m:44s (0h:2m:41s left)
Iteration 4750 / LogL: -7044.660 / Time: 3h:36m:26s (0h:2m:14s left)
Log-likelihood cutoff on original alignment: -7105.010
Iteration 4760 / LogL: -7037.064 / Time: 3h:37m:10s (0h:1m:47s left)
Iteration 4770 / LogL: -7039.021 / Time: 3h:37m:54s (0h:1m:20s left)
Iteration 4780 / LogL: -7039.483 / Time: 3h:38m:37s (0h:0m:53s left)
Iteration 4790 / LogL: -7045.856 / Time: 3h:39m:21s (0h:0m:27s left)
Iteration 4800 / LogL: -7037.036 / Time: 3h:40m:4s (0h:0m:0s left)
Log-likelihood cutoff on original alignment: -7105.010
NOTE: Bootstrap correlation coefficient of split occurrence frequencies: 0.916
NOTE: UFBoot does not converge, continue at least 100 more iterations
Iteration 4810 / LogL: -7040.154 / Time: 3h:40m:48s (0h:4m:3s left)
Iteration 4820 / LogL: -7038.099 / Time: 3h:41m:32s (0h:3m:36s left)
Iteration 4830 / LogL: -7040.443 / Time: 3h:42m:16s (0h:3m:10s left)
Iteration 4840 / LogL: -7039.617 / Time: 3h:43m:0s (0h:2m:43s left)
Iteration 4850 / LogL: -7037.429 / Time: 3h:43m:43s (0h:2m:16s left)
Log-likelihood cutoff on original alignment: -7105.010
Iteration 4860 / LogL: -7041.478 / Time: 3h:44m:28s (0h:1m:49s left)
Iteration 4870 / LogL: -7037.103 / Time: 3h:45m:12s (0h:1m:21s left)
Iteration 4880 / LogL: -7038.951 / Time: 3h:45m:57s (0h:0m:54s left)
Iteration 4890 / LogL: -7040.564 / Time: 3h:46m:40s (0h:0m:27s left)
Iteration 4900 / LogL: -7037.823 / Time: 3h:47m:24s (0h:0m:0s left)
Log-likelihood cutoff on original alignment: -7105.010
NOTE: Bootstrap correlation coefficient of split occurrence frequencies: 0.917
NOTE: UFBoot does not converge, continue at least 100 more iterations
Iteration 4910 / LogL: -7037.281 / Time: 3h:48m:9s (0h:4m:6s left)
Iteration 4920 / LogL: -7043.764 / Time: 3h:48m:54s (0h:3m:39s left)
Iteration 4930 / LogL: -7040.698 / Time: 3h:49m:39s (0h:3m:12s left)
Iteration 4940 / LogL: -7037.279 / Time: 3h:50m:25s (0h:2m:45s left)
Iteration 4950 / LogL: -7039.834 / Time: 3h:51m:11s (0h:2m:17s left)
Log-likelihood cutoff on original alignment: -7105.010
Iteration 4960 / LogL: -7038.793 / Time: 3h:51m:55s (0h:1m:50s left)
Iteration 4970 / LogL: -7042.706 / Time: 3h:52m:41s (0h:1m:22s left)
Iteration 4980 / LogL: -7038.485 / Time: 3h:53m:27s (0h:0m:55s left)
Iteration 4990 / LogL: -7042.058 / Time: 3h:54m:13s (0h:0m:27s left)
Iteration 5000 / LogL: -7039.919 / Time: 3h:54m:57s (0h:0m:0s left)
Log-likelihood cutoff on original alignment: -7105.010
NOTE: Bootstrap correlation coefficient of split occurrence frequencies: 0.915
NOTE: UFBoot does not converge, continue at least 100 more iterations
WARNING: bootstrap analysis did not converge. You should rerun with higher number of iterations (-nm option)
TREE SEARCH COMPLETED AFTER 5001 ITERATIONS / Time: 3h:55m:5s

--------------------------------------------------------------------
|                    FINALIZING TREE SEARCH                        |
--------------------------------------------------------------------
Performs final model parameters optimization
Estimate model parameters (epsilon = 0.010)
1. Initial log-likelihood: -7037.030
Optimal log-likelihood: -7037.030
Rate parameters:  A-C: 3.08634  A-G: 6.95344  A-T: 1.00000  C-G: 3.08634  C-T: 4.39088  G-T: 1.00000
Base frequencies:  A: 0.211  C: 0.290  G: 0.270  T: 0.229
Proportion of invariable sites: 0.927
Gamma shape alpha: 0.502
Parameters optimization took 1 rounds (0.108 sec)
BEST SCORE FOUND : -7037.030

Testing tree branches by SH-like aLRT with 1000 replicates...
4.975 sec.
Creating bootstrap support values...
Split supports printed to NEXUS file /mnt/dv/wid/projects6/SolisLemus-Intbio-raw/processed-data/symbiosis_sorted_v2_consensus_sequences_50percent/gene_trees/nolG/04_tree_iupac_nm5000/nolG_consensus50_iupac_all_pass_nm5000.splits.nex
Total tree length: 0.162

Total number of iterations: 5001
CPU time used for tree search: 19543.886 sec (5h:25m:43s)
Wall-clock time used for tree search: 13846.787 sec (3h:50m:46s)
Total CPU time used: 20062.797 sec (5h:34m:22s)
Total wall-clock time used: 14114.872 sec (3h:55m:14s)

Computing bootstrap consensus tree...
Reading input file /mnt/dv/wid/projects6/SolisLemus-Intbio-raw/processed-data/symbiosis_sorted_v2_consensus_sequences_50percent/gene_trees/nolG/04_tree_iupac_nm5000/nolG_consensus50_iupac_all_pass_nm5000.splits.nex...
218 taxa and 13830 splits.
Consensus tree written to /mnt/dv/wid/projects6/SolisLemus-Intbio-raw/processed-data/symbiosis_sorted_v2_consensus_sequences_50percent/gene_trees/nolG/04_tree_iupac_nm5000/nolG_consensus50_iupac_all_pass_nm5000.contree
Reading input trees file /mnt/dv/wid/projects6/SolisLemus-Intbio-raw/processed-data/symbiosis_sorted_v2_consensus_sequences_50percent/gene_trees/nolG/04_tree_iupac_nm5000/nolG_consensus50_iupac_all_pass_nm5000.contree
Log-likelihood of consensus tree: -7044.266

Analysis results written to: 
  IQ-TREE report:                /mnt/dv/wid/projects6/SolisLemus-Intbio-raw/processed-data/symbiosis_sorted_v2_consensus_sequences_50percent/gene_trees/nolG/04_tree_iupac_nm5000/nolG_consensus50_iupac_all_pass_nm5000.iqtree
  Maximum-likelihood tree:       /mnt/dv/wid/projects6/SolisLemus-Intbio-raw/processed-data/symbiosis_sorted_v2_consensus_sequences_50percent/gene_trees/nolG/04_tree_iupac_nm5000/nolG_consensus50_iupac_all_pass_nm5000.treefile
  Likelihood distances:          /mnt/dv/wid/projects6/SolisLemus-Intbio-raw/processed-data/symbiosis_sorted_v2_consensus_sequences_50percent/gene_trees/nolG/04_tree_iupac_nm5000/nolG_consensus50_iupac_all_pass_nm5000.mldist

Ultrafast bootstrap approximation results written to:
  Split support values:          /mnt/dv/wid/projects6/SolisLemus-Intbio-raw/processed-data/symbiosis_sorted_v2_consensus_sequences_50percent/gene_trees/nolG/04_tree_iupac_nm5000/nolG_consensus50_iupac_all_pass_nm5000.splits.nex
  Consensus tree:                /mnt/dv/wid/projects6/SolisLemus-Intbio-raw/processed-data/symbiosis_sorted_v2_consensus_sequences_50percent/gene_trees/nolG/04_tree_iupac_nm5000/nolG_consensus50_iupac_all_pass_nm5000.contree
  Screen log file:               /mnt/dv/wid/projects6/SolisLemus-Intbio-raw/processed-data/symbiosis_sorted_v2_consensus_sequences_50percent/gene_trees/nolG/04_tree_iupac_nm5000/nolG_consensus50_iupac_all_pass_nm5000.log

Date and Time: Wed Aug  5 05:50:53 2026
