IQ-TREE version 3.1.1 for Linux x86 64-bit built Apr  8 2026
Developed by Bui Quang Minh, Thomas Wong, Nhan Ly-Trong, Huaiyan Ren
Contributed by Lam-Tung Nguyen, Dominik Schrempf, Chris Bielow,
Olga Chernomor, Michael Woodhams, Diep Thi Hoang, Heiko Schmidt

Host:    solislemus-001.discovery.wisc.edu (AVX512, FMA3, 1007 GB RAM)
Command: iqtree -s /mnt/dv/wid/projects6/SolisLemus-Intbio-raw/processed-data/symbiosis_sorted_v2_consensus_sequences_50percent/gene_trees/nolF/02_alignment/nolF_consensus50_iupac_all_pass.mafft.fasta -st DNA -m MFP -B 1000 -alrt 1000 -nm 5000 -T AUTO --prefix /mnt/dv/wid/projects6/SolisLemus-Intbio-raw/processed-data/symbiosis_sorted_v2_consensus_sequences_50percent/gene_trees/nolF/04_tree_iupac_nm5000/nolF_consensus50_iupac_all_pass_nm5000
Seed:    86855 (Using SPRNG - Scalable Parallel Random Number Generator)
Time:    Wed Aug  5 05:50:55 2026
Kernel:  AVX+FMA - auto-detect threads (72 CPU cores detected)

Reading alignment file /mnt/dv/wid/projects6/SolisLemus-Intbio-raw/processed-data/symbiosis_sorted_v2_consensus_sequences_50percent/gene_trees/nolF/02_alignment/nolF_consensus50_iupac_all_pass.mafft.fasta ... Fasta format detected
Reading fasta file: done in 0.0531664 secs using 5.127% CPU
Alignment most likely contains DNA/RNA sequences
Constructing alignment: done in 0.00436945 secs using 6864% CPU
WARNING: 2 sites contain only gaps or ambiguous characters.
Alignment has 209 sequences with 1110 columns, 213 distinct patterns
19 parsimony-informative, 30 singleton sites, 1061 constant sites
                                                                Gap/Ambiguity  Composition  p-value
Analyzing sequences: done in 0.000118183 secs using 231% CPU
   1  BLAN-1-1-No|nolF|consensus50|pass_single_dominant                 1.44%    passed     99.96%
   2  BLAN-1-1-Rh|nolF|consensus50|pass_single_dominant                 4.23%    passed     99.92%
   3  BLAN-1-1-Ro|nolF|consensus50|pass_single_dominant                 0.90%    passed     99.92%
   4  BLAN-2-1-No|nolF|consensus50|pass_single_dominant                 4.68%    passed     99.05%
   5  BLAN-2-1-Rh|nolF|consensus50|pass_single_dominant                 0.90%    passed     99.98%
   6  BLAN-2-1-Ro|nolF|consensus50|pass_single_dominant                 0.72%    passed     99.91%
   7  BLAN-3-1-No|nolF|consensus50|pass_single_dominant                 1.80%    passed    100.00%
   8  BLAN-3-1-Rh|nolF|consensus50|pass_single_dominant                 0.81%    passed     99.49%
   9  BLAN-3-1-Ro|nolF|consensus50|pass_single_dominant                 2.52%    passed     99.97%
  10  BLAN-4-1-No|nolF|consensus50|pass_single_dominant                 4.86%    passed     98.76%
  11  BLAN-4-1-Rh|nolF|consensus50|pass_single_dominant                 0.63%    passed     99.96%
  12  BLAN-4-1-Ro|nolF|consensus50|pass_single_dominant                 0.99%    passed     99.93%
  13  CLBJ-1-1-Ro|nolF|consensus50|pass_single_dominant                 7.39%    passed     95.03%
  14  CLBJ-18-1-Rh|nolF|consensus50|pass_single_dominant                7.66%    passed     96.44%
  15  CLBJ-26-1-Rh|nolF|consensus50|pass_single_dominant                0.99%    passed     99.98%
  16  CLBJ-40-1-Ro|nolF|consensus50|pass_single_dominant                0.90%    passed     99.98%
  17  CLBJ-5-2-No|nolF|consensus50|pass_single_dominant                 0.99%    passed     99.96%
  18  CPER-1-Rh|nolF|consensus50|pass_single_dominant                   4.23%    passed     99.48%
  19  CPER-2-No|nolF|consensus50|pass_single_dominant                   1.08%    passed     99.91%
  20  CPER-2-Rh|nolF|consensus50|pass_single_dominant                   0.81%    passed     99.96%
  21  CPER-2-Ro|nolF|consensus50|pass_single_dominant                   1.17%    passed     99.99%
  22  CPER-3-1-No|nolF|consensus50|pass_single_dominant                 0.36%    passed     99.54%
  23  CPER-3-1-Rh|nolF|consensus50|pass_single_dominant                 1.17%    passed     99.86%
  24  CPER-3-1-Ro|nolF|consensus50|pass_single_dominant                 0.63%    passed     99.96%
  25  CPER-4-No|nolF|consensus50|pass_single_dominant                   0.99%    passed     99.94%
  26  CPER-4-Rh|nolF|consensus50|pass_single_dominant                   0.36%    passed     99.81%
  27  CPER-4-Ro|nolF|consensus50|pass_single_dominant                   1.26%    passed     99.80%
  28  CPER-5-1-No|nolF|consensus50|pass_single_dominant                 1.17%    passed     99.86%
  29  CPER-5-1-Rh|nolF|consensus50|pass_single_dominant                 1.35%    passed     99.99%
  30  CPER-5-1-Ro|nolF|consensus50|pass_single_dominant                 0.72%    passed     99.91%
  31  DCFS-2-2-No|nolF|consensus50|pass_single_dominant                 0.27%    passed     99.67%
  32  DCFS-2-2-Rh|nolF|consensus50|pass_single_dominant                 3.06%    passed     99.88%
  33  DCFS-2-2-Ro|nolF|consensus50|pass_single_dominant                 3.96%    passed     99.80%
  34  DCFS-3-2-No|nolF|consensus50|pass_single_dominant                 0.63%    passed     99.82%
  35  DCFS-3-2-Rh|nolF|consensus50|pass_single_dominant                10.00%    passed     99.52%
  36  DCFS-3-2-Ro|nolF|consensus50|pass_single_dominant                 0.81%    passed     99.70%
  37  DCFS-4-No|nolF|consensus50|pass_single_dominant                   2.43%    passed     99.98%
  38  DCFS-4-Rh|nolF|consensus50|pass_single_dominant                   0.72%    passed     99.85%
  39  DCFS-4-Ro|nolF|consensus50|pass_single_dominant                   1.26%    passed     99.99%
  40  DCFS-5-1-No|nolF|consensus50|pass_single_dominant                 1.08%    passed     99.68%
  41  DCFS-5-1-Rh|nolF|consensus50|pass_single_dominant                 0.90%    passed     99.99%
  42  DCFS-5-1-Ro|nolF|consensus50|pass_single_dominant                 1.35%    passed     99.93%
  43  DCFS-6-1-No|nolF|consensus50|pass_single_dominant                 0.27%    passed     99.65%
  44  DCFS-6-1-Rh|nolF|consensus50|pass_single_dominant                 1.17%    passed     99.61%
  45  DCFS-6-1-Ro|nolF|consensus50|pass_single_dominant                 0.81%    passed     99.97%
  46  DCFS-7-1-Rh|nolF|consensus50|pass_single_dominant                11.26%    passed     99.25%
  47  DCFS-7-1-Ro|nolF|consensus50|pass_single_dominant                 4.95%    passed     99.85%
  48  DCFS-8-1-No|nolF|consensus50|pass_single_dominant                 0.27%    passed     99.65%
  49  DCFS-8-1-Rh|nolF|consensus50|pass_single_dominant                 1.08%    passed     99.71%
  50  DCFS-8-1-Ro|nolF|consensus50|pass_single_dominant                 2.16%    passed     99.78%
  51  DEJU-28-2-No|nolF|consensus50|pass_single_dominant                0.90%    passed     99.94%
  52  DEJU-29-1-No|nolF|consensus50|pass_single_dominant                2.16%    passed     99.98%
  53  DEJU-59-No|nolF|consensus50|pass_single_dominant                  3.24%    passed     99.76%
  54  DEJU-59-Ro|nolF|consensus50|pass_single_dominant                  5.14%    passed     99.18%
  55  DELA-26-3-Ro|nolF|consensus50|pass_single_dominant                2.70%    passed    100.00%
  56  DELA-32-1-No|nolF|consensus50|pass_single_dominant                0.99%    passed     99.94%
  57  DSNY-13-1-No|nolF|consensus50|pass_single_dominant                2.70%    passed     99.95%
  58  DSNY-13-1-Rh|nolF|consensus50|pass_single_dominant                9.46%    passed     99.49%
  59  DSNY-13-1-Ro|nolF|consensus50|pass_single_dominant                8.02%    passed     97.06%
  60  DSNY-14-1-Rh|nolF|consensus50|pass_single_dominant                3.15%    passed     99.87%
  61  DSNY-15-1-Ro|nolF|consensus50|pass_single_dominant                1.44%    passed    100.00%
  62  DSNY-17-3-No|nolF|consensus50|pass_single_dominant                0.90%    passed     99.97%
  63  DSNY-91-1-Rh|nolF|consensus50|pass_single_dominant                0.72%    passed     99.98%
  64  DSNY-CRMA-33-1-Rh|nolF|consensus50|pass_single_dominant           0.63%    passed     99.82%
  65  HEAL-7-1-Ro|nolF|consensus50|pass_single_dominant                 1.62%    passed     99.99%
  66  JERC-11-1-No|nolF|consensus50|pass_single_dominant                1.35%    passed     99.91%
  67  JERC-149-Ro|nolF|consensus50|pass_single_dominant                 0.63%    passed     99.92%
  68  JERC-150-Ro|nolF|consensus50|pass_single_dominant                 0.81%    passed     99.96%
  69  JERC-204-1-Ro|nolF|consensus50|pass_single_dominant               1.17%    passed     99.87%
  70  JERC-2-1-Ro|nolF|consensus50|pass_single_dominant                 1.17%    passed    100.00%
  71  JERC-46-1-Rh|nolF|consensus50|pass_single_dominant                2.34%    passed     99.93%
  72  JERC-89-1-No|nolF|consensus50|pass_single_dominant                0.72%    passed     99.98%
  73  JERC-94-1-No|nolF|consensus50|pass_single_dominant                0.90%    passed     99.97%
  74  JERC-DEST-32-1-No|nolF|consensus50|pass_single_dominant           0.63%    passed     99.98%
  75  JERC-RHTO-58-1-Ro|nolF|consensus50|pass_single_dominant           0.99%    passed     99.91%
  76  JORN-3-1-Rh|nolF|consensus50|pass_single_dominant                 2.16%    passed     99.93%
  77  KONZ-1-Ro|nolF|consensus50|pass_single_dominant                   3.33%    passed     99.66%
  78  KONZ-6-1-Ro|nolF|consensus50|pass_single_dominant                 2.07%    passed     99.58%
  79  LAJA-25-1-No|nolF|consensus50|pass_single_dominant                0.72%    passed     99.98%
  80  LENO-15-2-No|nolF|consensus50|pass_single_dominant                0.63%    passed     99.90%
  81  NIWO-1-Rh|nolF|consensus50|pass_single_dominant                   2.88%    passed     99.96%
  82  NIWO-1-Ro|nolF|consensus50|pass_single_dominant                  15.86%    passed     82.80%
  83  NIWO-2-Rh|nolF|consensus50|pass_single_dominant                   2.07%    passed     99.34%
  84  NOGP-1-1-No|nolF|consensus50|pass_single_dominant                 0.54%    passed     97.14%
  85  NOGP-1-1-Rh|nolF|consensus50|pass_single_dominant                 0.45%    passed     99.91%
  86  NOGP-1-1-Ro|nolF|consensus50|pass_mixed_possible_multitemplate    1.89%    passed     99.73%
  87  NOGP-2-1-No|nolF|consensus50|pass_single_dominant                 0.27%    passed     99.65%
  88  NOGP-2-1-Rh|nolF|consensus50|pass_single_dominant                 1.17%    passed     99.88%
  89  NOGP-2-1-Ro|nolF|consensus50|pass_single_dominant                 0.27%    passed     99.65%
  90  NOGP-3-2-No|nolF|consensus50|pass_single_dominant                 0.27%    passed     99.80%
  91  NOGP-3-2-Rh|nolF|consensus50|pass_single_dominant                 1.08%    passed     99.92%
  92  NOGP-3-2-Ro|nolF|consensus50|pass_single_dominant                 0.54%    passed     99.91%
  93  NOGP-4-1-No|nolF|consensus50|pass_single_dominant                 4.41%    passed     99.76%
  94  NOGP-4-1-Rh|nolF|consensus50|pass_single_dominant                 3.60%    passed     99.24%
  95  NOGP-4-1-Ro|nolF|consensus50|pass_single_dominant                 0.54%    passed     99.76%
  96  NOGP-5-2-No|nolF|consensus50|pass_single_dominant                 0.45%    passed     99.76%
  97  NOGP-5-2-Ro|nolF|consensus50|pass_single_dominant                 0.54%    passed     99.99%
  98  NOGP-6-3-No|nolF|consensus50|pass_single_dominant                 0.72%    passed     99.98%
  99  NOGP-6-3-Ro|nolF|consensus50|pass_single_dominant                 0.54%    passed     99.91%
 100  NOGP-7-2-No|nolF|consensus50|pass_single_dominant                 6.31%    passed     99.09%
 101  NOGP-7-2-Rh|nolF|consensus50|pass_single_dominant                 7.57%    passed     95.77%
 102  OAES-1-1-No|nolF|consensus50|pass_single_dominant                 0.63%    passed     99.98%
 103  OAES-13-1-Rh|nolF|consensus50|pass_single_dominant                0.81%    passed    100.00%
 104  OAES-13-1-Ro|nolF|consensus50|pass_single_dominant                2.07%    passed     99.91%
 105  OAES-14-1-No|nolF|consensus50|pass_single_dominant                1.08%    passed     99.91%
 106  OAES-14-1-Rh|nolF|consensus50|pass_single_dominant                0.81%    passed     99.97%
 107  OAES-14-1-Ro|nolF|consensus50|pass_single_dominant                0.63%    passed     99.98%
 108  OAES-15-No|nolF|consensus50|pass_single_dominant                  6.31%    passed     99.50%
 109  OAES-15-Rh|nolF|consensus50|pass_single_dominant                  3.96%    passed     99.02%
 110  OAES-15-Ro|nolF|consensus50|pass_single_dominant                  2.79%    passed     99.73%
 111  OAES_19-2-No|nolF|consensus50|pass_single_dominant                0.72%    passed     99.65%
 112  OAES_19-2-Rh|nolF|consensus50|pass_single_dominant                0.63%    passed     99.92%
 113  OAES_19-2-Ro|nolF|consensus50|pass_single_dominant                2.16%    passed     99.94%
 114  OAES-20-Ro|nolF|consensus50|pass_single_dominant                  5.14%    passed     98.38%
 115  OAES-21-3-Rh|nolF|consensus50|pass_single_dominant                9.01%    passed     93.84%
 116  OAES-2-1-No|nolF|consensus50|pass_single_dominant                 0.27%    passed     99.81%
 117  OAES-2-1-Ro|nolF|consensus50|pass_single_dominant                 0.54%    passed     99.97%
 118  OAES-22-1-No|nolF|consensus50|pass_single_dominant                0.27%    passed     99.75%
 119  OAES-23-1-Rh|nolF|consensus50|pass_single_dominant                1.17%    passed     99.90%
 120  OAES-23-1-Ro|nolF|consensus50|pass_single_dominant                3.69%    passed     99.13%
 121  OAES_24-3-No|nolF|consensus50|pass_single_dominant                3.51%    passed     99.79%
 122  OAES_24-3-Rh|nolF|consensus50|pass_single_dominant                0.63%    passed     99.58%
 123  OAES_24-3-Ro|nolF|consensus50|pass_single_dominant                1.17%    passed     99.95%
 124  OAES-25-1-No|nolF|consensus50|pass_single_dominant                5.41%    passed     98.47%
 125  OAES-27-2-Ro|nolF|consensus50|pass_single_dominant                3.69%    passed     99.65%
 126  OAES-3-1-No|nolF|consensus50|pass_single_dominant                 1.26%    passed     99.90%
 127  OAES-3-1-Ro|nolF|consensus50|pass_single_dominant                 0.90%    passed     99.93%
 128  OAES-36-2-No|nolF|consensus50|pass_single_dominant                0.54%    passed     99.10%
 129  OAES-36-3-No|nolF|consensus50|pass_single_dominant                0.63%    passed     99.92%
 130  OAES-36-3-Rh|nolF|consensus50|pass_single_dominant                4.50%    passed     99.47%
 131  OAES-37-2-Ro|nolF|consensus50|pass_single_dominant                1.71%    passed     99.99%
 132  OAES-5-Rh|nolF|consensus50|pass_single_dominant                   1.44%    passed     99.95%
 133  OAES-6-1-No|nolF|consensus50|pass_single_dominant                 1.08%    passed     99.92%
 134  OAES-6-1-Rh|nolF|consensus50|pass_single_dominant                 2.07%    passed     99.98%
 135  OAES-6-1-Ro|nolF|consensus50|pass_single_dominant                 1.08%    passed     99.99%
 136  OAES-7-1-No|nolF|consensus50|pass_single_dominant                 0.90%    passed     99.93%
 137  OAES-7-1-Rh|nolF|consensus50|pass_single_dominant                 1.26%    passed     99.89%
 138  OAES-7-1-Ro|nolF|consensus50|pass_single_dominant                 1.17%    passed    100.00%
 139  OAES-8-2-Ro|nolF|consensus50|pass_single_dominant                 0.63%    passed     99.98%
 140  OAES-9-1-Rh|nolF|consensus50|pass_single_dominant                 1.08%    passed     99.99%
 141  OSBS-102-1-No|nolF|consensus50|pass_single_dominant               0.63%    passed     99.98%
 142  OSBS-106-1-Ro|nolF|consensus50|pass_single_dominant               1.71%    passed     99.99%
 143  OSBS-36-1-No|nolF|consensus50|pass_single_dominant                0.27%    passed     99.80%
 144  OSBS-36-1-Ro|nolF|consensus50|pass_single_dominant                0.63%    passed     99.83%
 145  OSBS-97-2-Rh|nolF|consensus50|pass_single_dominant                9.82%    passed     99.24%
 146  OSBS-99-Ro|nolF|consensus50|pass_single_dominant                  1.35%    passed     99.99%
 147  RMNP-1-Rh|nolF|consensus50|pass_single_dominant                   2.16%    passed     99.91%
 148  RMNP-2-Rh|nolF|consensus50|pass_single_dominant                   0.72%    passed     99.99%
 149  SCBI-1-1-Rh|nolF|consensus50|pass_single_dominant                 1.80%    passed    100.00%
 150  SCBI-1-1-Ro|nolF|consensus50|pass_single_dominant                 1.98%    passed     99.98%
 151  SCBI-12-1-No|nolF|consensus50|pass_single_dominant                0.90%    passed     99.98%
 152  SCBI-2-1-No|nolF|consensus50|pass_single_dominant                 1.44%    passed     99.97%
 153  SCBI-2-1-Rh|nolF|consensus50|pass_single_dominant                 3.69%    passed     99.45%
 154  SCBI-2-1-Ro|nolF|consensus50|pass_single_dominant                 4.23%    passed     99.82%
 155  SCBI-3-1-Rh|nolF|consensus50|pass_single_dominant                 2.16%    passed     99.97%
 156  SCBI-3-1-Ro|nolF|consensus50|pass_single_dominant                 5.23%    passed     99.15%
 157  SCBI-4-1-Rh|nolF|consensus50|pass_single_dominant                 4.77%    passed     99.97%
 158  SERC-3-1-Ro|nolF|consensus50|pass_single_dominant                 0.63%    passed     99.96%
 159  SERC-6-1-No|nolF|consensus50|pass_single_dominant                 2.70%    passed     99.99%
 160  SRER-18-1-No|nolF|consensus50|pass_single_dominant                0.63%    passed     99.98%
 161  TALL-22-Ro|nolF|consensus50|pass_single_dominant                  3.96%    passed     99.76%
 162  TALL-24-2-No|nolF|consensus50|pass_single_dominant                0.90%    passed     99.99%
 163  TALL-28-1-No|nolF|consensus50|pass_single_dominant                0.90%    passed     99.87%
 164  TALL-28-1-Ro|nolF|consensus50|pass_single_dominant                3.60%    passed     99.42%
 165  TALL-29-3-No|nolF|consensus50|pass_single_dominant                1.08%    passed     99.98%
 166  TALL-29-3-Rh|nolF|consensus50|pass_single_dominant                0.81%    passed     99.89%
 167  TALL-60-1-No|nolF|consensus50|pass_single_dominant                3.15%    passed     99.64%
 168  TALL-74-3-No|nolF|consensus50|pass_single_dominant                0.81%    passed     99.94%
 169  TALL-92-1-Ro|nolF|consensus50|pass_single_dominant                4.23%    passed     99.82%
 170  TEAK-1-2-Ro|nolF|consensus50|pass_single_dominant                 0.81%    passed     99.97%
 171  TEAK-3-1-Ro|nolF|consensus50|pass_single_dominant                 3.87%    passed     99.88%
 172  TOOL-10-Ro|nolF|consensus50|pass_single_dominant                  6.31%    passed     99.27%
 173  TOOL-16-No|nolF|consensus50|pass_single_dominant                  0.72%    passed     99.89%
 174  TOOL-17-Ro|nolF|consensus50|pass_single_dominant                  0.72%    passed     99.91%
 175  TOOL-1-Rh|nolF|consensus50|pass_single_dominant                  11.26%    passed     96.93%
 176  TOOL-1-Ro|nolF|consensus50|pass_single_dominant                   1.26%    passed     99.96%
 177  TOOL-25-Ro|nolF|consensus50|pass_single_dominant                  1.53%    passed     99.98%
 178  TOOL-4-No|nolF|consensus50|pass_single_dominant                   3.78%    passed     99.10%
 179  WOOD-10-1-No|nolF|consensus50|pass_single_dominant                0.81%    passed     99.83%
 180  WOOD-10-1-Rh|nolF|consensus50|pass_single_dominant                1.17%    passed    100.00%
 181  WOOD-10-1-Ro|nolF|consensus50|pass_single_dominant                1.08%    passed     99.98%
 182  WOOD-11-1-No|nolF|consensus50|pass_single_dominant                0.36%    passed     99.90%
 183  WOOD-11-1-Rh|nolF|consensus50|pass_single_dominant                4.59%    passed     99.21%
 184  WOOD-11-1-Ro|nolF|consensus50|pass_single_dominant                0.72%    passed    100.00%
 185  WOOD-1-1-No|nolF|consensus50|pass_single_dominant                 2.43%    passed     99.98%
 186  WOOD-1-1-Rh|nolF|consensus50|pass_single_dominant                19.82%    passed     87.86%
 187  WOOD-1-1-Ro|nolF|consensus50|pass_single_dominant                 3.96%    passed     99.76%
 188  WOOD-12-No|nolF|consensus50|pass_single_dominant                  0.18%    passed     99.92%
 189  WOOD-12-Rh|nolF|consensus50|pass_single_dominant                  0.99%    passed     99.99%
 190  WOOD-12-Ro|nolF|consensus50|pass_single_dominant                  2.16%    passed    100.00%
 191  WOOD-3-2-No|nolF|consensus50|pass_single_dominant                 0.27%    passed     99.80%
 192  WOOD-3-2-Rh|nolF|consensus50|pass_single_dominant                 9.01%    passed     98.79%
 193  WOOD-3-2-Ro|nolF|consensus50|pass_single_dominant                 0.45%    passed     99.76%
 194  WOOD-4-1-No|nolF|consensus50|pass_single_dominant                10.18%    passed     93.09%
 195  WOOD-4-1-Rh|nolF|consensus50|pass_single_dominant                 1.08%    passed     99.85%
 196  WOOD-5-1-No|nolF|consensus50|pass_single_dominant                 0.99%    passed    100.00%
 197  WOOD-5-1-Rh|nolF|consensus50|pass_single_dominant                 2.79%    passed     99.96%
 198  WOOD-5-1-Ro|nolF|consensus50|pass_single_dominant                 1.26%    passed     99.99%
 199  WOOD-6-1-No|nolF|consensus50|pass_single_dominant                 0.90%    passed     99.96%
 200  WOOD-6-1-Rh|nolF|consensus50|pass_single_dominant                 4.14%    passed     99.70%
 201  WOOD-6-1-Ro|nolF|consensus50|pass_single_dominant                 1.26%    passed     99.99%
 202  WOOD-7-1-No|nolF|consensus50|pass_single_dominant                 0.18%    passed     99.92%
 203  WOOD-7-1-Rh|nolF|consensus50|pass_single_dominant                 1.53%    passed     99.98%
 204  WOOD-7-1-Ro|nolF|consensus50|pass_single_dominant                 1.62%    passed     99.95%
 205  WOOD-8-No|nolF|consensus50|pass_single_dominant                   1.17%    passed     99.87%
 206  WOOD-8-Rh|nolF|consensus50|pass_single_dominant                   0.72%    passed     99.99%
 207  WOOD-8-Ro|nolF|consensus50|pass_single_dominant                   1.62%    passed     99.91%
 208  WOOD-9-Rh|nolF|consensus50|pass_single_dominant                   1.80%    passed     99.89%
 209  YELL-5-3-Rh|nolF|consensus50|pass_single_dominant                 4.77%    passed     99.25%
****  TOTAL                                                             2.30%  0 sequences failed composition chi2 test (p-value<5%; df=3)
NOTE: SCBI-1-1-Rh|nolF|consensus50|pass_single_dominant is identical to BLAN-3-1-No|nolF|consensus50|pass_single_dominant but kept for subsequent analysis
NOTE: CPER-3-1-Ro|nolF|consensus50|pass_single_dominant is identical to BLAN-4-1-Rh|nolF|consensus50|pass_single_dominant but kept for subsequent analysis
NOTE: SCBI-12-1-No|nolF|consensus50|pass_single_dominant is identical to CLBJ-40-1-Ro|nolF|consensus50|pass_single_dominant but kept for subsequent analysis
NOTE: OAES-14-1-No|nolF|consensus50|pass_single_dominant is identical to CPER-2-No|nolF|consensus50|pass_single_dominant but kept for subsequent analysis
NOTE: CPER-5-1-No|nolF|consensus50|pass_single_dominant is identical to CPER-3-1-Rh|nolF|consensus50|pass_single_dominant but kept for subsequent analysis
NOTE: DCFS-8-1-No|nolF|consensus50|pass_single_dominant is identical to DCFS-6-1-No|nolF|consensus50|pass_single_dominant but kept for subsequent analysis
NOTE: LAJA-25-1-No|nolF|consensus50|pass_single_dominant is identical to DSNY-91-1-Rh|nolF|consensus50|pass_single_dominant but kept for subsequent analysis
NOTE: OAES_19-2-Rh|nolF|consensus50|pass_single_dominant is identical to JERC-149-Ro|nolF|consensus50|pass_single_dominant but kept for subsequent analysis
NOTE: OAES-1-1-No|nolF|consensus50|pass_single_dominant is identical to JERC-DEST-32-1-No|nolF|consensus50|pass_single_dominant but kept for subsequent analysis
NOTE: OSBS-36-1-No|nolF|consensus50|pass_single_dominant is identical to NOGP-3-2-No|nolF|consensus50|pass_single_dominant but kept for subsequent analysis
NOTE: NOGP-6-3-Ro|nolF|consensus50|pass_single_dominant is identical to NOGP-3-2-Ro|nolF|consensus50|pass_single_dominant but kept for subsequent analysis
NOTE: OSBS-102-1-No|nolF|consensus50|pass_single_dominant is identical to OAES-14-1-Ro|nolF|consensus50|pass_single_dominant but kept for subsequent analysis
NOTE: WOOD-8-Rh|nolF|consensus50|pass_single_dominant is identical to RMNP-2-Rh|nolF|consensus50|pass_single_dominant but kept for subsequent analysis
NOTE: TALL-92-1-Ro|nolF|consensus50|pass_single_dominant is identical to SCBI-2-1-Ro|nolF|consensus50|pass_single_dominant but kept for subsequent analysis
NOTE: WOOD-1-1-Ro|nolF|consensus50|pass_single_dominant is identical to TALL-22-Ro|nolF|consensus50|pass_single_dominant but kept for subsequent analysis
NOTE: WOOD-7-1-No|nolF|consensus50|pass_single_dominant is identical to WOOD-12-No|nolF|consensus50|pass_single_dominant but kept for subsequent analysis
NOTE: WOOD-6-1-Ro|nolF|consensus50|pass_single_dominant is identical to WOOD-5-1-Ro|nolF|consensus50|pass_single_dominant but kept for subsequent analysis
Checking for duplicate sequences: done in 0.00144916 secs using 4857% CPU
Identifying sites to remove: done in 0.00122327 secs using 1.153e+04% CPU
NOTE: 7 identical sequences (see below) will be ignored for subsequent analysis
NOTE: SERC-3-1-Ro|nolF|consensus50|pass_single_dominant (identical to BLAN-4-1-Rh|nolF|consensus50|pass_single_dominant) is ignored but added at the end
NOTE: NOGP-2-1-No|nolF|consensus50|pass_single_dominant (identical to DCFS-6-1-No|nolF|consensus50|pass_single_dominant) is ignored but added at the end
NOTE: NOGP-2-1-Ro|nolF|consensus50|pass_single_dominant (identical to DCFS-6-1-No|nolF|consensus50|pass_single_dominant) is ignored but added at the end
NOTE: OAES-36-3-No|nolF|consensus50|pass_single_dominant (identical to JERC-149-Ro|nolF|consensus50|pass_single_dominant) is ignored but added at the end
NOTE: OAES-8-2-Ro|nolF|consensus50|pass_single_dominant (identical to JERC-DEST-32-1-No|nolF|consensus50|pass_single_dominant) is ignored but added at the end
NOTE: SRER-18-1-No|nolF|consensus50|pass_single_dominant (identical to JERC-DEST-32-1-No|nolF|consensus50|pass_single_dominant) is ignored but added at the end
NOTE: WOOD-3-2-No|nolF|consensus50|pass_single_dominant (identical to NOGP-3-2-No|nolF|consensus50|pass_single_dominant) is ignored but added at the end
Alignment was printed to /mnt/dv/wid/projects6/SolisLemus-Intbio-raw/processed-data/symbiosis_sorted_v2_consensus_sequences_50percent/gene_trees/nolF/04_tree_iupac_nm5000/nolF_consensus50_iupac_all_pass_nm5000.uniqueseq.phy

For your convenience alignment with unique sequences printed to /mnt/dv/wid/projects6/SolisLemus-Intbio-raw/processed-data/symbiosis_sorted_v2_consensus_sequences_50percent/gene_trees/nolF/04_tree_iupac_nm5000/nolF_consensus50_iupac_all_pass_nm5000.uniqueseq.phy


Create initial parsimony tree by phylogenetic likelihood library (PLL)... 0.005 seconds
Measuring multi-threading efficiency up to 72 CPU cores
Increase to 10 rounds for branch lengths
954 trees examined
Threads: 1 / Time: 72.021 sec / Speedup: 1.000 / Efficiency: 100% / LogL: -3979
Threads: 2 / Time: 98.354 sec / Speedup: 0.732 / Efficiency: 37% / LogL: -3979
Determining AUTO threadcount: done in 170.382 secs using 154.3% CPU
BEST NUMBER OF THREADS: 1

Perform fast likelihood tree search using GTR+I+G model...
Estimate model parameters (epsilon = 5.000)
Perform nearest neighbor interchange...
Estimate model parameters (epsilon = 1.000)
1. Initial log-likelihood: -2150.151
2. Current log-likelihood: -2148.792
3. Current log-likelihood: -2147.580
4. Current log-likelihood: -2146.337
5. Current log-likelihood: -2145.080
6. Current log-likelihood: -2143.843
7. Current log-likelihood: -2142.627
8. Current log-likelihood: -2141.451
9. Current log-likelihood: -2140.335
10. Current log-likelihood: -2139.296
Optimal log-likelihood: -2138.289
Rate parameters:  A-C: 1.97050  A-G: 4.30544  A-T: 2.25926  C-G: 1.36912  C-T: 7.08686  G-T: 1.00000
Base frequencies:  A: 0.205  C: 0.278  G: 0.311  T: 0.206
Proportion of invariable sites: 0.660
Gamma shape alpha: 0.020
Parameters optimization took 10 rounds (0.522 sec)
Time for fast ML tree search: 1.226 seconds

NOTE: ModelFinder requires 15 MB RAM!
ModelFinder will test up to 968 DNA models (sample size: 1110 epsilon: 0.100) ...
 No. Model         -LnL         df  AIC          AICc         BIC
  1  JC            2267.336     401 5336.672     5792.045     7346.530
  2  JC+I          2169.773     402 5143.546     5601.837     7158.416
  3  JC+G4         2210.774     402 5225.547     5683.839     7240.418
  4  JC+I+G4       2164.142     403 5134.284     5595.508     7154.167
  5  JC+R2         2169.610     403 5145.221     5606.445     7165.103
  6  JC+R3         2159.611     405 5129.222     5596.352     7159.128
+R4 reinitialized from +R3 with factor 0.500
+R4 reinitialized from +R3 with factor 0.250
+R4 reinitialized from +R3 with factor 0.125
+R4 reinitialized from +R3 with factor 0.062
+R4 reinitialized from +R3 with factor 0.031
  7  JC+R4         2159.726     407 5133.452     5606.546     7173.383
 14  JC+I+R2       2169.655     404 5147.310     5611.480     7172.205
 15  JC+I+R3       2158.512     406 5129.024     5599.129     7163.943
+I+R4 reinitialized from +I+R3 with factor 0.500
+I+R4 reinitialized from +I+R3 with factor 0.250
+I+R4 reinitialized from +I+R3 with factor 0.125
 16  JC+I+R4       2158.556     408 5133.112     5609.209     7178.055
 24  JC+I          2169.773     402 5143.546     5601.837     7158.416
 26  JC+I+G4       2164.142     403 5134.284     5595.508     7154.167
 28  JC+R3         2159.611     405 5129.222     5596.352     7159.128
 37  JC+I+R3       2158.512     406 5129.024     5599.129     7163.943
 46  F81+I         2169.813     402 5143.627     5601.918     7158.497
 48  F81+I+G4      2164.162     403 5134.323     5595.547     7154.206
 50  F81+R3        2159.632     405 5129.263     5596.394     7159.170
 59  F81+I+R3      2158.508     406 5129.015     5599.121     7163.934
 68  F81+F+I       2152.888     405 5115.777     5582.907     7145.683
 70  F81+F+I+G4    2147.164     406 5106.329     5576.434     7141.248
 72  F81+F+R3      2142.640     408 5101.280     5577.377     7146.223
 81  F81+F+I+R3    2141.338     409 5100.676     5579.790     7150.631
 90  K2P+I         2154.740     403 5115.481     5576.704     7135.363
 92  K2P+I+G4      2148.051     404 5104.103     5568.273     7128.997
 94  K2P+R3        2143.412     406 5098.825     5568.930     7133.744
103  K2P+I+R3      2142.398     407 5098.796     5571.890     7138.727
112  K2P+I         2154.740     403 5115.481     5576.704     7135.363
114  K2P+I+G4      2148.051     404 5104.103     5568.273     7128.997
116  K2P+R3        2143.412     406 5098.825     5568.930     7133.744
125  K2P+I+R3      2142.398     407 5098.796     5571.890     7138.727
134  HKY+I         2154.751     403 5115.503     5576.726     7135.385
136  HKY+I+G4      2148.039     404 5104.077     5568.247     7128.972
138  HKY+R3        2143.398     406 5098.795     5568.900     7133.714
147  HKY+I+R3      2142.397     407 5098.793     5571.887     7138.724
156  HKY+F+I       2135.896     406 5083.793     5553.898     7118.711
158  HKY+F+I+G4    2129.002     407 5072.005     5545.099     7111.936
160  HKY+F+R3      2124.896     409 5067.793     5546.907     7117.748
169  HKY+F+I+R3    2123.730     410 5067.460     5549.606     7122.427
178  TNe+I         2153.708     404 5115.417     5579.587     7140.311
180  TNe+I+G4      2147.448     405 5104.896     5572.027     7134.803
182  TNe+R3        2143.373     407 5100.747     5573.841     7140.678
191  TNe+I+R3      2142.318     408 5100.637     5576.734     7145.580
200  TNe+I         2153.708     404 5115.417     5579.587     7140.311
202  TNe+I+G4      2147.448     405 5104.896     5572.027     7134.803
204  TNe+R3        2143.373     407 5100.747     5573.841     7140.678
213  TNe+I+R3      2142.318     408 5100.637     5576.734     7145.580
222  TN+I          2153.706     404 5115.411     5579.581     7140.306
224  TN+I+G4       2147.426     405 5104.851     5571.982     7134.758
226  TN+R3         2143.370     407 5100.740     5573.834     7140.670
235  TN+I+R3       2142.320     408 5100.639     5576.736     7145.582
244  TN+F+I        2134.750     407 5083.500     5556.594     7123.431
246  TN+F+I+G4     2128.279     408 5072.558     5548.655     7117.501
248  TN+F+R3       2124.893     410 5069.786     5551.932     7124.754
257  TN+F+I+R3     2123.536     411 5069.071     5554.263     7129.051
266  K3P+I         2154.451     404 5116.901     5581.071     7141.796
268  K3P+I+G4      2147.842     405 5105.684     5572.814     7135.590
270  K3P+R3        2143.372     407 5100.744     5573.838     7140.675
279  K3P+I+R3      2142.336     408 5100.673     5576.770     7145.616
288  K3P+I         2154.451     404 5116.901     5581.071     7141.796
290  K3P+I+G4      2147.842     405 5105.684     5572.814     7135.590
292  K3P+R3        2143.372     407 5100.744     5573.838     7140.675
301  K3P+I+R3      2142.336     408 5100.673     5576.770     7145.616
310  K3Pu+I        2154.450     404 5116.900     5581.070     7141.795
312  K3Pu+I+G4     2147.819     405 5105.638     5572.769     7135.545
314  K3Pu+R3       2143.367     407 5100.734     5573.828     7140.665
323  K3Pu+I+R3     2142.329     408 5100.658     5576.755     7145.601
332  K3Pu+F+I      2135.812     407 5085.624     5558.718     7125.555
334  K3Pu+F+I+G4   2128.947     408 5073.893     5549.990     7118.836
336  K3Pu+F+R3     2124.883     410 5069.766     5551.912     7124.733
345  K3Pu+F+I+R3   2123.730     411 5069.459     5554.651     7129.439
354  TPM2+I        2154.444     404 5116.888     5581.058     7141.783
356  TPM2+I+G4     2147.852     405 5105.703     5572.834     7135.610
358  TPM2+R3       2143.366     407 5100.731     5573.825     7140.662
367  TPM2+I+R3     2142.336     408 5100.673     5576.770     7145.616
376  TPM2+I        2154.444     404 5116.888     5581.058     7141.783
378  TPM2+I+G4     2147.852     405 5105.703     5572.834     7135.610
380  TPM2+R3       2143.366     407 5100.731     5573.825     7140.662
389  TPM2+I+R3     2142.336     408 5100.673     5576.770     7145.616
398  TPM2u+I       2154.439     404 5116.878     5581.048     7141.772
400  TPM2u+I+G4    2147.824     405 5105.648     5572.779     7135.555
402  TPM2u+R3      2143.358     407 5100.715     5573.809     7140.646
411  TPM2u+I+R3    2142.327     408 5100.653     5576.750     7145.596
420  TPM2u+F+I     2134.864     407 5083.727     5556.821     7123.658
422  TPM2u+F+I+G4  2127.990     408 5071.980     5548.077     7116.923
424  TPM2u+F+R3    2124.332     410 5068.665     5550.811     7123.632
433  TPM2u+F+I+R3  2123.087     411 5068.173     5553.365     7128.152
442  TPM3+I        2154.324     404 5116.647     5580.818     7141.542
444  TPM3+I+G4     2147.628     405 5105.256     5572.386     7135.162
446  TPM3+R3       2142.854     407 5099.707     5572.801     7139.638
455  TPM3+I+R3     2141.975     408 5099.951     5576.048     7144.894
464  TPM3+I        2154.324     404 5116.647     5580.818     7141.542
466  TPM3+I+G4     2147.628     405 5105.256     5572.386     7135.162
468  TPM3+R3       2142.854     407 5099.707     5572.801     7139.638
477  TPM3+I+R3     2141.975     408 5099.951     5576.048     7144.894
486  TPM3u+I       2154.315     404 5116.631     5580.801     7141.525
488  TPM3u+I+G4    2147.606     405 5105.211     5572.342     7135.118
490  TPM3u+R3      2142.846     407 5099.693     5572.787     7139.624
499  TPM3u+I+R3    2141.978     408 5099.955     5576.052     7144.898
508  TPM3u+F+I     2135.842     407 5085.684     5558.778     7125.615
510  TPM3u+F+I+G4  2128.931     408 5073.861     5549.958     7118.804
512  TPM3u+F+R3    2124.761     410 5069.522     5551.668     7124.489
521  TPM3u+F+I+R3  2123.698     411 5069.396     5554.588     7129.375
530  TIMe+I        2153.397     405 5116.795     5583.925     7146.701
532  TIMe+I+G4     2147.223     406 5106.445     5576.551     7141.364
534  TIMe+R3       2143.332     408 5102.664     5578.761     7147.608
543  TIMe+I+R3     2142.247     409 5102.494     5581.608     7152.449
552  TIMe+I        2153.397     405 5116.795     5583.925     7146.701
554  TIMe+I+G4     2147.223     406 5106.445     5576.551     7141.364
556  TIMe+R3       2143.332     408 5102.664     5578.761     7147.608
565  TIMe+I+R3     2142.247     409 5102.494     5581.608     7152.449
574  TIM+I         2153.388     405 5116.775     5583.906     7146.682
576  TIM+I+G4      2147.206     406 5106.412     5576.517     7141.331
578  TIM+R3        2143.328     408 5102.657     5578.754     7147.600
587  TIM+I+R3      2142.246     409 5102.492     5581.606     7152.447
596  TIM+F+I       2134.657     408 5085.313     5561.410     7130.256
598  TIM+F+I+G4    2128.212     409 5074.425     5553.539     7124.380
600  TIM+F+R3      2124.848     411 5071.696     5556.888     7131.675
609  TIM+F+I+R3    2123.495     412 5070.990     5559.243     7135.982
618  TIM2e+I       2153.355     405 5116.710     5583.840     7146.616
620  TIM2e+I+G4    2147.161     406 5106.323     5576.428     7141.242
622  TIM2e+R3      2143.317     408 5102.635     5578.732     7147.578
631  TIM2e+I+R3    2142.223     409 5102.445     5581.559     7152.400
640  TIM2e+I       2153.355     405 5116.710     5583.840     7146.616
642  TIM2e+I+G4    2147.161     406 5106.323     5576.428     7141.242
644  TIM2e+R3      2143.317     408 5102.635     5578.732     7147.578
653  TIM2e+I+R3    2142.223     409 5102.445     5581.559     7152.400
662  TIM2+I        2153.350     405 5116.700     5583.831     7146.607
664  TIM2+I+G4     2147.152     406 5106.303     5576.408     7141.222
666  TIM2+R3       2143.315     408 5102.630     5578.727     7147.574
675  TIM2+I+R3     2142.224     409 5102.449     5581.563     7152.404
684  TIM2+F+I      2133.672     408 5083.344     5559.441     7128.287
686  TIM2+F+I+G4   2127.136     409 5072.273     5551.387     7122.228
688  TIM2+F+R3     2124.299     411 5070.598     5555.790     7130.577
697  TIM2+F+I+R3   2122.805     412 5069.610     5557.862     7134.601
706  TIM3e+I       2153.289     405 5116.578     5583.708     7146.484
708  TIM3e+I+G4    2147.005     406 5106.011     5576.116     7140.930
710  TIM3e+R3      2142.809     408 5101.619     5577.716     7146.562
719  TIM3e+I+R3    2141.912     409 5101.824     5580.938     7151.779
728  TIM3e+I       2153.289     405 5116.578     5583.708     7146.484
730  TIM3e+I+G4    2147.005     406 5106.011     5576.116     7140.930
732  TIM3e+R3      2142.809     408 5101.619     5577.716     7146.562
741  TIM3e+I+R3    2141.912     409 5101.824     5580.938     7151.779
750  TIM3+I        2153.288     405 5116.577     5583.708     7146.484
752  TIM3+I+G4     2147.000     406 5106.000     5576.105     7140.919
754  TIM3+R3       2142.811     408 5101.621     5577.718     7146.564
763  TIM3+I+R3     2141.921     409 5101.841     5580.956     7151.796
772  TIM3+F+I      2134.698     408 5085.396     5561.493     7130.339
774  TIM3+F+I+G4   2128.210     409 5074.420     5553.534     7124.375
776  TIM3+F+R3     2124.741     411 5071.483     5556.675     7131.462
785  TIM3+F+I+R3   2123.466     412 5070.931     5559.184     7135.923
794  TVMe+I        2153.757     406 5119.515     5589.620     7154.434
796  TVMe+I+G4     2147.287     407 5108.574     5581.668     7148.505
798  TVMe+R3       2142.791     409 5103.582     5582.697     7153.538
807  TVMe+I+R3     2141.884     410 5103.768     5585.914     7158.735
816  TVMe+I        2153.757     406 5119.515     5589.620     7154.434
818  TVMe+I+G4     2147.287     407 5108.574     5581.668     7148.505
820  TVMe+R3       2142.791     409 5103.582     5582.697     7153.538
829  TVMe+I+R3     2141.884     410 5103.768     5585.914     7158.735
838  TVM+I         2153.755     406 5119.509     5589.615     7154.428
840  TVM+I+G4      2147.276     407 5108.552     5581.646     7148.483
842  TVM+R3        2142.789     409 5103.579     5582.693     7153.534
851  TVM+I+R3      2141.888     410 5103.776     5585.922     7158.744
860  TVM+F+I       2134.595     409 5087.190     5566.305     7137.146
862  TVM+F+I+G4    2127.857     410 5075.713     5557.859     7130.681
864  TVM+F+R3      2124.198     412 5072.397     5560.649     7137.388
873  TVM+F+I+R3    2123.001     413 5072.003     5563.331     7142.007
882  SYM+I         2152.683     407 5119.366     5592.460     7159.297
884  SYM+I+G4      2146.615     408 5109.229     5585.326     7154.172
886  SYM+R3        2142.778     410 5105.556     5587.702     7160.523
895  SYM+I+R3      2141.814     411 5105.629     5590.821     7165.608
904  SYM+I         2152.683     407 5119.366     5592.460     7159.297
906  SYM+I+G4      2146.615     408 5109.229     5585.326     7154.172
908  SYM+R3        2142.778     410 5105.556     5587.702     7160.523
917  SYM+I+R3      2141.814     411 5105.629     5590.821     7165.608
926  GTR+I         2152.679     407 5119.358     5592.452     7159.289
928  GTR+I+G4      2146.610     408 5109.219     5585.316     7154.162
930  GTR+R3        2142.771     410 5105.542     5587.688     7160.509
939  GTR+I+R3      2141.816     411 5105.632     5590.824     7165.611
948  GTR+F+I       2133.406     410 5086.811     5568.957     7141.778
950  GTR+F+I+G4    2126.987     411 5075.975     5561.167     7135.954
952  GTR+F+R3      2124.177     413 5074.353     5565.681     7144.357
961  GTR+F+I+R3    2122.724     414 5073.447     5567.864     7148.463
Akaike Information Criterion:           HKY+F+I+R3
Corrected Akaike Information Criterion: HKY+F+I+G4
Bayesian Information Criterion:         HKY+F+I+G4
Best-fit model: HKY+F+I+G4 chosen according to BIC

All model information printed to /mnt/dv/wid/projects6/SolisLemus-Intbio-raw/processed-data/symbiosis_sorted_v2_consensus_sequences_50percent/gene_trees/nolF/04_tree_iupac_nm5000/nolF_consensus50_iupac_all_pass_nm5000.model.gz
CPU time for ModelFinder: 282.306 seconds (0h:4m:42s)
Wall-clock time for ModelFinder: 189.667 seconds (0h:3m:9s)
Generating 1000 samples for ultrafast bootstrap (seed: 86855)...

NOTE: 6 MB RAM (0 GB) is required!
Estimate model parameters (epsilon = 0.100)
Thoroughly optimizing +I+G parameters from 10 start values...
Init pinv, alpha: 0.000, 0.543 / Estimate: 0.000, 0.020 / LogL: -2179.316
Init pinv, alpha: 0.106, 0.543 / Estimate: 0.889, 0.395 / LogL: -2129.161
Init pinv, alpha: 0.212, 0.543 / Estimate: 0.887, 0.386 / LogL: -2129.231
Init pinv, alpha: 0.319, 0.543 / Estimate: 0.888, 0.392 / LogL: -2129.196
Init pinv, alpha: 0.425, 0.543 / Estimate: 0.887, 0.384 / LogL: -2129.253
Init pinv, alpha: 0.531, 0.543 / Estimate: 0.887, 0.386 / LogL: -2129.253
Init pinv, alpha: 0.637, 0.543 / Estimate: 0.890, 0.398 / LogL: -2129.183
Init pinv, alpha: 0.743, 0.543 / Estimate: 0.889, 0.394 / LogL: -2129.238
Init pinv, alpha: 0.850, 0.543 / Estimate: 0.888, 0.391 / LogL: -2129.327
Init pinv, alpha: 0.956, 0.543 / Estimate: 0.928, 0.813 / LogL: -2129.253
Optimal pinv,alpha: 0.889, 0.395 / LogL: -2129.161

Parameters optimization took 14.705 sec
Wrote distance file to... 
Computing ML distances based on estimated model parameters...
Calculating distance matrix: done in 0.264433 secs using 99.86% CPU
Computing ML distances took 0.264694 sec (of wall-clock time) 0.264334 sec (of CPU time)
Setting up auxiliary I and S matrices: done in 0.000766998 secs using 98.17% CPU
Constructing RapidNJ tree: done in 0.00209698 secs using 99.76% CPU
Computing RapidNJ tree took 0.002903 sec (of wall-clock time) 0.002884 sec (of CPU time)
Log-likelihood of RapidNJ tree: -2178.420
--------------------------------------------------------------------
|             INITIALIZING CANDIDATE TREE SET                      |
--------------------------------------------------------------------
Generating 98 parsimony trees... 0.702 second
Computing log-likelihood of 98 initial trees ... 0.764 seconds
Current best score: -2116.227

Do NNI search on 20 best initial trees
Estimate model parameters (epsilon = 0.100)
BETTER TREE FOUND at iteration 1: -2115.621
Estimate model parameters (epsilon = 0.100)
BETTER TREE FOUND at iteration 2: -2114.629
Iteration 10 / LogL: -2128.825 / Time: 0h:3m:34s
Iteration 20 / LogL: -2129.879 / Time: 0h:3m:41s
Finish initializing candidate tree set (20)
Current best tree score: -2114.629 / CPU time: 16.705
Number of iterations: 20
--------------------------------------------------------------------
|               OPTIMIZING CANDIDATE TREE SET                      |
--------------------------------------------------------------------
Iteration 30 / LogL: -2115.366 / Time: 0h:3m:45s (0h:1m:28s left)
Iteration 40 / LogL: -2125.366 / Time: 0h:3m:49s (0h:1m:3s left)
Iteration 50 / LogL: -2115.764 / Time: 0h:3m:54s (0h:0m:47s left)
Log-likelihood cutoff on original alignment: -2151.158
Estimate model parameters (epsilon = 0.100)
BETTER TREE FOUND at iteration 51: -2114.156
Estimate model parameters (epsilon = 0.100)
BETTER TREE FOUND at iteration 53: -2112.946
BETTER TREE FOUND at iteration 55: -2112.946
Iteration 60 / LogL: -2117.108 / Time: 0h:4m:0s (0h:1m:21s left)
Estimate model parameters (epsilon = 0.100)
BETTER TREE FOUND at iteration 61: -2112.514
Iteration 70 / LogL: -2115.983 / Time: 0h:4m:5s (0h:1m:14s left)
BETTER TREE FOUND at iteration 71: -2112.511
Iteration 80 / LogL: -2115.643 / Time: 0h:4m:12s (0h:1m:12s left)
BETTER TREE FOUND at iteration 81: -2112.506
Iteration 90 / LogL: -2112.523 / Time: 0h:4m:17s (0h:1m:9s left)
Iteration 100 / LogL: -2112.516 / Time: 0h:4m:23s (0h:1m:0s left)
Log-likelihood cutoff on original alignment: -2151.158
NOTE: Bootstrap correlation coefficient of split occurrence frequencies: 0.886
NOTE: UFBoot does not converge, continue at least 100 more iterations
BETTER TREE FOUND at iteration 107: -2112.504
Iteration 110 / LogL: -2112.514 / Time: 0h:4m:30s (0h:1m:11s left)
Iteration 120 / LogL: -2112.512 / Time: 0h:4m:36s (0h:1m:3s left)
BETTER TREE FOUND at iteration 124: -2112.503
Iteration 130 / LogL: -2112.508 / Time: 0h:4m:42s (0h:1m:7s left)
Iteration 140 / LogL: -2116.641 / Time: 0h:4m:48s (0h:0m:59s left)
Iteration 150 / LogL: -2112.503 / Time: 0h:4m:53s (0h:0m:51s left)
Log-likelihood cutoff on original alignment: -2151.158
Iteration 160 / LogL: -2112.506 / Time: 0h:5m:0s (0h:0m:44s left)
Iteration 170 / LogL: -2116.069 / Time: 0h:5m:6s (0h:0m:37s left)
Iteration 180 / LogL: -2112.519 / Time: 0h:5m:13s (0h:0m:30s left)
Iteration 190 / LogL: -2115.406 / Time: 0h:5m:20s (0h:0m:23s left)
Iteration 200 / LogL: -2112.518 / Time: 0h:5m:27s (0h:0m:16s left)
Log-likelihood cutoff on original alignment: -2151.475
NOTE: Bootstrap correlation coefficient of split occurrence frequencies: 0.950
NOTE: UFBoot does not converge, continue at least 100 more iterations
Iteration 210 / LogL: -2112.519 / Time: 0h:5m:34s (0h:1m:2s left)
Iteration 220 / LogL: -2112.517 / Time: 0h:5m:42s (0h:0m:55s left)
Iteration 230 / LogL: -2112.513 / Time: 0h:5m:50s (0h:0m:49s left)
Iteration 240 / LogL: -2112.518 / Time: 0h:5m:56s (0h:0m:41s left)
BETTER TREE FOUND at iteration 246: -2112.500
Iteration 250 / LogL: -2114.504 / Time: 0h:6m:3s (0h:1m:6s left)
Log-likelihood cutoff on original alignment: -2151.158
Iteration 260 / LogL: -2114.246 / Time: 0h:6m:9s (0h:0m:59s left)
Iteration 270 / LogL: -2122.420 / Time: 0h:6m:15s (0h:0m:52s left)
Iteration 280 / LogL: -2112.923 / Time: 0h:6m:22s (0h:0m:45s left)
Iteration 290 / LogL: -2114.498 / Time: 0h:6m:28s (0h:0m:38s left)
Iteration 300 / LogL: -2112.902 / Time: 0h:6m:34s (0h:0m:31s left)
Log-likelihood cutoff on original alignment: -2151.158
NOTE: Bootstrap correlation coefficient of split occurrence frequencies: 0.979
NOTE: UFBoot does not converge, continue at least 100 more iterations
Iteration 310 / LogL: -2112.507 / Time: 0h:6m:41s (0h:1m:1s left)
Iteration 320 / LogL: -2116.639 / Time: 0h:6m:49s (0h:0m:55s left)
Iteration 330 / LogL: -2112.505 / Time: 0h:6m:56s (0h:0m:48s left)
Iteration 340 / LogL: -2116.114 / Time: 0h:7m:2s (0h:0m:41s left)
Iteration 350 / LogL: -2116.916 / Time: 0h:7m:9s (0h:0m:34s left)
Log-likelihood cutoff on original alignment: -2151.158
Iteration 360 / LogL: -2112.505 / Time: 0h:7m:16s (0h:0m:27s left)
BETTER TREE FOUND at iteration 365: -2112.500
Iteration 370 / LogL: -2115.680 / Time: 0h:7m:23s (0h:1m:5s left)
Iteration 380 / LogL: -2123.735 / Time: 0h:7m:30s (0h:0m:58s left)
BETTER TREE FOUND at iteration 390: -2112.498
Iteration 390 / LogL: -2112.498 / Time: 0h:7m:38s (0h:1m:8s left)
Iteration 400 / LogL: -2112.518 / Time: 0h:7m:45s (0h:1m:2s left)
Log-likelihood cutoff on original alignment: -2151.158
NOTE: Bootstrap correlation coefficient of split occurrence frequencies: 0.964
NOTE: UFBoot does not converge, continue at least 100 more iterations
Iteration 410 / LogL: -2112.516 / Time: 0h:7m:53s (0h:1m:2s left)
Iteration 420 / LogL: -2116.657 / Time: 0h:8m:0s (0h:0m:55s left)
Iteration 430 / LogL: -2112.505 / Time: 0h:8m:8s (0h:0m:48s left)
Iteration 440 / LogL: -2112.505 / Time: 0h:8m:16s (0h:0m:41s left)
BETTER TREE FOUND at iteration 443: -2112.497
Iteration 450 / LogL: -2112.792 / Time: 0h:8m:23s (0h:1m:5s left)
Log-likelihood cutoff on original alignment: -2151.158
Iteration 460 / LogL: -2112.500 / Time: 0h:8m:32s (0h:0m:58s left)
Iteration 470 / LogL: -2114.892 / Time: 0h:8m:39s (0h:0m:51s left)
Iteration 480 / LogL: -2117.251 / Time: 0h:8m:47s (0h:0m:44s left)
Iteration 490 / LogL: -2112.502 / Time: 0h:8m:54s (0h:0m:37s left)
Iteration 500 / LogL: -2119.609 / Time: 0h:9m:2s (0h:0m:30s left)
Log-likelihood cutoff on original alignment: -2151.158
NOTE: Bootstrap correlation coefficient of split occurrence frequencies: 0.959
NOTE: UFBoot does not converge, continue at least 100 more iterations
Iteration 510 / LogL: -2112.895 / Time: 0h:9m:11s (0h:1m:3s left)
Iteration 520 / LogL: -2117.058 / Time: 0h:9m:19s (0h:0m:57s left)
Iteration 530 / LogL: -2112.804 / Time: 0h:9m:27s (0h:0m:50s left)
Iteration 540 / LogL: -2112.791 / Time: 0h:9m:35s (0h:0m:42s left)
Iteration 550 / LogL: -2112.513 / Time: 0h:9m:43s (0h:0m:35s left)
Log-likelihood cutoff on original alignment: -2151.158
Iteration 560 / LogL: -2114.876 / Time: 0h:9m:52s (0h:0m:28s left)
Iteration 570 / LogL: -2112.506 / Time: 0h:10m:0s (0h:0m:21s left)
Iteration 580 / LogL: -2114.876 / Time: 0h:10m:8s (0h:0m:14s left)
Iteration 590 / LogL: -2113.303 / Time: 0h:10m:16s (0h:0m:7s left)
Iteration 600 / LogL: -2112.895 / Time: 0h:10m:25s (0h:0m:0s left)
Log-likelihood cutoff on original alignment: -2151.158
NOTE: Bootstrap correlation coefficient of split occurrence frequencies: 0.959
NOTE: UFBoot does not converge, continue at least 100 more iterations
Iteration 610 / LogL: -2112.505 / Time: 0h:10m:35s (0h:1m:5s left)
Iteration 620 / LogL: -2118.953 / Time: 0h:10m:44s (0h:0m:58s left)
Iteration 630 / LogL: -2112.511 / Time: 0h:10m:53s (0h:0m:51s left)
Iteration 640 / LogL: -2112.918 / Time: 0h:11m:1s (0h:0m:44s left)
Iteration 650 / LogL: -2112.513 / Time: 0h:11m:9s (0h:0m:36s left)
Log-likelihood cutoff on original alignment: -2151.158
Iteration 660 / LogL: -2116.595 / Time: 0h:11m:19s (0h:0m:29s left)
Iteration 670 / LogL: -2116.475 / Time: 0h:11m:28s (0h:0m:22s left)
Iteration 680 / LogL: -2112.512 / Time: 0h:11m:39s (0h:0m:15s left)
Iteration 690 / LogL: -2115.195 / Time: 0h:11m:48s (0h:0m:7s left)
Iteration 700 / LogL: -2112.885 / Time: 0h:11m:57s (0h:0m:0s left)
Log-likelihood cutoff on original alignment: -2151.158
NOTE: Bootstrap correlation coefficient of split occurrence frequencies: 0.962
NOTE: UFBoot does not converge, continue at least 100 more iterations
Iteration 710 / LogL: -2120.626 / Time: 0h:12m:7s (0h:1m:8s left)
Iteration 720 / LogL: -2112.504 / Time: 0h:12m:16s (0h:1m:0s left)
Iteration 730 / LogL: -2112.552 / Time: 0h:12m:27s (0h:0m:53s left)
Iteration 740 / LogL: -2112.505 / Time: 0h:12m:36s (0h:0m:46s left)
Iteration 750 / LogL: -2112.891 / Time: 0h:12m:46s (0h:0m:38s left)
Log-likelihood cutoff on original alignment: -2151.158
Iteration 760 / LogL: -2112.517 / Time: 0h:12m:55s (0h:0m:30s left)
Iteration 770 / LogL: -2112.915 / Time: 0h:13m:4s (0h:0m:23s left)
Iteration 780 / LogL: -2112.887 / Time: 0h:13m:15s (0h:0m:15s left)
Iteration 790 / LogL: -2112.891 / Time: 0h:13m:26s (0h:0m:7s left)
Iteration 800 / LogL: -2116.582 / Time: 0h:13m:35s (0h:0m:0s left)
Log-likelihood cutoff on original alignment: -2151.158
NOTE: Bootstrap correlation coefficient of split occurrence frequencies: 0.981
NOTE: UFBoot does not converge, continue at least 100 more iterations
Iteration 810 / LogL: -2112.893 / Time: 0h:13m:46s (0h:1m:10s left)
Iteration 820 / LogL: -2112.886 / Time: 0h:13m:56s (0h:1m:3s left)
Iteration 830 / LogL: -2113.300 / Time: 0h:14m:6s (0h:0m:55s left)
Iteration 840 / LogL: -2114.632 / Time: 0h:14m:16s (0h:0m:47s left)
Iteration 850 / LogL: -2114.497 / Time: 0h:14m:25s (0h:0m:39s left)
Log-likelihood cutoff on original alignment: -2151.158
Iteration 860 / LogL: -2121.593 / Time: 0h:14m:36s (0h:0m:31s left)
Iteration 870 / LogL: -2112.511 / Time: 0h:14m:46s (0h:0m:24s left)
Iteration 880 / LogL: -2112.503 / Time: 0h:14m:56s (0h:0m:16s left)
Iteration 890 / LogL: -2112.511 / Time: 0h:15m:6s (0h:0m:8s left)
Iteration 900 / LogL: -2112.505 / Time: 0h:15m:17s (0h:0m:0s left)
Log-likelihood cutoff on original alignment: -2151.158
NOTE: Bootstrap correlation coefficient of split occurrence frequencies: 0.967
NOTE: UFBoot does not converge, continue at least 100 more iterations
Iteration 910 / LogL: -2112.922 / Time: 0h:15m:28s (0h:1m:13s left)
Iteration 920 / LogL: -2114.771 / Time: 0h:15m:39s (0h:1m:5s left)
Iteration 930 / LogL: -2112.511 / Time: 0h:15m:49s (0h:0m:57s left)
Iteration 940 / LogL: -2112.516 / Time: 0h:15m:58s (0h:0m:49s left)
Iteration 950 / LogL: -2112.958 / Time: 0h:16m:8s (0h:0m:41s left)
Log-likelihood cutoff on original alignment: -2151.158
Iteration 960 / LogL: -2112.886 / Time: 0h:16m:20s (0h:0m:32s left)
Iteration 970 / LogL: -2112.528 / Time: 0h:16m:30s (0h:0m:24s left)
Iteration 980 / LogL: -2114.634 / Time: 0h:16m:41s (0h:0m:16s left)
Iteration 990 / LogL: -2112.499 / Time: 0h:16m:51s (0h:0m:8s left)
Iteration 1000 / LogL: -2119.731 / Time: 0h:17m:3s (0h:0m:0s left)
Log-likelihood cutoff on original alignment: -2151.158
NOTE: Bootstrap correlation coefficient of split occurrence frequencies: 0.971
NOTE: UFBoot does not converge, continue at least 100 more iterations
Iteration 1010 / LogL: -2112.892 / Time: 0h:17m:14s (0h:1m:15s left)
Iteration 1020 / LogL: -2121.960 / Time: 0h:17m:26s (0h:1m:7s left)
Iteration 1030 / LogL: -2115.189 / Time: 0h:17m:37s (0h:0m:59s left)
BETTER TREE FOUND at iteration 1035: -2112.497
Iteration 1040 / LogL: -2112.887 / Time: 0h:17m:48s (0h:1m:20s left)
Iteration 1050 / LogL: -2112.500 / Time: 0h:18m:0s (0h:1m:12s left)
Log-likelihood cutoff on original alignment: -2151.158
Iteration 1060 / LogL: -2112.509 / Time: 0h:18m:12s (0h:1m:3s left)
Iteration 1070 / LogL: -2112.790 / Time: 0h:18m:22s (0h:0m:55s left)
Iteration 1080 / LogL: -2112.884 / Time: 0h:18m:34s (0h:0m:47s left)
BETTER TREE FOUND at iteration 1089: -2112.496
Iteration 1090 / LogL: -2112.889 / Time: 0h:18m:46s (0h:1m:25s left)
Iteration 1100 / LogL: -2112.784 / Time: 0h:18m:58s (0h:1m:16s left)
Log-likelihood cutoff on original alignment: -2151.158
NOTE: Bootstrap correlation coefficient of split occurrence frequencies: 0.976
NOTE: UFBoot does not converge, continue at least 100 more iterations
Iteration 1110 / LogL: -2118.792 / Time: 0h:19m:10s (0h:1m:17s left)
Iteration 1120 / LogL: -2113.306 / Time: 0h:19m:22s (0h:1m:9s left)
Iteration 1130 / LogL: -2115.685 / Time: 0h:19m:34s (0h:1m:1s left)
Iteration 1140 / LogL: -2114.242 / Time: 0h:19m:45s (0h:0m:52s left)
Iteration 1150 / LogL: -2112.502 / Time: 0h:19m:57s (0h:0m:43s left)
Log-likelihood cutoff on original alignment: -2151.158
Iteration 1160 / LogL: -2112.505 / Time: 0h:20m:9s (0h:0m:35s left)
Iteration 1170 / LogL: -2112.504 / Time: 0h:20m:21s (0h:0m:26s left)
Iteration 1180 / LogL: -2112.900 / Time: 0h:20m:33s (0h:0m:17s left)
Iteration 1190 / LogL: -2113.137 / Time: 0h:20m:45s (0h:0m:8s left)
Iteration 1200 / LogL: -2112.891 / Time: 0h:20m:57s (0h:0m:0s left)
Log-likelihood cutoff on original alignment: -2151.158
NOTE: Bootstrap correlation coefficient of split occurrence frequencies: 0.980
NOTE: UFBoot does not converge, continue at least 100 more iterations
Iteration 1210 / LogL: -2121.376 / Time: 0h:21m:9s (0h:1m:20s left)
Iteration 1220 / LogL: -2112.517 / Time: 0h:21m:20s (0h:1m:11s left)
Iteration 1230 / LogL: -2112.884 / Time: 0h:21m:32s (0h:1m:2s left)
Iteration 1240 / LogL: -2112.900 / Time: 0h:21m:44s (0h:0m:54s left)
BETTER TREE FOUND at iteration 1241: -2112.495
Iteration 1250 / LogL: -2114.496 / Time: 0h:21m:57s (0h:1m:22s left)
Log-likelihood cutoff on original alignment: -2151.158
Iteration 1260 / LogL: -2112.516 / Time: 0h:22m:11s (0h:1m:13s left)
Iteration 1270 / LogL: -2112.886 / Time: 0h:22m:24s (0h:1m:4s left)
Iteration 1280 / LogL: -2112.510 / Time: 0h:22m:36s (0h:0m:55s left)
Iteration 1290 / LogL: -2123.810 / Time: 0h:22m:48s (0h:0m:46s left)
Iteration 1300 / LogL: -2125.620 / Time: 0h:23m:2s (0h:0m:37s left)
Log-likelihood cutoff on original alignment: -2151.158
NOTE: Bootstrap correlation coefficient of split occurrence frequencies: 0.977
NOTE: UFBoot does not converge, continue at least 100 more iterations
Iteration 1310 / LogL: -2112.502 / Time: 0h:23m:16s (0h:1m:22s left)
Iteration 1320 / LogL: -2112.502 / Time: 0h:23m:28s (0h:1m:13s left)
Iteration 1330 / LogL: -2112.516 / Time: 0h:23m:41s (0h:1m:4s left)
Iteration 1340 / LogL: -2112.887 / Time: 0h:23m:53s (0h:0m:55s left)
Iteration 1350 / LogL: -2112.920 / Time: 0h:24m:7s (0h:0m:46s left)
Log-likelihood cutoff on original alignment: -2151.158
Iteration 1360 / LogL: -2112.500 / Time: 0h:24m:23s (0h:0m:37s left)
Iteration 1370 / LogL: -2116.038 / Time: 0h:24m:37s (0h:0m:28s left)
Iteration 1380 / LogL: -2112.886 / Time: 0h:24m:51s (0h:0m:18s left)
Iteration 1390 / LogL: -2112.890 / Time: 0h:25m:5s (0h:0m:9s left)
Iteration 1400 / LogL: -2114.930 / Time: 0h:25m:19s (0h:0m:0s left)
Log-likelihood cutoff on original alignment: -2151.158
NOTE: Bootstrap correlation coefficient of split occurrence frequencies: 0.978
NOTE: UFBoot does not converge, continue at least 100 more iterations
Iteration 1410 / LogL: -2112.497 / Time: 0h:25m:32s (0h:1m:25s left)
Iteration 1420 / LogL: -2112.895 / Time: 0h:25m:46s (0h:1m:16s left)
Iteration 1430 / LogL: -2113.293 / Time: 0h:25m:59s (0h:1m:7s left)
Iteration 1440 / LogL: -2115.290 / Time: 0h:26m:12s (0h:0m:57s left)
Iteration 1450 / LogL: -2112.495 / Time: 0h:26m:26s (0h:0m:48s left)
Log-likelihood cutoff on original alignment: -2151.158
BETTER TREE FOUND at iteration 1452: -2112.494
Iteration 1460 / LogL: -2112.502 / Time: 0h:26m:40s (0h:1m:28s left)
Iteration 1470 / LogL: -2112.499 / Time: 0h:26m:53s (0h:1m:19s left)
Iteration 1480 / LogL: -2112.513 / Time: 0h:27m:7s (0h:1m:10s left)
Iteration 1490 / LogL: -2116.566 / Time: 0h:27m:21s (0h:1m:0s left)
Iteration 1500 / LogL: -2112.504 / Time: 0h:27m:34s (0h:0m:50s left)
Log-likelihood cutoff on original alignment: -2151.158
NOTE: Bootstrap correlation coefficient of split occurrence frequencies: 0.978
NOTE: UFBoot does not converge, continue at least 100 more iterations
Iteration 1510 / LogL: -2120.063 / Time: 0h:27m:49s (0h:1m:28s left)
Iteration 1520 / LogL: -2112.889 / Time: 0h:28m:3s (0h:1m:18s left)
Iteration 1530 / LogL: -2112.791 / Time: 0h:28m:17s (0h:1m:9s left)
Iteration 1540 / LogL: -2112.499 / Time: 0h:28m:32s (0h:0m:59s left)
Iteration 1550 / LogL: -2113.195 / Time: 0h:28m:47s (0h:0m:49s left)
Log-likelihood cutoff on original alignment: -2151.158
Iteration 1560 / LogL: -2114.233 / Time: 0h:29m:2s (0h:0m:39s left)
Iteration 1570 / LogL: -2112.497 / Time: 0h:29m:16s (0h:0m:29s left)
Iteration 1580 / LogL: -2112.888 / Time: 0h:29m:30s (0h:0m:20s left)
Iteration 1590 / LogL: -2112.503 / Time: 0h:29m:45s (0h:0m:10s left)
Iteration 1600 / LogL: -2117.804 / Time: 0h:30m:0s (0h:0m:0s left)
Log-likelihood cutoff on original alignment: -2151.158
NOTE: Bootstrap correlation coefficient of split occurrence frequencies: 0.980
NOTE: UFBoot does not converge, continue at least 100 more iterations
Iteration 1610 / LogL: -2112.509 / Time: 0h:30m:16s (0h:1m:30s left)
Iteration 1620 / LogL: -2122.449 / Time: 0h:30m:31s (0h:1m:21s left)
Iteration 1630 / LogL: -2112.790 / Time: 0h:30m:46s (0h:1m:11s left)
Iteration 1640 / LogL: -2112.890 / Time: 0h:31m:1s (0h:1m:1s left)
Iteration 1650 / LogL: -2116.986 / Time: 0h:31m:15s (0h:0m:51s left)
Log-likelihood cutoff on original alignment: -2151.589
Iteration 1660 / LogL: -2123.282 / Time: 0h:31m:31s (0h:0m:41s left)
Iteration 1670 / LogL: -2112.499 / Time: 0h:31m:47s (0h:0m:30s left)
Iteration 1680 / LogL: -2112.514 / Time: 0h:32m:1s (0h:0m:20s left)
Iteration 1690 / LogL: -2114.322 / Time: 0h:32m:17s (0h:0m:10s left)
Iteration 1700 / LogL: -2112.886 / Time: 0h:32m:32s (0h:0m:0s left)
Log-likelihood cutoff on original alignment: -2151.589
NOTE: Bootstrap correlation coefficient of split occurrence frequencies: 0.980
NOTE: UFBoot does not converge, continue at least 100 more iterations
Estimate model parameters (epsilon = 0.100)
BETTER TREE FOUND at iteration 1708: -2112.120
Iteration 1710 / LogL: -2112.159 / Time: 0h:32m:48s (0h:1m:41s left)
Estimate model parameters (epsilon = 0.100)
BETTER TREE FOUND at iteration 1716: -2111.746
Iteration 1720 / LogL: -2112.164 / Time: 0h:33m:3s (0h:1m:40s left)
Iteration 1730 / LogL: -2111.756 / Time: 0h:33m:19s (0h:1m:30s left)
Iteration 1740 / LogL: -2111.747 / Time: 0h:33m:34s (0h:1m:19s left)
Iteration 1750 / LogL: -2112.160 / Time: 0h:33m:50s (0h:1m:9s left)
Log-likelihood cutoff on original alignment: -2151.589
BETTER TREE FOUND at iteration 1755: -2111.741
BETTER TREE FOUND at iteration 1760: -2111.739
Iteration 1760 / LogL: -2111.739 / Time: 0h:34m:7s (0h:1m:45s left)
Iteration 1770 / LogL: -2111.747 / Time: 0h:34m:22s (0h:1m:35s left)
Iteration 1780 / LogL: -2111.746 / Time: 0h:34m:37s (0h:1m:24s left)
Iteration 1790 / LogL: -2111.744 / Time: 0h:34m:53s (0h:1m:14s left)
Iteration 1800 / LogL: -2111.752 / Time: 0h:35m:9s (0h:1m:4s left)
Log-likelihood cutoff on original alignment: -2151.158
NOTE: Bootstrap correlation coefficient of split occurrence frequencies: 0.957
NOTE: UFBoot does not converge, continue at least 100 more iterations
Iteration 1810 / LogL: -2113.761 / Time: 0h:35m:25s (0h:1m:36s left)
Iteration 1820 / LogL: -2111.760 / Time: 0h:35m:40s (0h:1m:25s left)
Iteration 1830 / LogL: -2119.805 / Time: 0h:35m:56s (0h:1m:15s left)
Iteration 1840 / LogL: -2111.745 / Time: 0h:36m:11s (0h:1m:4s left)
Iteration 1850 / LogL: -2111.774 / Time: 0h:36m:26s (0h:0m:54s left)
Log-likelihood cutoff on original alignment: -2151.158
Iteration 1860 / LogL: -2111.754 / Time: 0h:36m:43s (0h:0m:43s left)
Iteration 1870 / LogL: -2112.013 / Time: 0h:36m:58s (0h:0m:32s left)
Iteration 1880 / LogL: -2111.751 / Time: 0h:37m:15s (0h:0m:21s left)
Iteration 1890 / LogL: -2113.864 / Time: 0h:37m:31s (0h:0m:10s left)
Iteration 1900 / LogL: -2112.128 / Time: 0h:37m:47s (0h:0m:0s left)
Log-likelihood cutoff on original alignment: -2151.158
NOTE: Bootstrap correlation coefficient of split occurrence frequencies: 0.935
NOTE: UFBoot does not converge, continue at least 100 more iterations
Iteration 1910 / LogL: -2112.018 / Time: 0h:38m:3s (0h:1m:38s left)
Iteration 1920 / LogL: -2111.745 / Time: 0h:38m:20s (0h:1m:27s left)
BETTER TREE FOUND at iteration 1929: -2111.737
Iteration 1930 / LogL: -2120.213 / Time: 0h:38m:35s (0h:1m:49s left)
BETTER TREE FOUND at iteration 1940: -2111.737
Iteration 1940 / LogL: -2111.737 / Time: 0h:38m:52s (0h:1m:50s left)
Iteration 1950 / LogL: -2115.921 / Time: 0h:39m:8s (0h:1m:39s left)
Log-likelihood cutoff on original alignment: -2151.158
Iteration 1960 / LogL: -2111.760 / Time: 0h:39m:25s (0h:1m:28s left)
BETTER TREE FOUND at iteration 1961: -2111.736
Iteration 1970 / LogL: -2111.757 / Time: 0h:39m:42s (0h:1m:41s left)
Iteration 1980 / LogL: -2121.302 / Time: 0h:39m:58s (0h:1m:30s left)
Iteration 1990 / LogL: -2111.746 / Time: 0h:40m:13s (0h:1m:19s left)
Iteration 2000 / LogL: -2112.885 / Time: 0h:40m:29s (0h:1m:8s left)
Log-likelihood cutoff on original alignment: -2151.158
NOTE: Bootstrap correlation coefficient of split occurrence frequencies: 0.931
NOTE: UFBoot does not converge, continue at least 100 more iterations
BETTER TREE FOUND at iteration 2006: -2111.733
Iteration 2010 / LogL: -2114.426 / Time: 0h:40m:47s (0h:1m:47s left)
Iteration 2020 / LogL: -2118.666 / Time: 0h:41m:3s (0h:1m:36s left)
Iteration 2030 / LogL: -2111.742 / Time: 0h:41m:19s (0h:1m:25s left)
Iteration 2040 / LogL: -2111.746 / Time: 0h:41m:35s (0h:1m:14s left)
Iteration 2050 / LogL: -2112.141 / Time: 0h:41m:51s (0h:1m:3s left)
Log-likelihood cutoff on original alignment: -2151.158
Iteration 2060 / LogL: -2115.359 / Time: 0h:42m:8s (0h:0m:52s left)
Iteration 2070 / LogL: -2113.907 / Time: 0h:42m:25s (0h:0m:40s left)
Iteration 2080 / LogL: -2112.014 / Time: 0h:42m:43s (0h:0m:29s left)
Iteration 2090 / LogL: -2111.741 / Time: 0h:43m:0s (0h:0m:18s left)
Iteration 2100 / LogL: -2112.117 / Time: 0h:43m:16s (0h:0m:6s left)
Log-likelihood cutoff on original alignment: -2151.158
NOTE: Bootstrap correlation coefficient of split occurrence frequencies: 0.916
NOTE: UFBoot does not converge, continue at least 100 more iterations
Iteration 2110 / LogL: -2112.125 / Time: 0h:43m:33s (0h:1m:43s left)
Iteration 2120 / LogL: -2112.168 / Time: 0h:43m:51s (0h:1m:32s left)
Iteration 2130 / LogL: -2111.741 / Time: 0h:44m:9s (0h:1m:20s left)
Iteration 2140 / LogL: -2112.130 / Time: 0h:44m:26s (0h:1m:9s left)
Iteration 2150 / LogL: -2111.746 / Time: 0h:44m:43s (0h:0m:58s left)
Log-likelihood cutoff on original alignment: -2151.158
Iteration 2160 / LogL: -2115.758 / Time: 0h:45m:1s (0h:0m:46s left)
Iteration 2170 / LogL: -2112.503 / Time: 0h:45m:18s (0h:0m:34s left)
BETTER TREE FOUND at iteration 2171: -2111.733
Iteration 2180 / LogL: -2111.743 / Time: 0h:45m:34s (0h:1m:46s left)
Iteration 2190 / LogL: -2112.147 / Time: 0h:45m:53s (0h:1m:34s left)
Iteration 2200 / LogL: -2111.765 / Time: 0h:46m:10s (0h:1m:23s left)
Log-likelihood cutoff on original alignment: -2151.158
NOTE: Bootstrap correlation coefficient of split occurrence frequencies: 0.906
NOTE: UFBoot does not converge, continue at least 100 more iterations
Iteration 2210 / LogL: -2112.161 / Time: 0h:46m:28s (0h:1m:45s left)
Iteration 2220 / LogL: -2112.496 / Time: 0h:46m:46s (0h:1m:34s left)
Iteration 2230 / LogL: -2112.125 / Time: 0h:47m:4s (0h:1m:22s left)
Iteration 2240 / LogL: -2121.512 / Time: 0h:47m:21s (0h:1m:11s left)
Iteration 2250 / LogL: -2116.242 / Time: 0h:47m:39s (0h:0m:59s left)
Log-likelihood cutoff on original alignment: -2151.158
Iteration 2260 / LogL: -2111.757 / Time: 0h:47m:58s (0h:0m:47s left)
Iteration 2270 / LogL: -2112.145 / Time: 0h:48m:16s (0h:0m:35s left)
Iteration 2280 / LogL: -2117.639 / Time: 0h:48m:33s (0h:0m:23s left)
Iteration 2290 / LogL: -2118.590 / Time: 0h:48m:52s (0h:0m:11s left)
Iteration 2300 / LogL: -2119.261 / Time: 0h:49m:9s (0h:0m:0s left)
Log-likelihood cutoff on original alignment: -2151.158
NOTE: Bootstrap correlation coefficient of split occurrence frequencies: 0.893
NOTE: UFBoot does not converge, continue at least 100 more iterations
Iteration 2310 / LogL: -2111.738 / Time: 0h:49m:28s (0h:1m:48s left)
Iteration 2320 / LogL: -2111.739 / Time: 0h:49m:45s (0h:1m:36s left)
Iteration 2330 / LogL: -2115.854 / Time: 0h:50m:4s (0h:1m:24s left)
Iteration 2340 / LogL: -2111.749 / Time: 0h:50m:22s (0h:1m:12s left)
Iteration 2350 / LogL: -2111.745 / Time: 0h:50m:42s (0h:1m:0s left)
Log-likelihood cutoff on original alignment: -2151.158
Iteration 2360 / LogL: -2112.130 / Time: 0h:51m:2s (0h:0m:48s left)
Iteration 2370 / LogL: -2112.150 / Time: 0h:51m:22s (0h:0m:36s left)
BETTER TREE FOUND at iteration 2380: -2111.732
Iteration 2380 / LogL: -2111.732 / Time: 0h:51m:40s (0h:2m:2s left)
Iteration 2390 / LogL: -2116.422 / Time: 0h:51m:59s (0h:1m:50s left)
Iteration 2400 / LogL: -2111.754 / Time: 0h:52m:18s (0h:1m:38s left)
Log-likelihood cutoff on original alignment: -2151.158
NOTE: Bootstrap correlation coefficient of split occurrence frequencies: 0.891
NOTE: UFBoot does not converge, continue at least 100 more iterations
Iteration 2410 / LogL: -2111.752 / Time: 0h:52m:38s (0h:1m:50s left)
Iteration 2420 / LogL: -2114.900 / Time: 0h:52m:58s (0h:1m:38s left)
Iteration 2430 / LogL: -2112.150 / Time: 0h:53m:16s (0h:1m:26s left)
Iteration 2440 / LogL: -2111.741 / Time: 0h:53m:34s (0h:1m:14s left)
Iteration 2450 / LogL: -2120.213 / Time: 0h:53m:53s (0h:1m:2s left)
Log-likelihood cutoff on original alignment: -2151.158
Iteration 2460 / LogL: -2113.495 / Time: 0h:54m:13s (0h:0m:49s left)
Iteration 2470 / LogL: -2111.745 / Time: 0h:54m:31s (0h:0m:37s left)
Iteration 2480 / LogL: -2114.435 / Time: 0h:54m:51s (0h:0m:25s left)
Iteration 2490 / LogL: -2111.750 / Time: 0h:55m:11s (0h:0m:12s left)
Iteration 2500 / LogL: -2117.782 / Time: 0h:55m:29s (0h:0m:0s left)
Log-likelihood cutoff on original alignment: -2151.158
NOTE: Bootstrap correlation coefficient of split occurrence frequencies: 0.884
NOTE: UFBoot does not converge, continue at least 100 more iterations
Iteration 2510 / LogL: -2111.754 / Time: 0h:55m:49s (0h:1m:53s left)
Iteration 2520 / LogL: -2111.753 / Time: 0h:56m:9s (0h:1m:40s left)
Iteration 2530 / LogL: -2114.938 / Time: 0h:56m:30s (0h:1m:28s left)
Iteration 2540 / LogL: -2112.127 / Time: 0h:56m:49s (0h:1m:16s left)
Iteration 2550 / LogL: -2115.182 / Time: 0h:57m:10s (0h:1m:3s left)
Log-likelihood cutoff on original alignment: -2151.158
Iteration 2560 / LogL: -2112.885 / Time: 0h:57m:30s (0h:0m:50s left)
Iteration 2570 / LogL: -2112.022 / Time: 0h:57m:50s (0h:0m:38s left)
Iteration 2580 / LogL: -2114.162 / Time: 0h:58m:11s (0h:0m:25s left)
Iteration 2590 / LogL: -2111.736 / Time: 0h:58m:31s (0h:0m:12s left)
Iteration 2600 / LogL: -2112.174 / Time: 0h:58m:51s (0h:0m:0s left)
Log-likelihood cutoff on original alignment: -2151.158
NOTE: Bootstrap correlation coefficient of split occurrence frequencies: 0.882
NOTE: UFBoot does not converge, continue at least 100 more iterations
Iteration 2610 / LogL: -2126.336 / Time: 0h:59m:12s (0h:1m:56s left)
Iteration 2620 / LogL: -2111.747 / Time: 0h:59m:33s (0h:1m:43s left)
Iteration 2630 / LogL: -2128.011 / Time: 0h:59m:52s (0h:1m:30s left)
Iteration 2640 / LogL: -2120.059 / Time: 1h:0m:12s (0h:1m:17s left)
Iteration 2650 / LogL: -2112.131 / Time: 1h:0m:32s (0h:1m:4s left)
Log-likelihood cutoff on original alignment: -2151.158
Iteration 2660 / LogL: -2114.431 / Time: 1h:0m:52s (0h:0m:52s left)
Iteration 2670 / LogL: -2112.123 / Time: 1h:1m:13s (0h:0m:39s left)
Iteration 2680 / LogL: -2111.768 / Time: 1h:1m:33s (0h:0m:26s left)
Iteration 2690 / LogL: -2111.738 / Time: 1h:1m:55s (0h:0m:13s left)
BETTER TREE FOUND at iteration 2693: -2111.731
Iteration 2700 / LogL: -2112.129 / Time: 1h:2m:15s (0h:2m:2s left)
Log-likelihood cutoff on original alignment: -2151.158
NOTE: Bootstrap correlation coefficient of split occurrence frequencies: 0.882
NOTE: UFBoot does not converge, continue at least 100 more iterations
Iteration 2710 / LogL: -2114.451 / Time: 1h:2m:37s (0h:1m:58s left)
Iteration 2720 / LogL: -2113.297 / Time: 1h:2m:57s (0h:1m:45s left)
Iteration 2730 / LogL: -2111.747 / Time: 1h:3m:18s (0h:1m:32s left)
Iteration 2740 / LogL: -2117.636 / Time: 1h:3m:38s (0h:1m:19s left)
Iteration 2750 / LogL: -2115.839 / Time: 1h:3m:59s (0h:1m:6s left)
Log-likelihood cutoff on original alignment: -2151.158
Iteration 2760 / LogL: -2112.146 / Time: 1h:4m:22s (0h:0m:53s left)
Iteration 2770 / LogL: -2113.498 / Time: 1h:4m:43s (0h:0m:40s left)
Iteration 2780 / LogL: -2112.785 / Time: 1h:5m:5s (0h:0m:26s left)
Iteration 2790 / LogL: -2111.750 / Time: 1h:5m:26s (0h:0m:13s left)
Iteration 2800 / LogL: -2111.745 / Time: 1h:5m:48s (0h:0m:0s left)
Log-likelihood cutoff on original alignment: -2151.158
NOTE: Bootstrap correlation coefficient of split occurrence frequencies: 0.871
NOTE: UFBoot does not converge, continue at least 100 more iterations
Iteration 2810 / LogL: -2111.747 / Time: 1h:6m:10s (0h:2m:1s left)
Iteration 2820 / LogL: -2111.750 / Time: 1h:6m:32s (0h:1m:47s left)
Iteration 2830 / LogL: -2111.744 / Time: 1h:6m:53s (0h:1m:34s left)
Iteration 2840 / LogL: -2111.738 / Time: 1h:7m:15s (0h:1m:21s left)
Iteration 2850 / LogL: -2111.736 / Time: 1h:7m:37s (0h:1m:7s left)
Log-likelihood cutoff on original alignment: -2151.158
Iteration 2860 / LogL: -2112.128 / Time: 1h:7m:59s (0h:0m:54s left)
Iteration 2870 / LogL: -2111.744 / Time: 1h:8m:22s (0h:0m:40s left)
Iteration 2880 / LogL: -2112.132 / Time: 1h:8m:43s (0h:0m:27s left)
Iteration 2890 / LogL: -2111.744 / Time: 1h:9m:4s (0h:0m:13s left)
Iteration 2900 / LogL: -2112.123 / Time: 1h:9m:27s (0h:0m:0s left)
Log-likelihood cutoff on original alignment: -2151.158
NOTE: Bootstrap correlation coefficient of split occurrence frequencies: 0.866
NOTE: UFBoot does not converge, continue at least 100 more iterations
Iteration 2910 / LogL: -2114.427 / Time: 1h:9m:48s (0h:2m:3s left)
Iteration 2920 / LogL: -2114.427 / Time: 1h:10m:10s (0h:1m:50s left)
Iteration 2930 / LogL: -2111.749 / Time: 1h:10m:32s (0h:1m:36s left)
Iteration 2940 / LogL: -2111.748 / Time: 1h:10m:54s (0h:1m:22s left)
Iteration 2950 / LogL: -2112.150 / Time: 1h:11m:16s (0h:1m:9s left)
Log-likelihood cutoff on original alignment: -2151.158
Iteration 2960 / LogL: -2114.926 / Time: 1h:11m:39s (0h:0m:55s left)
Iteration 2970 / LogL: -2111.740 / Time: 1h:12m:1s (0h:0m:41s left)
Iteration 2980 / LogL: -2111.745 / Time: 1h:12m:24s (0h:0m:27s left)
Iteration 2990 / LogL: -2118.254 / Time: 1h:12m:46s (0h:0m:13s left)
Iteration 3000 / LogL: -2112.496 / Time: 1h:13m:9s (0h:0m:0s left)
Log-likelihood cutoff on original alignment: -2151.158
NOTE: Bootstrap correlation coefficient of split occurrence frequencies: 0.868
NOTE: UFBoot does not converge, continue at least 100 more iterations
Iteration 3010 / LogL: -2111.784 / Time: 1h:13m:32s (0h:2m:6s left)
Iteration 3020 / LogL: -2112.497 / Time: 1h:13m:55s (0h:1m:52s left)
Iteration 3030 / LogL: -2112.016 / Time: 1h:14m:18s (0h:1m:38s left)
Iteration 3040 / LogL: -2111.770 / Time: 1h:14m:39s (0h:1m:24s left)
Iteration 3050 / LogL: -2111.739 / Time: 1h:15m:2s (0h:1m:10s left)
Log-likelihood cutoff on original alignment: -2151.158
Iteration 3060 / LogL: -2112.022 / Time: 1h:15m:26s (0h:0m:56s left)
Iteration 3070 / LogL: -2115.325 / Time: 1h:15m:48s (0h:0m:42s left)
Iteration 3080 / LogL: -2111.745 / Time: 1h:16m:11s (0h:0m:28s left)
Iteration 3090 / LogL: -2112.015 / Time: 1h:16m:32s (0h:0m:14s left)
Iteration 3100 / LogL: -2115.380 / Time: 1h:16m:55s (0h:0m:0s left)
Log-likelihood cutoff on original alignment: -2151.158
NOTE: Bootstrap correlation coefficient of split occurrence frequencies: 0.869
NOTE: UFBoot does not converge, continue at least 100 more iterations
Iteration 3110 / LogL: -2113.472 / Time: 1h:17m:19s (0h:2m:8s left)
Iteration 3120 / LogL: -2113.607 / Time: 1h:17m:45s (0h:1m:54s left)
Iteration 3130 / LogL: -2112.535 / Time: 1h:18m:7s (0h:1m:40s left)
Iteration 3140 / LogL: -2111.747 / Time: 1h:18m:30s (0h:1m:26s left)
Iteration 3150 / LogL: -2111.749 / Time: 1h:18m:53s (0h:1m:12s left)
Log-likelihood cutoff on original alignment: -2151.715
Iteration 3160 / LogL: -2112.128 / Time: 1h:19m:16s (0h:0m:57s left)
Iteration 3170 / LogL: -2112.155 / Time: 1h:19m:40s (0h:0m:43s left)
Iteration 3180 / LogL: -2111.748 / Time: 1h:20m:4s (0h:0m:29s left)
Iteration 3190 / LogL: -2112.909 / Time: 1h:20m:27s (0h:0m:14s left)
Iteration 3200 / LogL: -2114.854 / Time: 1h:20m:51s (0h:0m:0s left)
Log-likelihood cutoff on original alignment: -2151.715
NOTE: Bootstrap correlation coefficient of split occurrence frequencies: 0.870
NOTE: UFBoot does not converge, continue at least 100 more iterations
Iteration 3210 / LogL: -2112.131 / Time: 1h:21m:14s (0h:2m:11s left)
Iteration 3220 / LogL: -2118.042 / Time: 1h:21m:38s (0h:1m:57s left)
Iteration 3230 / LogL: -2111.773 / Time: 1h:22m:0s (0h:1m:42s left)
Iteration 3240 / LogL: -2112.135 / Time: 1h:22m:25s (0h:1m:28s left)
Iteration 3250 / LogL: -2112.126 / Time: 1h:22m:49s (0h:1m:13s left)
Log-likelihood cutoff on original alignment: -2151.715
Iteration 3260 / LogL: -2112.124 / Time: 1h:23m:13s (0h:0m:58s left)
Iteration 3270 / LogL: -2115.311 / Time: 1h:23m:37s (0h:0m:44s left)
Iteration 3280 / LogL: -2112.148 / Time: 1h:23m:59s (0h:0m:29s left)
Iteration 3290 / LogL: -2114.835 / Time: 1h:24m:23s (0h:0m:14s left)
Iteration 3300 / LogL: -2111.748 / Time: 1h:24m:47s (0h:0m:0s left)
Log-likelihood cutoff on original alignment: -2151.715
NOTE: Bootstrap correlation coefficient of split occurrence frequencies: 0.867
NOTE: UFBoot does not converge, continue at least 100 more iterations
Iteration 3310 / LogL: -2123.656 / Time: 1h:25m:11s (0h:2m:13s left)
Iteration 3320 / LogL: -2114.426 / Time: 1h:25m:35s (0h:1m:59s left)
Iteration 3330 / LogL: -2111.746 / Time: 1h:25m:59s (0h:1m:44s left)
Iteration 3340 / LogL: -2115.318 / Time: 1h:26m:24s (0h:1m:29s left)
Iteration 3350 / LogL: -2111.736 / Time: 1h:26m:48s (0h:1m:14s left)
Log-likelihood cutoff on original alignment: -2151.715
Iteration 3360 / LogL: -2112.549 / Time: 1h:27m:13s (0h:1m:0s left)
Iteration 3370 / LogL: -2112.025 / Time: 1h:27m:38s (0h:0m:45s left)
Iteration 3380 / LogL: -2112.518 / Time: 1h:28m:2s (0h:0m:30s left)
Iteration 3390 / LogL: -2115.308 / Time: 1h:28m:26s (0h:0m:15s left)
Iteration 3400 / LogL: -2112.154 / Time: 1h:28m:52s (0h:0m:0s left)
Log-likelihood cutoff on original alignment: -2151.715
NOTE: Bootstrap correlation coefficient of split occurrence frequencies: 0.859
NOTE: UFBoot does not converge, continue at least 100 more iterations
Iteration 3410 / LogL: -2112.492 / Time: 1h:29m:18s (0h:2m:16s left)
Iteration 3420 / LogL: -2111.795 / Time: 1h:29m:43s (0h:2m:1s left)
Iteration 3430 / LogL: -2112.033 / Time: 1h:30m:8s (0h:1m:46s left)
Iteration 3440 / LogL: -2113.733 / Time: 1h:30m:32s (0h:1m:31s left)
Iteration 3450 / LogL: -2125.649 / Time: 1h:30m:56s (0h:1m:16s left)
Log-likelihood cutoff on original alignment: -2151.715
Iteration 3460 / LogL: -2112.496 / Time: 1h:31m:22s (0h:1m:1s left)
Iteration 3470 / LogL: -2111.753 / Time: 1h:31m:48s (0h:0m:45s left)
Iteration 3480 / LogL: -2121.688 / Time: 1h:32m:13s (0h:0m:30s left)
Iteration 3490 / LogL: -2111.750 / Time: 1h:32m:38s (0h:0m:15s left)
Iteration 3500 / LogL: -2112.152 / Time: 1h:33m:3s (0h:0m:0s left)
Log-likelihood cutoff on original alignment: -2151.715
NOTE: Bootstrap correlation coefficient of split occurrence frequencies: 0.901
NOTE: UFBoot does not converge, continue at least 100 more iterations
Iteration 3510 / LogL: -2112.136 / Time: 1h:33m:29s (0h:2m:19s left)
Iteration 3520 / LogL: -2112.882 / Time: 1h:33m:53s (0h:2m:3s left)
Iteration 3530 / LogL: -2119.290 / Time: 1h:34m:19s (0h:1m:48s left)
Iteration 3540 / LogL: -2115.238 / Time: 1h:34m:45s (0h:1m:33s left)
Iteration 3550 / LogL: -2113.738 / Time: 1h:35m:9s (0h:1m:17s left)
Log-likelihood cutoff on original alignment: -2151.715
Iteration 3560 / LogL: -2112.502 / Time: 1h:35m:36s (0h:1m:2s left)
Iteration 3570 / LogL: -2113.740 / Time: 1h:36m:1s (0h:0m:46s left)
Iteration 3580 / LogL: -2113.797 / Time: 1h:36m:26s (0h:0m:31s left)
Iteration 3590 / LogL: -2112.162 / Time: 1h:36m:51s (0h:0m:15s left)
Iteration 3600 / LogL: -2112.496 / Time: 1h:37m:15s (0h:0m:0s left)
Log-likelihood cutoff on original alignment: -2151.715
NOTE: Bootstrap correlation coefficient of split occurrence frequencies: 0.916
NOTE: UFBoot does not converge, continue at least 100 more iterations
Iteration 3610 / LogL: -2112.178 / Time: 1h:37m:40s (0h:2m:21s left)
Iteration 3620 / LogL: -2127.662 / Time: 1h:38m:5s (0h:2m:5s left)
Iteration 3630 / LogL: -2111.741 / Time: 1h:38m:31s (0h:1m:50s left)
Iteration 3640 / LogL: -2112.124 / Time: 1h:38m:58s (0h:1m:34s left)
Iteration 3650 / LogL: -2112.126 / Time: 1h:39m:24s (0h:1m:19s left)
Log-likelihood cutoff on original alignment: -2151.715
Iteration 3660 / LogL: -2111.751 / Time: 1h:39m:50s (0h:1m:3s left)
Iteration 3670 / LogL: -2111.746 / Time: 1h:40m:15s (0h:0m:47s left)
Iteration 3680 / LogL: -2111.737 / Time: 1h:40m:40s (0h:0m:31s left)
Iteration 3690 / LogL: -2112.154 / Time: 1h:41m:7s (0h:0m:15s left)
Iteration 3700 / LogL: -2112.122 / Time: 1h:41m:34s (0h:0m:0s left)
Log-likelihood cutoff on original alignment: -2151.715
NOTE: Bootstrap correlation coefficient of split occurrence frequencies: 0.928
NOTE: UFBoot does not converge, continue at least 100 more iterations
Iteration 3710 / LogL: -2122.468 / Time: 1h:42m:1s (0h:2m:23s left)
BETTER TREE FOUND at iteration 3715: -2111.731
Iteration 3720 / LogL: -2111.733 / Time: 1h:42m:27s (0h:2m:32s left)
Iteration 3730 / LogL: -2112.878 / Time: 1h:42m:54s (0h:2m:16s left)
Iteration 3740 / LogL: -2114.532 / Time: 1h:43m:20s (0h:2m:0s left)
Iteration 3750 / LogL: -2112.493 / Time: 1h:43m:46s (0h:1m:44s left)
Log-likelihood cutoff on original alignment: -2151.715
Iteration 3760 / LogL: -2112.511 / Time: 1h:44m:15s (0h:1m:28s left)
Iteration 3770 / LogL: -2113.993 / Time: 1h:44m:40s (0h:1m:12s left)
Iteration 3780 / LogL: -2111.737 / Time: 1h:45m:9s (0h:0m:56s left)
Iteration 3790 / LogL: -2113.486 / Time: 1h:45m:35s (0h:0m:40s left)
Iteration 3800 / LogL: -2112.165 / Time: 1h:46m:2s (0h:0m:24s left)
Log-likelihood cutoff on original alignment: -2151.715
NOTE: Bootstrap correlation coefficient of split occurrence frequencies: 0.934
NOTE: UFBoot does not converge, continue at least 100 more iterations
Iteration 3810 / LogL: -2111.736 / Time: 1h:46m:29s (0h:2m:26s left)
BETTER TREE FOUND at iteration 3814: -2111.730
Iteration 3820 / LogL: -2111.747 / Time: 1h:46m:56s (0h:2m:33s left)
Iteration 3830 / LogL: -2112.060 / Time: 1h:47m:23s (0h:2m:17s left)
Iteration 3840 / LogL: -2114.844 / Time: 1h:47m:49s (0h:2m:1s left)
Iteration 3850 / LogL: -2114.427 / Time: 1h:48m:16s (0h:1m:44s left)
Log-likelihood cutoff on original alignment: -2151.715
Iteration 3860 / LogL: -2112.137 / Time: 1h:48m:45s (0h:1m:28s left)
Iteration 3870 / LogL: -2112.028 / Time: 1h:49m:13s (0h:1m:12s left)
Iteration 3880 / LogL: -2115.376 / Time: 1h:49m:40s (0h:0m:56s left)
Iteration 3890 / LogL: -2112.125 / Time: 1h:50m:8s (0h:0m:39s left)
Iteration 3900 / LogL: -2112.132 / Time: 1h:50m:34s (0h:0m:23s left)
Log-likelihood cutoff on original alignment: -2151.715
NOTE: Bootstrap correlation coefficient of split occurrence frequencies: 0.936
NOTE: UFBoot does not converge, continue at least 100 more iterations
Iteration 3910 / LogL: -2111.744 / Time: 1h:51m:1s (0h:2m:29s left)
Iteration 3920 / LogL: -2112.536 / Time: 1h:51m:29s (0h:2m:12s left)
Iteration 3930 / LogL: -2112.136 / Time: 1h:51m:57s (0h:1m:56s left)
Iteration 3940 / LogL: -2112.015 / Time: 1h:52m:25s (0h:1m:39s left)
Iteration 3950 / LogL: -2111.743 / Time: 1h:52m:52s (0h:1m:23s left)
Log-likelihood cutoff on original alignment: -2151.715
Iteration 3960 / LogL: -2115.764 / Time: 1h:53m:20s (0h:1m:6s left)
Iteration 3970 / LogL: -2112.176 / Time: 1h:53m:47s (0h:0m:50s left)
Iteration 3980 / LogL: -2111.740 / Time: 1h:54m:15s (0h:0m:33s left)
Iteration 3990 / LogL: -2111.747 / Time: 1h:54m:41s (0h:0m:16s left)
Iteration 4000 / LogL: -2112.171 / Time: 1h:55m:9s (0h:0m:0s left)
Log-likelihood cutoff on original alignment: -2151.715
NOTE: Bootstrap correlation coefficient of split occurrence frequencies: 0.945
NOTE: UFBoot does not converge, continue at least 100 more iterations
Iteration 4010 / LogL: -2111.742 / Time: 1h:55m:37s (0h:2m:31s left)
Iteration 4020 / LogL: -2114.438 / Time: 1h:56m:5s (0h:2m:14s left)
Iteration 4030 / LogL: -2111.736 / Time: 1h:56m:33s (0h:1m:58s left)
Iteration 4040 / LogL: -2112.020 / Time: 1h:57m:1s (0h:1m:41s left)
Iteration 4050 / LogL: -2114.933 / Time: 1h:57m:29s (0h:1m:24s left)
Log-likelihood cutoff on original alignment: -2151.715
Iteration 4060 / LogL: -2114.123 / Time: 1h:57m:59s (0h:1m:7s left)
Iteration 4070 / LogL: -2112.141 / Time: 1h:58m:28s (0h:0m:51s left)
Iteration 4080 / LogL: -2118.287 / Time: 1h:58m:55s (0h:0m:34s left)
Iteration 4090 / LogL: -2111.741 / Time: 1h:59m:24s (0h:0m:17s left)
Iteration 4100 / LogL: -2117.902 / Time: 1h:59m:52s (0h:0m:0s left)
Log-likelihood cutoff on original alignment: -2151.715
NOTE: Bootstrap correlation coefficient of split occurrence frequencies: 0.949
NOTE: UFBoot does not converge, continue at least 100 more iterations
Iteration 4110 / LogL: -2118.233 / Time: 2h:0m:23s (0h:2m:34s left)
Iteration 4120 / LogL: -2111.736 / Time: 2h:0m:51s (0h:2m:17s left)
Iteration 4130 / LogL: -2112.121 / Time: 2h:1m:19s (0h:2m:0s left)
Iteration 4140 / LogL: -2111.769 / Time: 2h:1m:48s (0h:1m:43s left)
Iteration 4150 / LogL: -2112.157 / Time: 2h:2m:15s (0h:1m:26s left)
Log-likelihood cutoff on original alignment: -2151.715
Iteration 4160 / LogL: -2111.737 / Time: 2h:2m:45s (0h:1m:9s left)
Iteration 4170 / LogL: -2114.919 / Time: 2h:3m:12s (0h:0m:51s left)
Iteration 4180 / LogL: -2111.746 / Time: 2h:3m:41s (0h:0m:34s left)
Iteration 4190 / LogL: -2117.291 / Time: 2h:4m:9s (0h:0m:17s left)
Iteration 4200 / LogL: -2112.137 / Time: 2h:4m:38s (0h:0m:0s left)
Log-likelihood cutoff on original alignment: -2151.715
NOTE: Bootstrap correlation coefficient of split occurrence frequencies: 0.954
NOTE: UFBoot does not converge, continue at least 100 more iterations
Iteration 4210 / LogL: -2111.737 / Time: 2h:5m:7s (0h:2m:36s left)
Iteration 4220 / LogL: -2116.969 / Time: 2h:5m:37s (0h:2m:19s left)
Iteration 4230 / LogL: -2111.756 / Time: 2h:6m:6s (0h:2m:2s left)
Iteration 4240 / LogL: -2112.122 / Time: 2h:6m:36s (0h:1m:44s left)
Iteration 4250 / LogL: -2111.748 / Time: 2h:7m:4s (0h:1m:27s left)
Log-likelihood cutoff on original alignment: -2151.715
Iteration 4260 / LogL: -2111.730 / Time: 2h:7m:35s (0h:1m:10s left)
Iteration 4270 / LogL: -2111.733 / Time: 2h:8m:4s (0h:0m:52s left)
Iteration 4280 / LogL: -2111.758 / Time: 2h:8m:33s (0h:0m:35s left)
Iteration 4290 / LogL: -2112.121 / Time: 2h:9m:3s (0h:0m:17s left)
Iteration 4300 / LogL: -2116.261 / Time: 2h:9m:32s (0h:0m:0s left)
Log-likelihood cutoff on original alignment: -2151.715
NOTE: Bootstrap correlation coefficient of split occurrence frequencies: 0.956
NOTE: UFBoot does not converge, continue at least 100 more iterations
Iteration 4310 / LogL: -2114.944 / Time: 2h:10m:3s (0h:2m:39s left)
Iteration 4320 / LogL: -2112.128 / Time: 2h:10m:33s (0h:2m:21s left)
Iteration 4330 / LogL: -2111.741 / Time: 2h:11m:3s (0h:2m:4s left)
Iteration 4340 / LogL: -2111.755 / Time: 2h:11m:33s (0h:1m:46s left)
Iteration 4350 / LogL: -2111.751 / Time: 2h:12m:2s (0h:1m:28s left)
Log-likelihood cutoff on original alignment: -2151.715
Iteration 4360 / LogL: -2119.683 / Time: 2h:12m:33s (0h:1m:11s left)
Iteration 4370 / LogL: -2112.494 / Time: 2h:13m:4s (0h:0m:53s left)
Iteration 4380 / LogL: -2116.943 / Time: 2h:13m:34s (0h:0m:35s left)
Iteration 4390 / LogL: -2111.745 / Time: 2h:14m:4s (0h:0m:17s left)
Iteration 4400 / LogL: -2115.576 / Time: 2h:14m:33s (0h:0m:0s left)
Log-likelihood cutoff on original alignment: -2151.715
NOTE: Bootstrap correlation coefficient of split occurrence frequencies: 0.958
NOTE: UFBoot does not converge, continue at least 100 more iterations
Iteration 4410 / LogL: -2114.926 / Time: 2h:15m:4s (0h:2m:41s left)
Iteration 4420 / LogL: -2111.749 / Time: 2h:15m:35s (0h:2m:23s left)
Iteration 4430 / LogL: -2117.284 / Time: 2h:16m:6s (0h:2m:6s left)
Iteration 4440 / LogL: -2112.498 / Time: 2h:16m:36s (0h:1m:48s left)
Iteration 4450 / LogL: -2115.296 / Time: 2h:17m:7s (0h:1m:30s left)
Log-likelihood cutoff on original alignment: -2151.715
Iteration 4460 / LogL: -2111.734 / Time: 2h:17m:38s (0h:1m:12s left)
Iteration 4470 / LogL: -2111.756 / Time: 2h:18m:9s (0h:0m:54s left)
Iteration 4480 / LogL: -2121.336 / Time: 2h:18m:38s (0h:0m:36s left)
Iteration 4490 / LogL: -2112.124 / Time: 2h:19m:9s (0h:0m:18s left)
BETTER TREE FOUND at iteration 4499: -2111.730
Iteration 4500 / LogL: -2112.119 / Time: 2h:19m:40s (0h:3m:0s left)
Log-likelihood cutoff on original alignment: -2151.715
NOTE: Bootstrap correlation coefficient of split occurrence frequencies: 0.970
NOTE: UFBoot does not converge, continue at least 100 more iterations
Iteration 4510 / LogL: -2111.756 / Time: 2h:20m:11s (0h:2m:44s left)
Iteration 4520 / LogL: -2111.737 / Time: 2h:20m:43s (0h:2m:26s left)
Iteration 4530 / LogL: -2112.121 / Time: 2h:21m:14s (0h:2m:8s left)
Iteration 4540 / LogL: -2113.480 / Time: 2h:21m:45s (0h:1m:49s left)
Iteration 4550 / LogL: -2116.553 / Time: 2h:22m:17s (0h:1m:31s left)
Log-likelihood cutoff on original alignment: -2151.715
Iteration 4560 / LogL: -2111.737 / Time: 2h:22m:48s (0h:1m:13s left)
Iteration 4570 / LogL: -2112.145 / Time: 2h:23m:20s (0h:0m:55s left)
Iteration 4580 / LogL: -2111.746 / Time: 2h:23m:49s (0h:0m:36s left)
Iteration 4590 / LogL: -2111.735 / Time: 2h:24m:21s (0h:0m:18s left)
Iteration 4600 / LogL: -2111.738 / Time: 2h:24m:51s (0h:0m:0s left)
Log-likelihood cutoff on original alignment: -2151.715
NOTE: Bootstrap correlation coefficient of split occurrence frequencies: 0.968
NOTE: UFBoot does not converge, continue at least 100 more iterations
Iteration 4610 / LogL: -2111.735 / Time: 2h:25m:24s (0h:2m:46s left)
Iteration 4620 / LogL: -2113.997 / Time: 2h:25m:55s (0h:2m:28s left)
Iteration 4630 / LogL: -2111.740 / Time: 2h:26m:26s (0h:2m:10s left)
Iteration 4640 / LogL: -2111.743 / Time: 2h:26m:56s (0h:1m:51s left)
Iteration 4650 / LogL: -2111.733 / Time: 2h:27m:29s (0h:1m:33s left)
Log-likelihood cutoff on original alignment: -2151.715
Iteration 4660 / LogL: -2113.729 / Time: 2h:28m:2s (0h:1m:14s left)
Iteration 4670 / LogL: -2112.539 / Time: 2h:28m:34s (0h:0m:56s left)
Iteration 4680 / LogL: -2111.740 / Time: 2h:29m:7s (0h:0m:37s left)
Iteration 4690 / LogL: -2111.735 / Time: 2h:29m:39s (0h:0m:18s left)
Iteration 4700 / LogL: -2112.023 / Time: 2h:30m:10s (0h:0m:0s left)
Log-likelihood cutoff on original alignment: -2151.715
NOTE: Bootstrap correlation coefficient of split occurrence frequencies: 0.968
NOTE: UFBoot does not converge, continue at least 100 more iterations
Iteration 4710 / LogL: -2116.721 / Time: 2h:30m:43s (0h:2m:49s left)
Iteration 4720 / LogL: -2119.308 / Time: 2h:31m:15s (0h:2m:30s left)
Iteration 4730 / LogL: -2113.858 / Time: 2h:31m:46s (0h:2m:11s left)
Iteration 4740 / LogL: -2112.123 / Time: 2h:32m:20s (0h:1m:53s left)
Iteration 4750 / LogL: -2111.739 / Time: 2h:32m:52s (0h:1m:34s left)
Log-likelihood cutoff on original alignment: -2151.715
Iteration 4760 / LogL: -2111.745 / Time: 2h:33m:26s (0h:1m:15s left)
Iteration 4770 / LogL: -2112.125 / Time: 2h:33m:59s (0h:0m:56s left)
Iteration 4780 / LogL: -2111.739 / Time: 2h:34m:33s (0h:0m:38s left)
Iteration 4790 / LogL: -2115.849 / Time: 2h:35m:5s (0h:0m:19s left)
Iteration 4800 / LogL: -2113.486 / Time: 2h:35m:36s (0h:0m:0s left)
Log-likelihood cutoff on original alignment: -2151.715
NOTE: Bootstrap correlation coefficient of split occurrence frequencies: 0.970
NOTE: UFBoot does not converge, continue at least 100 more iterations
Iteration 4810 / LogL: -2114.926 / Time: 2h:36m:8s (0h:2m:51s left)
Iteration 4820 / LogL: -2112.872 / Time: 2h:36m:41s (0h:2m:32s left)
Iteration 4830 / LogL: -2115.743 / Time: 2h:37m:15s (0h:2m:14s left)
Iteration 4840 / LogL: -2115.928 / Time: 2h:37m:48s (0h:1m:55s left)
Iteration 4850 / LogL: -2114.442 / Time: 2h:38m:20s (0h:1m:36s left)
Log-likelihood cutoff on original alignment: -2151.715
Iteration 4860 / LogL: -2111.749 / Time: 2h:38m:53s (0h:1m:16s left)
Iteration 4870 / LogL: -2111.749 / Time: 2h:39m:25s (0h:0m:57s left)
Iteration 4880 / LogL: -2117.335 / Time: 2h:39m:58s (0h:0m:38s left)
Iteration 4890 / LogL: -2111.753 / Time: 2h:40m:31s (0h:0m:19s left)
Iteration 4900 / LogL: -2114.490 / Time: 2h:41m:5s (0h:0m:0s left)
Log-likelihood cutoff on original alignment: -2151.715
NOTE: Bootstrap correlation coefficient of split occurrence frequencies: 0.975
NOTE: UFBoot does not converge, continue at least 100 more iterations
Iteration 4910 / LogL: -2111.746 / Time: 2h:41m:39s (0h:2m:54s left)
Iteration 4920 / LogL: -2111.739 / Time: 2h:42m:11s (0h:2m:35s left)
Iteration 4930 / LogL: -2112.500 / Time: 2h:42m:46s (0h:2m:16s left)
Iteration 4940 / LogL: -2112.016 / Time: 2h:43m:18s (0h:1m:56s left)
Iteration 4950 / LogL: -2111.736 / Time: 2h:43m:53s (0h:1m:37s left)
Log-likelihood cutoff on original alignment: -2151.715
Iteration 4960 / LogL: -2122.083 / Time: 2h:44m:28s (0h:1m:18s left)
Iteration 4970 / LogL: -2112.158 / Time: 2h:45m:0s (0h:0m:58s left)
Iteration 4980 / LogL: -2112.127 / Time: 2h:45m:34s (0h:0m:39s left)
Iteration 4990 / LogL: -2111.734 / Time: 2h:46m:6s (0h:0m:19s left)
Iteration 5000 / LogL: -2114.444 / Time: 2h:46m:40s (0h:0m:0s left)
Log-likelihood cutoff on original alignment: -2151.715
NOTE: Bootstrap correlation coefficient of split occurrence frequencies: 0.975
NOTE: UFBoot does not converge, continue at least 100 more iterations
WARNING: bootstrap analysis did not converge. You should rerun with higher number of iterations (-nm option)
TREE SEARCH COMPLETED AFTER 5001 ITERATIONS / Time: 2h:46m:47s

--------------------------------------------------------------------
|                    FINALIZING TREE SEARCH                        |
--------------------------------------------------------------------
Performs final model parameters optimization
Estimate model parameters (epsilon = 0.010)
1. Initial log-likelihood: -2111.730
2. Current log-likelihood: -2111.718
Optimal log-likelihood: -2111.707
Rate parameters:  A-C: 1.00000  A-G: 4.36666  A-T: 1.00000  C-G: 1.00000  C-T: 4.36666  G-T: 1.00000
Base frequencies:  A: 0.205  C: 0.278  G: 0.311  T: 0.206
Proportion of invariable sites: 0.905
Gamma shape alpha: 0.564
Parameters optimization took 2 rounds (0.052 sec)
BEST SCORE FOUND : -2111.707

Testing tree branches by SH-like aLRT with 1000 replicates...
3.147 sec.
Creating bootstrap support values...
Split supports printed to NEXUS file /mnt/dv/wid/projects6/SolisLemus-Intbio-raw/processed-data/symbiosis_sorted_v2_consensus_sequences_50percent/gene_trees/nolF/04_tree_iupac_nm5000/nolF_consensus50_iupac_all_pass_nm5000.splits.nex
Total tree length: 0.112

Total number of iterations: 5001
CPU time used for tree search: 9737.946 sec (2h:42m:17s)
Wall-clock time used for tree search: 9802.144 sec (2h:43m:22s)
Total CPU time used: 10041.893 sec (2h:47m:21s)
Total wall-clock time used: 10013.592 sec (2h:46m:53s)

Computing bootstrap consensus tree...
Reading input file /mnt/dv/wid/projects6/SolisLemus-Intbio-raw/processed-data/symbiosis_sorted_v2_consensus_sequences_50percent/gene_trees/nolF/04_tree_iupac_nm5000/nolF_consensus50_iupac_all_pass_nm5000.splits.nex...
202 taxa and 10943 splits.
Consensus tree written to /mnt/dv/wid/projects6/SolisLemus-Intbio-raw/processed-data/symbiosis_sorted_v2_consensus_sequences_50percent/gene_trees/nolF/04_tree_iupac_nm5000/nolF_consensus50_iupac_all_pass_nm5000.contree
Reading input trees file /mnt/dv/wid/projects6/SolisLemus-Intbio-raw/processed-data/symbiosis_sorted_v2_consensus_sequences_50percent/gene_trees/nolF/04_tree_iupac_nm5000/nolF_consensus50_iupac_all_pass_nm5000.contree
Log-likelihood of consensus tree: -2112.106

Analysis results written to: 
  IQ-TREE report:                /mnt/dv/wid/projects6/SolisLemus-Intbio-raw/processed-data/symbiosis_sorted_v2_consensus_sequences_50percent/gene_trees/nolF/04_tree_iupac_nm5000/nolF_consensus50_iupac_all_pass_nm5000.iqtree
  Maximum-likelihood tree:       /mnt/dv/wid/projects6/SolisLemus-Intbio-raw/processed-data/symbiosis_sorted_v2_consensus_sequences_50percent/gene_trees/nolF/04_tree_iupac_nm5000/nolF_consensus50_iupac_all_pass_nm5000.treefile
  Likelihood distances:          /mnt/dv/wid/projects6/SolisLemus-Intbio-raw/processed-data/symbiosis_sorted_v2_consensus_sequences_50percent/gene_trees/nolF/04_tree_iupac_nm5000/nolF_consensus50_iupac_all_pass_nm5000.mldist

Ultrafast bootstrap approximation results written to:
  Split support values:          /mnt/dv/wid/projects6/SolisLemus-Intbio-raw/processed-data/symbiosis_sorted_v2_consensus_sequences_50percent/gene_trees/nolF/04_tree_iupac_nm5000/nolF_consensus50_iupac_all_pass_nm5000.splits.nex
  Consensus tree:                /mnt/dv/wid/projects6/SolisLemus-Intbio-raw/processed-data/symbiosis_sorted_v2_consensus_sequences_50percent/gene_trees/nolF/04_tree_iupac_nm5000/nolF_consensus50_iupac_all_pass_nm5000.contree
  Screen log file:               /mnt/dv/wid/projects6/SolisLemus-Intbio-raw/processed-data/symbiosis_sorted_v2_consensus_sequences_50percent/gene_trees/nolF/04_tree_iupac_nm5000/nolF_consensus50_iupac_all_pass_nm5000.log

Date and Time: Wed Aug  5 08:37:53 2026
