IQ-TREE version 3.1.1 for Linux x86 64-bit built Apr  8 2026
Developed by Bui Quang Minh, Thomas Wong, Nhan Ly-Trong, Huaiyan Ren
Contributed by Lam-Tung Nguyen, Dominik Schrempf, Chris Bielow,
Olga Chernomor, Michael Woodhams, Diep Thi Hoang, Heiko Schmidt

Host:    solislemus-001.discovery.wisc.edu (AVX512, FMA3, 1007 GB RAM)
Command: iqtree -s /mnt/dv/wid/projects6/SolisLemus-Intbio-raw/processed-data/symbiosis_sorted_v2_consensus_sequences_50percent/gene_trees/nifJ/02_alignment/nifJ_consensus50_strict_single_dominant.mafft.fasta -st DNA -m MFP -B 1000 -alrt 1000 -nm 5000 -T AUTO --prefix /mnt/dv/wid/projects6/SolisLemus-Intbio-raw/processed-data/symbiosis_sorted_v2_consensus_sequences_50percent/gene_trees/nifJ/03_tree_strict_nm5000/nifJ_consensus50_strict_single_dominant_nm5000
Seed:    167456 (Using SPRNG - Scalable Parallel Random Number Generator)
Time:    Thu Jul 30 21:15:41 2026
Kernel:  AVX+FMA - auto-detect threads (72 CPU cores detected)

Reading alignment file /mnt/dv/wid/projects6/SolisLemus-Intbio-raw/processed-data/symbiosis_sorted_v2_consensus_sequences_50percent/gene_trees/nifJ/02_alignment/nifJ_consensus50_strict_single_dominant.mafft.fasta ... Fasta format detected
Reading fasta file: done in 0.00762903 secs using 74.06% CPU
Constructing alignment: done in 0.0143206 secs using 266% CPU
WARNING: 194 sites contain only gaps or ambiguous characters.
Alignment has 181 sequences with 3584 columns, 1684 distinct patterns
843 parsimony-informative, 194 singleton sites, 2547 constant sites
                                                           Gap/Ambiguity  Composition  p-value
Analyzing sequences: done in 0.0079745 secs using 6869% CPU
   1  BLAN-4-2-No|nifJ|consensus50|strict_single_dominant         13.59%    passed     97.44%
   2  BONA-10-2-No|nifJ|consensus50|strict_single_dominant         9.12%    passed     99.83%
   3  BONA-10-2-Rh|nifJ|consensus50|strict_single_dominant         8.98%    passed     99.96%
   4  BONA-10-2-Ro|nifJ|consensus50|strict_single_dominant        20.73%    passed     99.04%
   5  BONA-10-No|nifJ|consensus50|strict_single_dominant           8.26%    passed     99.97%
   6  BONA-10-Rh|nifJ|consensus50|strict_single_dominant          12.70%    passed     97.35%
   7  BONA-10-Ro|nifJ|consensus50|strict_single_dominant          17.33%    passed     96.20%
   8  BONA-11-1-No|nifJ|consensus50|strict_single_dominant         8.96%    passed     99.95%
   9  BONA-11-2-No|nifJ|consensus50|strict_single_dominant        20.06%    passed     97.97%
  10  BONA-1-1-No|nifJ|consensus50|strict_single_dominant         17.58%    passed     69.29%
  11  BONA-12-1-No|nifJ|consensus50|strict_single_dominant         7.59%    passed     99.54%
  12  BONA-12-2-No|nifJ|consensus50|strict_single_dominant         8.37%    passed     99.82%
  13  BONA-12-2-Rh|nifJ|consensus50|strict_single_dominant         9.04%    passed     99.98%
  14  BONA-12-2-Ro|nifJ|consensus50|strict_single_dominant         9.38%    passed     99.97%
  15  BONA-13-1-No|nifJ|consensus50|strict_single_dominant         8.57%    passed     99.71%
  16  BONA-13-2-No|nifJ|consensus50|strict_single_dominant         8.76%    passed     99.57%
  17  BONA-13-3-No|nifJ|consensus50|strict_single_dominant         8.20%    passed     99.94%
  18  BONA-14-No|nifJ|consensus50|strict_single_dominant           8.96%    passed     99.95%
  19  BONA-14-Ro|nifJ|consensus50|strict_single_dominant          13.23%    passed     98.34%
  20  BONA-2-Rh|nifJ|consensus50|strict_single_dominant           11.36%    passed     99.87%
  21  BONA-2-Ro|nifJ|consensus50|strict_single_dominant           11.64%    passed     99.27%
  22  BONA-4-No|nifJ|consensus50|strict_single_dominant            8.04%    passed     99.59%
  23  BONA-5-No|nifJ|consensus50|strict_single_dominant            8.57%    passed     99.30%
  24  BONA-8-No|nifJ|consensus50|strict_single_dominant            9.57%    passed     99.96%
  25  BONA-8-Ro|nifJ|consensus50|strict_single_dominant           10.27%    passed     99.87%
  26  BONA-9-No|nifJ|consensus50|strict_single_dominant            9.35%    passed     99.91%
  27  CLBJ-33-1-No|nifJ|consensus50|strict_single_dominant        11.08%    passed     99.81%
  28  CLBJ-34-1-No|nifJ|consensus50|strict_single_dominant        14.43%    passed     89.96%
  29  DEJU-16-1-No|nifJ|consensus50|strict_single_dominant         8.96%    passed     99.35%
  30  DEJU-16-2-No|nifJ|consensus50|strict_single_dominant         8.43%    passed     99.52%
  31  DEJU-16-2-Rh|nifJ|consensus50|strict_single_dominant         9.35%    passed     99.81%
  32  DEJU-17-2-Rh|nifJ|consensus50|strict_single_dominant         9.68%    passed     99.92%
  33  DEJU-17-2-Ro|nifJ|consensus50|strict_single_dominant        19.36%    passed     99.52%
  34  DEJU-18-1-No|nifJ|consensus50|strict_single_dominant         8.09%    passed     99.73%
  35  DEJU-18-1-Ro|nifJ|consensus50|strict_single_dominant         9.07%    passed     99.95%
  36  DEJU-21-1-No|nifJ|consensus50|strict_single_dominant         8.26%    passed     99.98%
  37  DEJU-24-1-No|nifJ|consensus50|strict_single_dominant         8.87%    passed     99.94%
  38  DEJU-24-1-Rh|nifJ|consensus50|strict_single_dominant        12.89%    passed     97.95%
  39  DEJU-28-2-No|nifJ|consensus50|strict_single_dominant         8.98%    passed     99.85%
  40  DEJU-29-1-No|nifJ|consensus50|strict_single_dominant         8.93%    passed     99.95%
  41  DEJU-29-1-Rh|nifJ|consensus50|strict_single_dominant         9.15%    passed    100.00%
  42  DEJU-29-2-No|nifJ|consensus50|strict_single_dominant         8.82%    passed     99.97%
  43  DEJU-29-2-Ro|nifJ|consensus50|strict_single_dominant         9.99%    passed     99.81%
  44  DEJU-30-No|nifJ|consensus50|strict_single_dominant           7.23%    passed     99.83%
  45  DEJU-30-Rh|nifJ|consensus50|strict_single_dominant           9.68%    passed     99.99%
  46  DEJU-31-No|nifJ|consensus50|strict_single_dominant          15.90%    passed     79.70%
  47  DEJU-32-No|nifJ|consensus50|strict_single_dominant           8.87%    passed     99.64%
  48  DEJU-32-Rh|nifJ|consensus50|strict_single_dominant           8.29%    passed     99.80%
  49  DEJU-32-Ro|nifJ|consensus50|strict_single_dominant          10.49%    passed     99.24%
  50  DEJU-33-No|nifJ|consensus50|strict_single_dominant           8.59%    passed     99.75%
  51  DEJU-34-No|nifJ|consensus50|strict_single_dominant           8.68%    passed    100.00%
  52  DEJU-35-No|nifJ|consensus50|strict_single_dominant           8.96%    passed     99.99%
  53  DEJU-4-1-No|nifJ|consensus50|strict_single_dominant          8.90%    passed     99.96%
  54  DEJU-4-2-No|nifJ|consensus50|strict_single_dominant          8.84%    passed     99.85%
  55  DEJU-43-Rh|nifJ|consensus50|strict_single_dominant          13.39%    passed     98.03%
  56  DEJU-43-Ro|nifJ|consensus50|strict_single_dominant          13.81%    passed     98.88%
  57  DEJU-44-Ro|nifJ|consensus50|strict_single_dominant          19.73%    passed     99.64%
  58  DEJU-48-No|nifJ|consensus50|strict_single_dominant          16.10%    passed     42.77%
  59  DEJU-5-1-No|nifJ|consensus50|strict_single_dominant          8.29%    passed     99.76%
  60  DEJU-5-1-Ro|nifJ|consensus50|strict_single_dominant         15.15%    passed     99.37%
  61  DEJU-52-1-No|nifJ|consensus50|strict_single_dominant         9.32%    passed     99.85%
  62  DEJU-5-2-No|nifJ|consensus50|strict_single_dominant          8.18%    passed     99.80%
  63  DEJU-5-2-Ro|nifJ|consensus50|strict_single_dominant         13.73%    passed     99.96%
  64  DEJU-53-No|nifJ|consensus50|strict_single_dominant           9.15%    passed     99.97%
  65  DEJU-55-No|nifJ|consensus50|strict_single_dominant           8.73%    passed     99.70%
  66  DEJU-55-Rh|nifJ|consensus50|strict_single_dominant           9.49%    passed     99.96%
  67  DEJU-55-Ro|nifJ|consensus50|strict_single_dominant           9.79%    passed     99.94%
  68  DEJU-57-No|nifJ|consensus50|strict_single_dominant           8.71%    passed     99.86%
  69  DEJU-58-Ro|nifJ|consensus50|strict_single_dominant          18.50%    passed     99.90%
  70  DEJU-59-No|nifJ|consensus50|strict_single_dominant           8.87%    passed     99.84%
  71  DEJU-60-Ro|nifJ|consensus50|strict_single_dominant           9.77%    passed     99.92%
  72  DEJU-6-1-No|nifJ|consensus50|strict_single_dominant          8.96%    passed     99.98%
  73  DEJU-6-2-No|nifJ|consensus50|strict_single_dominant          9.57%    passed     99.98%
  74  DEJU-7-1-No|nifJ|consensus50|strict_single_dominant          7.51%    passed     99.67%
  75  DEJU-7-1-Rh|nifJ|consensus50|strict_single_dominant          7.95%    passed     99.89%
  76  DEJU-7-2-No|nifJ|consensus50|strict_single_dominant          8.93%    passed     99.80%
  77  DEJU-8-1-No|nifJ|consensus50|strict_single_dominant          7.90%    passed     95.76%
  78  DEJU-8-1-Rh|nifJ|consensus50|strict_single_dominant         12.95%    passed     97.74%
  79  DEJU-8-2-No|nifJ|consensus50|strict_single_dominant          7.59%    passed     98.86%
  80  DSNY-18-1-No|nifJ|consensus50|strict_single_dominant        16.69%    passed     80.66%
  81  DSNY-20-1-No|nifJ|consensus50|strict_single_dominant        14.70%    passed     92.17%
  82  DSNY-4-1-No|nifJ|consensus50|strict_single_dominant         18.69%    passed     96.71%
  83  DSNY-78-1-No|nifJ|consensus50|strict_single_dominant        11.64%    passed     98.08%
  84  DSNY-79-1-No|nifJ|consensus50|strict_single_dominant        11.33%    passed     98.97%
  85  DSNY-80-1-No|nifJ|consensus50|strict_single_dominant        11.94%    passed     99.58%
  86  DSNY-99-Rh|nifJ|consensus50|strict_single_dominant          20.17%    passed     95.68%
  87  GUAN-10-Ro|nifJ|consensus50|strict_single_dominant          20.84%    passed     72.67%
  88  GUAN-2-No|nifJ|consensus50|strict_single_dominant           18.02%    passed     96.09%
  89  HARV-1-2-No|nifJ|consensus50|strict_single_dominant         12.03%    passed     45.26%
  90  HARV-1-2-Rh|nifJ|consensus50|strict_single_dominant         15.12%    passed     96.71%
  91  HARV-1-2-Ro|nifJ|consensus50|strict_single_dominant         17.44%    passed     46.72%
  92  HARV-2-2-No|nifJ|consensus50|strict_single_dominant          8.96%    passed     99.85%
  93  HARV-2-3-No|nifJ|consensus50|strict_single_dominant          8.29%    passed     99.72%
  94  HEAL-10-1-No|nifJ|consensus50|strict_single_dominant         8.06%    passed     98.58%
  95  HEAL-10-2-No|nifJ|consensus50|strict_single_dominant         7.62%    passed     99.14%
  96  HEAL-12-1-No|nifJ|consensus50|strict_single_dominant         8.76%    passed     99.96%
  97  HEAL-12-2-No|nifJ|consensus50|strict_single_dominant         8.90%    passed     99.92%
  98  HEAL-12-2-Rh|nifJ|consensus50|strict_single_dominant        17.58%    passed     91.18%
  99  HEAL-13-1-No|nifJ|consensus50|strict_single_dominant         8.06%    passed     99.94%
 100  HEAL-13-1-Rh|nifJ|consensus50|strict_single_dominant        20.65%    passed     99.50%
 101  HEAL-13-2-No|nifJ|consensus50|strict_single_dominant         8.79%    passed     99.78%
 102  HEAL-13-2-Ro|nifJ|consensus50|strict_single_dominant         9.21%    passed     99.87%
 103  HEAL-15-1-No|nifJ|consensus50|strict_single_dominant         8.48%    passed     99.85%
 104  HEAL-15-1-Rh|nifJ|consensus50|strict_single_dominant        20.23%    passed     96.68%
 105  HEAL-15-1-Ro|nifJ|consensus50|strict_single_dominant        13.81%    passed     99.92%
 106  HEAL-15-2-No|nifJ|consensus50|strict_single_dominant         7.92%    passed     99.62%
 107  HEAL-2-1-No|nifJ|consensus50|strict_single_dominant          8.59%    passed     98.85%
 108  HEAL-3-1-No|nifJ|consensus50|strict_single_dominant         17.35%    passed     51.56%
 109  HEAL-4-1-No|nifJ|consensus50|strict_single_dominant          8.84%    passed     99.88%
 110  HEAL-4-2-No|nifJ|consensus50|strict_single_dominant          7.31%    passed     99.86%
 111  HEAL-4-3-No|nifJ|consensus50|strict_single_dominant          8.01%    passed     99.41%
 112  HEAL-4-3-Rh|nifJ|consensus50|strict_single_dominant         18.44%    passed     83.35%
 113  HEAL-5-1-No|nifJ|consensus50|strict_single_dominant         12.22%    passed     92.01%
 114  HEAL-5-2-No|nifJ|consensus50|strict_single_dominant         20.06%    passed     54.15%
 115  HEAL-7-1-No|nifJ|consensus50|strict_single_dominant          8.26%    passed     99.81%
 116  HEAL-8-1-No|nifJ|consensus50|strict_single_dominant          8.73%    passed     99.56%
 117  JERC-145-1-Ro|nifJ|consensus50|strict_single_dominant       18.22%    passed     98.54%
 118  JERC-26-5-No|nifJ|consensus50|strict_single_dominant        13.64%    passed     33.62%
 119  JERC-36-1-No|nifJ|consensus50|strict_single_dominant        15.07%    passed     97.47%
 120  JERC-90-1-Rh|nifJ|consensus50|strict_single_dominant        15.88%    passed     97.68%
 121  JERC-RHRE-55-1-Ro|nifJ|consensus50|strict_single_dominant   15.71%    passed     99.53%
 122  LAJA-21-1-Rh|nifJ|consensus50|strict_single_dominant        11.72%    passed     99.35%
 123  LAJA-21-1-Ro|nifJ|consensus50|strict_single_dominant        12.61%    passed     99.31%
 124  LAJA-22-2-Ro|nifJ|consensus50|strict_single_dominant        12.11%    passed     99.66%
 125  LAJA-23-1-Ro|nifJ|consensus50|strict_single_dominant        12.19%    passed     97.93%
 126  LENO-15-2-No|nifJ|consensus50|strict_single_dominant        17.97%    passed     59.79%
 127  LENO-6-1-No|nifJ|consensus50|strict_single_dominant         13.09%    passed     98.57%
 128  LENO-9-2-No|nifJ|consensus50|strict_single_dominant         11.44%    passed     98.55%
 129  MC-1|nifJ|consensus50|strict_single_dominant                11.38%    passed     99.11%
 130  MC-2|nifJ|consensus50|strict_single_dominant                11.50%    passed     99.11%
 131  OAES-13-2-No|nifJ|consensus50|strict_single_dominant        19.84%    passed     79.22%
 132  OAES-30-3-Ro|nifJ|consensus50|strict_single_dominant        13.73%    passed     97.93%
 133  ORNL-1-1-No|nifJ|consensus50|strict_single_dominant         11.33%    passed     94.54%
 134  ORNL-1-3-No|nifJ|consensus50|strict_single_dominant         14.93%    passed     70.33%
 135  ORNL-3-1-No|nifJ|consensus50|strict_single_dominant         13.59%    passed     76.19%
 136  ORNL-3-2-No|nifJ|consensus50|strict_single_dominant         10.77%    passed     87.90%
 137  ORNL-5-2-No|nifJ|consensus50|strict_single_dominant         17.55%    passed     10.42%
 138  ORNL-5-3-No|nifJ|consensus50|strict_single_dominant         11.44%    passed     55.70%
 139  OSBS-4-3-No|nifJ|consensus50|strict_single_dominant         13.95%    passed     53.77%
 140  OSBS-44-1-No|nifJ|consensus50|strict_single_dominant        13.39%    passed     99.35%
 141  OSBS-52-2-No|nifJ|consensus50|strict_single_dominant        17.33%    passed     92.43%
 142  OSBS-52-3-No|nifJ|consensus50|strict_single_dominant        14.37%    passed     90.05%
 143  OSBS-52-5-No|nifJ|consensus50|strict_single_dominant        15.99%    passed     96.01%
 144  OSBS-52-5-Rh|nifJ|consensus50|strict_single_dominant        17.22%    passed     88.09%
 145  OSBS-52-5-Ro|nifJ|consensus50|strict_single_dominant        15.40%    passed     91.84%
 146  OSBS-65-1-Rh|nifJ|consensus50|strict_single_dominant        20.15%    passed     92.19%
 147  OSBS-71-1-Ro|nifJ|consensus50|strict_single_dominant        12.17%    passed     98.57%
 148  OSBS-72-1-Ro|nifJ|consensus50|strict_single_dominant        14.48%    passed     92.43%
 149  OSBS-88-1-Ro|nifJ|consensus50|strict_single_dominant        12.95%    passed     99.60%
 150  OSBS-MOCE-52-4-No|nifJ|consensus50|strict_single_dominant   14.26%    passed     99.05%
 151  OSBS-MOCE-52-4-Ro|nifJ|consensus50|strict_single_dominant   14.51%    passed     99.11%
 152  SERC-2-2-No|nifJ|consensus50|strict_single_dominant         16.71%    passed     68.07%
 153  TALL-3-1-Rh|nifJ|consensus50|strict_single_dominant         18.30%    passed     94.96%
 154  TALL-61-1-No|nifJ|consensus50|strict_single_dominant        16.35%    passed     75.29%
 155  TALL-72-1-No|nifJ|consensus50|strict_single_dominant        20.90%    passed     84.54%
 156  TALL-72-2-No|nifJ|consensus50|strict_single_dominant        18.64%    passed     78.75%
 157  TALL-72-2-Ro|nifJ|consensus50|strict_single_dominant        15.93%    passed     89.24%
 158  TALL-72-3-No|nifJ|consensus50|strict_single_dominant        20.23%    passed     83.35%
 159  TALL-72-3-Rh|nifJ|consensus50|strict_single_dominant        18.53%    passed     67.86%
 160  TALL-73-1-No|nifJ|consensus50|strict_single_dominant        11.69%    passed     88.97%
 161  TALL-73-2-No|nifJ|consensus50|strict_single_dominant        13.84%    passed     98.95%
 162  TALL-73-3-No|nifJ|consensus50|strict_single_dominant        10.74%    passed     93.70%
 163  TALL-8-1-No|nifJ|consensus50|strict_single_dominant         11.55%    passed     96.48%
 164  TALL-82-1-No|nifJ|consensus50|strict_single_dominant        18.22%    passed     97.39%
 165  TALL-8-2-No|nifJ|consensus50|strict_single_dominant         11.47%    passed     90.22%
 166  TALL-8-3-No|nifJ|consensus50|strict_single_dominant         15.82%    passed     90.31%
 167  TALL-90-2-Ro|nifJ|consensus50|strict_single_dominant        15.71%    passed     96.79%
 168  TALL-90-3-No|nifJ|consensus50|strict_single_dominant        13.64%    passed     99.97%
 169  TALL-90-3-Ro|nifJ|consensus50|strict_single_dominant        17.75%    passed     99.08%
 170  TALL-9-1-No|nifJ|consensus50|strict_single_dominant         10.07%    passed     90.27%
 171  TALL-92-2-Ro|nifJ|consensus50|strict_single_dominant        17.83%    passed     83.16%
 172  TALL-9-2-No|nifJ|consensus50|strict_single_dominant         11.19%    passed     91.50%
 173  TALL-93-1-No|nifJ|consensus50|strict_single_dominant        12.17%    passed     98.15%
 174  TALL-9-3-Ro|nifJ|consensus50|strict_single_dominant         14.51%    passed     62.73%
 175  TOOL-16-No|nifJ|consensus50|strict_single_dominant          19.00%    passed     88.76%
 176  UNDE-1-2-No|nifJ|consensus50|strict_single_dominant          9.60%    passed     99.55%
 177  UNDE-2-1-No|nifJ|consensus50|strict_single_dominant          9.88%    passed     99.58%
 178  UNDE-3-1-No|nifJ|consensus50|strict_single_dominant          8.90%    passed     99.55%
 179  UNDE-5-4-No|nifJ|consensus50|strict_single_dominant          8.79%    passed     99.73%
 180  YELL-1-2-No|nifJ|consensus50|strict_single_dominant         10.07%    passed     99.95%
 181  YELL-1-2-Rh|nifJ|consensus50|strict_single_dominant         15.32%    passed     99.55%
****  TOTAL                                                       12.41%  0 sequences failed composition chi2 test (p-value<5%; df=3)
NOTE: BONA-14-No|nifJ|consensus50|strict_single_dominant is identical to BONA-11-1-No|nifJ|consensus50|strict_single_dominant but kept for subsequent analysis
Checking for duplicate sequences: done in 0.00740663 secs using 6496% CPU


Create initial parsimony tree by phylogenetic likelihood library (PLL)... 0.026 seconds
Measuring multi-threading efficiency up to 72 CPU cores
Increase to 10 rounds for branch lengths
114 trees examined
Threads: 1 / Time: 72.485 sec / Speedup: 1.000 / Efficiency: 100% / LogL: -41146
Threads: 2 / Time: 40.742 sec / Speedup: 1.779 / Efficiency: 89% / LogL: -41146
Threads: 3 / Time: 30.983 sec / Speedup: 2.340 / Efficiency: 78% / LogL: -41146
Threads: 4 / Time: 25.544 sec / Speedup: 2.838 / Efficiency: 71% / LogL: -41146
Threads: 5 / Time: 25.741 sec / Speedup: 2.816 / Efficiency: 56% / LogL: -41146
Threads: 6 / Time: 31.312 sec / Speedup: 2.315 / Efficiency: 39% / LogL: -41146
Determining AUTO threadcount: done in 226.81 secs using 291.5% CPU
BEST NUMBER OF THREADS: 4

Perform fast likelihood tree search using GTR+I+G model...
Estimate model parameters (epsilon = 5.000)
Perform nearest neighbor interchange...
Estimate model parameters (epsilon = 1.000)
1. Initial log-likelihood: -24301.377
2. Current log-likelihood: -24298.236
3. Current log-likelihood: -24295.544
4. Current log-likelihood: -24292.958
5. Current log-likelihood: -24290.459
6. Current log-likelihood: -24288.102
7. Current log-likelihood: -24285.870
8. Current log-likelihood: -24283.486
9. Current log-likelihood: -24281.679
10. Current log-likelihood: -24280.080
11. Current log-likelihood: -24278.690
12. Current log-likelihood: -24277.500
Optimal log-likelihood: -24276.206
Rate parameters:  A-C: 1.43237  A-G: 2.71839  A-T: 1.20714  C-G: 2.62443  C-T: 2.50949  G-T: 1.00000
Base frequencies:  A: 0.135  C: 0.382  G: 0.342  T: 0.142
Proportion of invariable sites: 0.543
Gamma shape alpha: 0.652
Parameters optimization took 12 rounds (2.020 sec)
Time for fast ML tree search: 3.524 seconds

NOTE: ModelFinder requires 105 MB RAM!
ModelFinder will test up to 968 DNA models (sample size: 3584 epsilon: 0.100) ...
 No. Model         -LnL         df  AIC          AICc         BIC
  1  JC            28318.113    359 57354.227    57434.400    59574.367
  2  JC+I          25910.670    360 52541.340    52621.985    54767.665
  3  JC+G4         25638.507    360 51997.015    52077.660    54223.339
  4  JC+I+G4       25509.670    361 51741.340    51822.459    53973.849
  5  JC+R2         25665.280    361 52052.559    52133.678    54285.068
  6  JC+R3         25491.037    363 51708.073    51790.143    53952.951
  7  JC+R4         25487.431    365 51704.862    51787.889    53962.108
 14  JC+I+R2       25516.328    362 51756.655    51838.248    53995.348
 15  JC+I+R3       25482.507    364 51693.014    51775.561    53944.075
 16  JC+I+R4       25482.519    366 51697.037    51780.545    53960.467
 28  JC+R3         25491.037    363 51708.073    51790.143    53952.951
 37  JC+I+R3       25482.507    364 51693.014    51775.561    53944.075
 50  F81+R3        25490.798    363 51707.596    51789.665    53952.473
 59  F81+I+R3      25482.453    364 51692.906    51775.454    53943.968
 72  F81+F+R3      24395.002    366 49522.003    49605.511    51785.433
 81  F81+F+I+R3    24386.735    367 49507.470    49591.460    51777.084
 94  K2P+R3        25485.008    364 51698.016    51780.563    53949.077
103  K2P+I+R3      25476.764    365 51683.528    51766.554    53940.773
116  K2P+R3        25485.008    364 51698.016    51780.563    53949.077
125  K2P+I+R3      25476.764    365 51683.528    51766.554    53940.773
138  HKY+R3        25484.942    364 51697.885    51780.432    53948.946
147  HKY+I+R3      25476.740    365 51683.479    51766.506    53940.725
160  HKY+F+R3      24369.981    367 49473.962    49557.952    51743.576
169  HKY+F+I+R3    24361.144    368 49458.287    49542.761    51734.085
182  TNe+R3        25483.523    365 51697.045    51780.072    53954.291
191  TNe+I+R3      25476.342    366 51684.684    51768.191    53948.114
204  TNe+R3        25483.523    365 51697.045    51780.072    53954.291
213  TNe+I+R3      25476.342    366 51684.684    51768.191    53948.114
226  TN+R3         25483.523    365 51697.045    51780.072    53954.291
235  TN+I+R3       25476.307    366 51684.614    51768.122    53948.044
248  TN+F+R3       24368.493    368 49472.987    49557.461    51748.785
257  TN+F+I+R3     24360.377    369 49458.754    49543.714    51740.737
270  K3P+R3        25064.283    365 50858.566    50941.592    53115.811
279  K3P+I+R3      25055.469    366 50842.938    50926.445    53106.368
292  K3P+R3        25064.283    365 50858.566    50941.592    53115.811
301  K3P+I+R3      25055.469    366 50842.938    50926.445    53106.368
314  K3Pu+R3       25064.249    365 50858.498    50941.524    53115.743
323  K3Pu+I+R3     25055.463    366 50842.925    50926.433    53106.355
336  K3Pu+F+R3     24279.719    368 49295.438    49379.912    51571.236
345  K3Pu+F+I+R3   24270.900    369 49279.800    49364.760    51561.783
358  TPM2+R3       25211.831    365 51153.661    51236.688    53410.907
367  TPM2+I+R3     25204.769    366 51141.537    51225.045    53404.967
380  TPM2+R3       25211.831    365 51153.661    51236.688    53410.907
389  TPM2+I+R3     25204.769    366 51141.537    51225.045    53404.967
402  TPM2u+R3      25211.646    365 51153.292    51236.319    53410.538
411  TPM2u+I+R3    25204.696    366 51141.393    51224.900    53404.823
424  TPM2u+F+R3    24335.228    368 49406.456    49490.930    51682.254
433  TPM2u+F+I+R3  24326.050    369 49390.100    49475.059    51672.082
446  TPM3+R3       25147.731    365 51025.462    51108.489    53282.708
455  TPM3+I+R3     25128.799    366 50989.598    51073.105    53253.028
468  TPM3+R3       25147.731    365 51025.462    51108.489    53282.708
477  TPM3+I+R3     25128.799    366 50989.598    51073.105    53253.028
490  TPM3u+R3      25147.565    365 51025.131    51108.157    53282.376
499  TPM3u+I+R3    25128.776    366 50989.551    51073.059    53252.981
512  TPM3u+F+R3    24298.534    368 49333.068    49417.542    51608.866
521  TPM3u+F+I+R3  24290.031    369 49318.061    49403.021    51600.044
534  TIMe+R3       25063.262    366 50858.524    50942.032    53121.954
543  TIMe+I+R3     25055.106    367 50844.211    50928.201    53113.825
556  TIMe+R3       25063.262    366 50858.524    50942.032    53121.954
565  TIMe+I+R3     25055.106    367 50844.211    50928.201    53113.825
578  TIM+R3        25063.258    366 50858.516    50942.024    53121.946
587  TIM+I+R3      25055.103    367 50844.206    50928.196    53113.820
600  TIM+F+R3      24278.378    369 49294.757    49379.716    51576.739
609  TIM+F+I+R3    24270.271    370 49280.542    49365.989    51568.709
622  TIM2e+R3      25208.634    366 51149.268    51232.776    53412.698
631  TIM2e+I+R3    25202.105    367 51138.210    51222.200    53407.824
644  TIM2e+R3      25208.634    366 51149.268    51232.776    53412.698
653  TIM2e+I+R3    25202.105    367 51138.210    51222.200    53407.824
666  TIM2+R3       25208.607    366 51149.214    51232.722    53412.644
675  TIM2+I+R3     25202.080    367 51138.160    51222.150    53407.774
688  TIM2+F+R3     24333.962    369 49405.924    49490.884    51687.907
697  TIM2+F+I+R3   24325.666    370 49391.332    49476.778    51679.499
710  TIM3e+R3      25146.892    366 51025.784    51109.292    53289.214
719  TIM3e+I+R3    25127.993    367 50989.986    51073.976    53259.600
732  TIM3e+R3      25146.892    366 51025.784    51109.292    53289.214
741  TIM3e+I+R3    25127.993    367 50989.986    51073.976    53259.600
754  TIM3+R3       25146.852    366 51025.704    51109.211    53289.134
763  TIM3+I+R3     25127.946    367 50989.892    51073.882    53259.506
776  TIM3+F+R3     24296.920    369 49331.840    49416.799    51613.823
785  TIM3+F+I+R3   24289.083    370 49318.165    49403.612    51606.332
798  TVMe+R3       24807.602    367 50349.204    50433.194    52618.818
807  TVMe+I+R3     24793.292    368 50322.584    50407.058    52598.383
820  TVMe+R3       24807.602    367 50349.204    50433.194    52618.818
829  TVMe+I+R3     24793.292    368 50322.584    50407.058    52598.383
842  TVM+R3        24807.524    367 50349.049    50433.039    52618.663
851  TVM+I+R3      24793.201    368 50322.402    50406.876    52598.200
864  TVM+F+R3      24249.804    370 49239.608    49325.054    51527.775
873  TVM+F+I+R3    24241.482    371 49224.964    49310.900    51519.315
886  SYM+R3        24807.562    368 50351.124    50435.598    52626.922
895  SYM+I+R3      24793.151    369 50324.302    50409.262    52606.285
908  SYM+R3        24807.562    368 50351.124    50435.598    52626.922
917  SYM+I+R3      24793.151    369 50324.302    50409.262    52606.285
930  GTR+R3        24807.486    368 50350.971    50435.445    52626.770
939  GTR+I+R3      24793.125    369 50324.249    50409.209    52606.232
952  GTR+F+R3      24248.759    371 49239.517    49325.453    51533.869
961  GTR+F+I+R3    24240.879    372 49225.758    49312.183    51526.293
Akaike Information Criterion:           TVM+F+I+R3
Corrected Akaike Information Criterion: TVM+F+I+R3
Bayesian Information Criterion:         TVM+F+I+R3
Best-fit model: TVM+F+I+R3 chosen according to BIC

All model information printed to /mnt/dv/wid/projects6/SolisLemus-Intbio-raw/processed-data/symbiosis_sorted_v2_consensus_sequences_50percent/gene_trees/nifJ/03_tree_strict_nm5000/nifJ_consensus50_strict_single_dominant_nm5000.model.gz
CPU time for ModelFinder: 886.773 seconds (0h:14m:46s)
Wall-clock time for ModelFinder: 283.265 seconds (0h:4m:43s)
Generating 1000 samples for ultrafast bootstrap (seed: 167456)...

NOTE: 36 MB RAM (0 GB) is required!
Estimate model parameters (epsilon = 0.100)
1. Initial log-likelihood: -24241.474
Optimal log-likelihood: -24241.464
Rate parameters:  A-C: 1.44345  A-G: 2.63807  A-T: 1.20225  C-G: 2.67729  C-T: 2.63807  G-T: 1.00000
Base frequencies:  A: 0.135  C: 0.382  G: 0.342  T: 0.142
Proportion of invariable sites: 0.605
Site proportion and rates:  (0.208,0.706) (0.144,3.136) (0.044,9.228)
Parameters optimization took 1 rounds (0.189 sec)
Wrote distance file to... 
Computing ML distances based on estimated model parameters...
Calculating distance matrix: done in 0.0448514 secs using 401.5% CPU
Computing ML distances took 0.045291 sec (of wall-clock time) 0.180530 sec (of CPU time)
Setting up auxiliary I and S matrices: done in 0.000495024 secs using 157% CPU
Constructing RapidNJ tree: done in 0.0481687 secs using 150.5% CPU
Computing RapidNJ tree took 0.048743 sec (of wall-clock time) 0.073529 sec (of CPU time)
Log-likelihood of RapidNJ tree: -24566.581
--------------------------------------------------------------------
|             INITIALIZING CANDIDATE TREE SET                      |
--------------------------------------------------------------------
Generating 98 parsimony trees... 2.874 second
Computing log-likelihood of 98 initial trees ... 2.320 seconds
Current best score: -24222.291

Do NNI search on 20 best initial trees
Estimate model parameters (epsilon = 0.100)
BETTER TREE FOUND at iteration 1: -24177.448
Iteration 10 / LogL: -24203.641 / Time: 0h:5m:3s
Iteration 20 / LogL: -24214.999 / Time: 0h:5m:16s
Finish initializing candidate tree set (20)
Current best tree score: -24177.448 / CPU time: 31.927
Number of iterations: 20
--------------------------------------------------------------------
|               OPTIMIZING CANDIDATE TREE SET                      |
--------------------------------------------------------------------
Estimate model parameters (epsilon = 0.100)
BETTER TREE FOUND at iteration 22: -24173.819
Estimate model parameters (epsilon = 0.100)
BETTER TREE FOUND at iteration 23: -24169.551
Estimate model parameters (epsilon = 0.100)
BETTER TREE FOUND at iteration 24: -24157.722
Estimate model parameters (epsilon = 0.100)
BETTER TREE FOUND at iteration 25: -24155.939
Estimate model parameters (epsilon = 0.100)
BETTER TREE FOUND at iteration 27: -24154.665
Estimate model parameters (epsilon = 0.100)
BETTER TREE FOUND at iteration 29: -24153.473
Iteration 30 / LogL: -24247.938 / Time: 0h:5m:28s (0h:2m:34s left)
Estimate model parameters (epsilon = 0.100)
BETTER TREE FOUND at iteration 33: -24152.079
Estimate model parameters (epsilon = 0.100)
BETTER TREE FOUND at iteration 34: -24151.081
Iteration 40 / LogL: -24172.632 / Time: 0h:5m:38s (0h:2m:12s left)
Estimate model parameters (epsilon = 0.100)
BETTER TREE FOUND at iteration 48: -24150.973
Iteration 50 / LogL: -24155.197 / Time: 0h:5m:48s (0h:2m:10s left)
Log-likelihood cutoff on original alignment: -24275.541
Estimate model parameters (epsilon = 0.100)
BETTER TREE FOUND at iteration 54: -24148.269
Iteration 60 / LogL: -24175.123 / Time: 0h:5m:59s (0h:2m:1s left)
Estimate model parameters (epsilon = 0.100)
BETTER TREE FOUND at iteration 68: -24148.203
Iteration 70 / LogL: -24155.680 / Time: 0h:6m:9s (0h:2m:1s left)
Estimate model parameters (epsilon = 0.100)
BETTER TREE FOUND at iteration 72: -24147.284
Estimate model parameters (epsilon = 0.100)
BETTER TREE FOUND at iteration 74: -24143.920
Iteration 80 / LogL: -24200.491 / Time: 0h:6m:18s (0h:1m:53s left)
Iteration 90 / LogL: -24160.366 / Time: 0h:6m:26s (0h:1m:37s left)
Estimate model parameters (epsilon = 0.100)
BETTER TREE FOUND at iteration 99: -24137.215
Iteration 100 / LogL: -24165.699 / Time: 0h:6m:35s (0h:1m:52s left)
Log-likelihood cutoff on original alignment: -24275.541
NOTE: Bootstrap correlation coefficient of split occurrence frequencies: 0.939
NOTE: UFBoot does not converge, continue at least 100 more iterations
Estimate model parameters (epsilon = 0.100)
BETTER TREE FOUND at iteration 104: -24137.162
Estimate model parameters (epsilon = 0.100)
BETTER TREE FOUND at iteration 106: -24133.271
Iteration 110 / LogL: -24149.553 / Time: 0h:6m:44s (0h:1m:46s left)
Estimate model parameters (epsilon = 0.100)
BETTER TREE FOUND at iteration 112: -24132.442
Iteration 120 / LogL: -24187.098 / Time: 0h:6m:52s (0h:1m:39s left)
Iteration 130 / LogL: -24138.067 / Time: 0h:7m:0s (0h:1m:27s left)
Estimate model parameters (epsilon = 0.100)
BETTER TREE FOUND at iteration 133: -24132.427
Iteration 140 / LogL: -24134.937 / Time: 0h:7m:8s (0h:1m:37s left)
Estimate model parameters (epsilon = 0.100)
BETTER TREE FOUND at iteration 141: -24126.980
Iteration 150 / LogL: -24149.759 / Time: 0h:7m:16s (0h:1m:33s left)
Log-likelihood cutoff on original alignment: -24275.541
Iteration 160 / LogL: -24139.734 / Time: 0h:7m:24s (0h:1m:22s left)
Estimate model parameters (epsilon = 0.100)
BETTER TREE FOUND at iteration 167: -24126.307
Iteration 170 / LogL: -24138.223 / Time: 0h:7m:33s (0h:1m:37s left)
Iteration 180 / LogL: -24142.365 / Time: 0h:7m:41s (0h:1m:26s left)
Iteration 190 / LogL: -24130.504 / Time: 0h:7m:49s (0h:1m:15s left)
Iteration 200 / LogL: -24133.011 / Time: 0h:7m:58s (0h:1m:5s left)
Log-likelihood cutoff on original alignment: -24275.541
NOTE: Bootstrap correlation coefficient of split occurrence frequencies: 0.927
NOTE: UFBoot does not converge, continue at least 100 more iterations
Iteration 210 / LogL: -24168.386 / Time: 0h:8m:7s (0h:1m:27s left)
Estimate model parameters (epsilon = 0.100)
BETTER TREE FOUND at iteration 213: -24124.799
Iteration 220 / LogL: -24146.537 / Time: 0h:8m:16s (0h:1m:30s left)
Iteration 230 / LogL: -24126.460 / Time: 0h:8m:25s (0h:1m:20s left)
Iteration 240 / LogL: -24151.322 / Time: 0h:8m:33s (0h:1m:10s left)
Iteration 250 / LogL: -24131.074 / Time: 0h:8m:42s (0h:1m:0s left)
Log-likelihood cutoff on original alignment: -24275.541
Iteration 260 / LogL: -24156.448 / Time: 0h:8m:55s (0h:0m:51s left)
Iteration 270 / LogL: -24134.282 / Time: 0h:9m:7s (0h:0m:42s left)
Iteration 280 / LogL: -24136.332 / Time: 0h:9m:20s (0h:0m:32s left)
Estimate model parameters (epsilon = 0.100)
BETTER TREE FOUND at iteration 287: -24123.184
Estimate model parameters (epsilon = 0.100)
BETTER TREE FOUND at iteration 289: -24122.181
Iteration 290 / LogL: -24130.369 / Time: 0h:9m:31s (0h:1m:38s left)
BETTER TREE FOUND at iteration 300: -24122.180
Iteration 300 / LogL: -24122.180 / Time: 0h:9m:40s (0h:1m:39s left)
Log-likelihood cutoff on original alignment: -24270.102
NOTE: Bootstrap correlation coefficient of split occurrence frequencies: 0.930
NOTE: UFBoot does not converge, continue at least 100 more iterations
Iteration 310 / LogL: -24133.093 / Time: 0h:9m:49s (0h:1m:29s left)
Iteration 320 / LogL: -24122.196 / Time: 0h:9m:58s (0h:1m:18s left)
Iteration 330 / LogL: -24134.537 / Time: 0h:10m:6s (0h:1m:8s left)
Iteration 340 / LogL: -24134.523 / Time: 0h:10m:15s (0h:0m:58s left)
Iteration 350 / LogL: -24135.541 / Time: 0h:10m:23s (0h:0m:48s left)
Log-likelihood cutoff on original alignment: -24270.102
Iteration 360 / LogL: -24129.338 / Time: 0h:10m:32s (0h:0m:38s left)
BETTER TREE FOUND at iteration 369: -24122.177
Estimate model parameters (epsilon = 0.100)
BETTER TREE FOUND at iteration 370: -24120.323
Iteration 370 / LogL: -24120.323 / Time: 0h:10m:41s (0h:1m:37s left)
BETTER TREE FOUND at iteration 372: -24120.315
Iteration 380 / LogL: -24206.882 / Time: 0h:10m:50s (0h:1m:29s left)
Iteration 390 / LogL: -24131.333 / Time: 0h:10m:59s (0h:1m:19s left)
Iteration 400 / LogL: -24149.987 / Time: 0h:11m:8s (0h:1m:9s left)
Log-likelihood cutoff on original alignment: -24270.102
NOTE: Bootstrap correlation coefficient of split occurrence frequencies: 0.971
NOTE: UFBoot does not converge, continue at least 100 more iterations
Iteration 410 / LogL: -24130.220 / Time: 0h:11m:17s (0h:1m:26s left)
Iteration 420 / LogL: -24142.527 / Time: 0h:11m:26s (0h:1m:16s left)
Iteration 430 / LogL: -24126.205 / Time: 0h:11m:34s (0h:1m:7s left)
Iteration 440 / LogL: -24120.327 / Time: 0h:11m:43s (0h:0m:57s left)
Iteration 450 / LogL: -24121.615 / Time: 0h:11m:52s (0h:0m:47s left)
Log-likelihood cutoff on original alignment: -24270.102
Iteration 460 / LogL: -24128.427 / Time: 0h:12m:2s (0h:0m:38s left)
Iteration 470 / LogL: -24161.879 / Time: 0h:12m:10s (0h:0m:28s left)
Iteration 480 / LogL: -24127.763 / Time: 0h:12m:19s (0h:0m:19s left)
Iteration 490 / LogL: -24621.465 / Time: 0h:12m:27s (0h:0m:9s left)
Iteration 500 / LogL: -24168.176 / Time: 0h:12m:36s (0h:0m:0s left)
Log-likelihood cutoff on original alignment: -24270.102
NOTE: Bootstrap correlation coefficient of split occurrence frequencies: 0.972
NOTE: UFBoot does not converge, continue at least 100 more iterations
Iteration 510 / LogL: -24136.666 / Time: 0h:12m:45s (0h:1m:25s left)
Iteration 520 / LogL: -24163.326 / Time: 0h:12m:54s (0h:1m:15s left)
Iteration 530 / LogL: -24173.165 / Time: 0h:13m:3s (0h:1m:6s left)
Iteration 540 / LogL: -24183.429 / Time: 0h:13m:13s (0h:0m:56s left)
Iteration 550 / LogL: -24128.026 / Time: 0h:13m:22s (0h:0m:47s left)
Log-likelihood cutoff on original alignment: -24270.102
Iteration 560 / LogL: -24120.324 / Time: 0h:13m:33s (0h:0m:37s left)
Iteration 570 / LogL: -24161.858 / Time: 0h:13m:43s (0h:0m:28s left)
Iteration 580 / LogL: -24128.413 / Time: 0h:13m:52s (0h:0m:18s left)
Iteration 590 / LogL: -24126.453 / Time: 0h:14m:2s (0h:0m:9s left)
Iteration 600 / LogL: -24120.319 / Time: 0h:14m:11s (0h:0m:0s left)
Log-likelihood cutoff on original alignment: -24270.102
NOTE: Bootstrap correlation coefficient of split occurrence frequencies: 0.979
NOTE: UFBoot does not converge, continue at least 100 more iterations
Iteration 610 / LogL: -24159.611 / Time: 0h:14m:25s (0h:1m:26s left)
Iteration 620 / LogL: -24123.259 / Time: 0h:14m:40s (0h:1m:17s left)
Iteration 630 / LogL: -24131.714 / Time: 0h:14m:49s (0h:1m:7s left)
Iteration 640 / LogL: -24121.335 / Time: 0h:14m:59s (0h:0m:57s left)
Iteration 650 / LogL: -24120.326 / Time: 0h:15m:9s (0h:0m:48s left)
Log-likelihood cutoff on original alignment: -24270.102
Iteration 660 / LogL: -24121.338 / Time: 0h:15m:19s (0h:0m:38s left)
Iteration 670 / LogL: -24120.317 / Time: 0h:15m:28s (0h:0m:28s left)
Iteration 680 / LogL: -24134.841 / Time: 0h:15m:38s (0h:0m:19s left)
Estimate model parameters (epsilon = 0.100)
BETTER TREE FOUND at iteration 682: -24120.156
Iteration 690 / LogL: -24156.994 / Time: 0h:15m:48s (0h:1m:28s left)
Iteration 700 / LogL: -24120.320 / Time: 0h:15m:58s (0h:1m:19s left)
Log-likelihood cutoff on original alignment: -24270.102
NOTE: Bootstrap correlation coefficient of split occurrence frequencies: 0.981
NOTE: UFBoot does not converge, continue at least 100 more iterations
BETTER TREE FOUND at iteration 708: -24120.151
Iteration 710 / LogL: -24141.930 / Time: 0h:16m:9s (0h:1m:34s left)
Iteration 720 / LogL: -24126.288 / Time: 0h:16m:18s (0h:1m:25s left)
Iteration 730 / LogL: -24151.691 / Time: 0h:16m:28s (0h:1m:15s left)
Iteration 740 / LogL: -24121.197 / Time: 0h:16m:38s (0h:1m:5s left)
Iteration 750 / LogL: -24133.033 / Time: 0h:16m:47s (0h:0m:56s left)
Log-likelihood cutoff on original alignment: -24270.102
Iteration 760 / LogL: -24157.974 / Time: 0h:16m:58s (0h:0m:46s left)
Iteration 770 / LogL: -24132.621 / Time: 0h:17m:8s (0h:0m:36s left)
Iteration 780 / LogL: -24153.319 / Time: 0h:17m:18s (0h:0m:27s left)
BETTER TREE FOUND at iteration 785: -24120.145
BETTER TREE FOUND at iteration 786: -24120.141
Iteration 790 / LogL: -24137.562 / Time: 0h:17m:27s (0h:1m:33s left)
Iteration 800 / LogL: -24153.109 / Time: 0h:17m:37s (0h:1m:23s left)
Log-likelihood cutoff on original alignment: -24270.102
NOTE: Bootstrap correlation coefficient of split occurrence frequencies: 0.990
NOTE: UFBoot does not converge, continue at least 100 more iterations
Iteration 810 / LogL: -24134.231 / Time: 0h:17m:48s (0h:1m:27s left)
Iteration 820 / LogL: -24155.348 / Time: 0h:17m:58s (0h:1m:17s left)
Iteration 830 / LogL: -24150.636 / Time: 0h:18m:8s (0h:1m:8s left)
BETTER TREE FOUND at iteration 840: -24120.139
Iteration 840 / LogL: -24120.139 / Time: 0h:18m:18s (0h:1m:37s left)
Iteration 850 / LogL: -24130.881 / Time: 0h:18m:28s (0h:1m:27s left)
Log-likelihood cutoff on original alignment: -24270.102
Iteration 860 / LogL: -24127.416 / Time: 0h:18m:39s (0h:1m:17s left)
Iteration 870 / LogL: -24146.915 / Time: 0h:18m:50s (0h:1m:8s left)
Iteration 880 / LogL: -24156.182 / Time: 0h:19m:0s (0h:0m:58s left)
Iteration 890 / LogL: -24148.893 / Time: 0h:19m:10s (0h:0m:48s left)
Iteration 900 / LogL: -24124.788 / Time: 0h:19m:20s (0h:0m:39s left)
Log-likelihood cutoff on original alignment: -24270.102
NOTE: Bootstrap correlation coefficient of split occurrence frequencies: 0.989
NOTE: UFBoot does not converge, continue at least 100 more iterations
BETTER TREE FOUND at iteration 905: -24120.137
Iteration 910 / LogL: -24200.700 / Time: 0h:19m:30s (0h:1m:32s left)
Iteration 920 / LogL: -24135.908 / Time: 0h:19m:42s (0h:1m:23s left)
Estimate model parameters (epsilon = 0.100)
BETTER TREE FOUND at iteration 927: -24118.428
Iteration 930 / LogL: -24121.708 / Time: 0h:19m:52s (0h:1m:34s left)
BETTER TREE FOUND at iteration 938: -24118.424
Iteration 940 / LogL: -24278.268 / Time: 0h:20m:3s (0h:1m:35s left)
Iteration 950 / LogL: -24134.139 / Time: 0h:20m:14s (0h:1m:26s left)
Log-likelihood cutoff on original alignment: -24270.102
BETTER TREE FOUND at iteration 960: -24118.423
Iteration 960 / LogL: -24118.423 / Time: 0h:20m:25s (0h:1m:38s left)
Iteration 970 / LogL: -24130.872 / Time: 0h:20m:35s (0h:1m:28s left)
BETTER TREE FOUND at iteration 972: -24118.421
Iteration 980 / LogL: -24136.812 / Time: 0h:20m:46s (0h:1m:30s left)
Iteration 990 / LogL: -24233.994 / Time: 0h:20m:57s (0h:1m:20s left)
Iteration 1000 / LogL: -24118.428 / Time: 0h:21m:8s (0h:1m:11s left)
Log-likelihood cutoff on original alignment: -24270.102
NOTE: Bootstrap correlation coefficient of split occurrence frequencies: 0.988
NOTE: UFBoot does not converge, continue at least 100 more iterations
Iteration 1010 / LogL: -24187.070 / Time: 0h:21m:21s (0h:1m:29s left)
Iteration 1020 / LogL: -24148.421 / Time: 0h:21m:35s (0h:1m:19s left)
Iteration 1030 / LogL: -24137.372 / Time: 0h:21m:49s (0h:1m:9s left)
Iteration 1040 / LogL: -24136.926 / Time: 0h:22m:3s (0h:1m:0s left)
Iteration 1050 / LogL: -24138.694 / Time: 0h:22m:16s (0h:0m:50s left)
Log-likelihood cutoff on original alignment: -24270.102
Iteration 1060 / LogL: -24126.311 / Time: 0h:22m:29s (0h:0m:40s left)
Iteration 1070 / LogL: -24146.664 / Time: 0h:22m:40s (0h:0m:30s left)
Iteration 1080 / LogL: -24120.720 / Time: 0h:22m:51s (0h:0m:20s left)
Iteration 1090 / LogL: -24127.318 / Time: 0h:23m:2s (0h:0m:10s left)
Iteration 1100 / LogL: -24154.437 / Time: 0h:23m:15s (0h:0m:0s left)
Log-likelihood cutoff on original alignment: -24270.102
NOTE: Bootstrap correlation coefficient of split occurrence frequencies: 0.985
NOTE: UFBoot does not converge, continue at least 100 more iterations
Iteration 1110 / LogL: -24123.036 / Time: 0h:23m:27s (0h:1m:31s left)
Iteration 1120 / LogL: -24137.029 / Time: 0h:23m:38s (0h:1m:21s left)
BETTER TREE FOUND at iteration 1123: -24118.418
Iteration 1130 / LogL: -24149.461 / Time: 0h:23m:49s (0h:1m:34s left)
Iteration 1140 / LogL: -24124.154 / Time: 0h:24m:1s (0h:1m:24s left)
Iteration 1150 / LogL: -24134.574 / Time: 0h:24m:13s (0h:1m:14s left)
Log-likelihood cutoff on original alignment: -24270.102
Iteration 1160 / LogL: -24127.093 / Time: 0h:24m:25s (0h:1m:4s left)
Iteration 1170 / LogL: -24123.308 / Time: 0h:24m:36s (0h:0m:54s left)
Iteration 1180 / LogL: -24131.820 / Time: 0h:24m:48s (0h:0m:43s left)
Iteration 1190 / LogL: -24240.207 / Time: 0h:24m:59s (0h:0m:33s left)
Iteration 1200 / LogL: -24152.136 / Time: 0h:25m:11s (0h:0m:23s left)
Log-likelihood cutoff on original alignment: -24270.102
NOTE: Bootstrap correlation coefficient of split occurrence frequencies: 0.975
NOTE: UFBoot does not converge, continue at least 100 more iterations
Iteration 1210 / LogL: -24118.428 / Time: 0h:25m:23s (0h:1m:32s left)
Iteration 1220 / LogL: -24134.980 / Time: 0h:25m:35s (0h:1m:22s left)
Iteration 1230 / LogL: -24144.844 / Time: 0h:25m:46s (0h:1m:11s left)
Iteration 1240 / LogL: -24120.415 / Time: 0h:25m:58s (0h:1m:1s left)
Iteration 1250 / LogL: -24158.759 / Time: 0h:26m:9s (0h:0m:51s left)
Log-likelihood cutoff on original alignment: -24270.102
Iteration 1260 / LogL: -24132.199 / Time: 0h:26m:25s (0h:0m:41s left)
Iteration 1270 / LogL: -24118.433 / Time: 0h:26m:39s (0h:0m:31s left)
Iteration 1280 / LogL: -24143.936 / Time: 0h:26m:52s (0h:0m:20s left)
Iteration 1290 / LogL: -24129.461 / Time: 0h:27m:3s (0h:0m:10s left)
Iteration 1300 / LogL: -24125.400 / Time: 0h:27m:14s (0h:0m:0s left)
Log-likelihood cutoff on original alignment: -24270.102
NOTE: Bootstrap correlation coefficient of split occurrence frequencies: 0.972
NOTE: UFBoot does not converge, continue at least 100 more iterations
Iteration 1310 / LogL: -24124.345 / Time: 0h:27m:26s (0h:1m:33s left)
Iteration 1320 / LogL: -24134.272 / Time: 0h:27m:38s (0h:1m:23s left)
Iteration 1330 / LogL: -24149.465 / Time: 0h:27m:50s (0h:1m:13s left)
Iteration 1340 / LogL: -24144.106 / Time: 0h:28m:2s (0h:1m:2s left)
Iteration 1350 / LogL: -24132.350 / Time: 0h:28m:13s (0h:0m:52s left)
Log-likelihood cutoff on original alignment: -24270.102
BETTER TREE FOUND at iteration 1357: -24118.418
Iteration 1360 / LogL: -24171.380 / Time: 0h:28m:26s (0h:1m:41s left)
Iteration 1370 / LogL: -24124.505 / Time: 0h:28m:38s (0h:1m:31s left)
Iteration 1380 / LogL: -24162.167 / Time: 0h:28m:50s (0h:1m:20s left)
Iteration 1390 / LogL: -24214.766 / Time: 0h:29m:2s (0h:1m:10s left)
Iteration 1400 / LogL: -24129.424 / Time: 0h:29m:15s (0h:0m:59s left)
Log-likelihood cutoff on original alignment: -24270.102
NOTE: Bootstrap correlation coefficient of split occurrence frequencies: 0.968
NOTE: UFBoot does not converge, continue at least 100 more iterations
Iteration 1410 / LogL: -24125.975 / Time: 0h:29m:29s (0h:1m:34s left)
Iteration 1420 / LogL: -24118.426 / Time: 0h:29m:41s (0h:1m:24s left)
Iteration 1430 / LogL: -24137.872 / Time: 0h:29m:54s (0h:1m:14s left)
Iteration 1440 / LogL: -24119.702 / Time: 0h:30m:6s (0h:1m:3s left)
Iteration 1450 / LogL: -24214.060 / Time: 0h:30m:18s (0h:0m:52s left)
Log-likelihood cutoff on original alignment: -24270.102
Iteration 1460 / LogL: -24152.148 / Time: 0h:30m:32s (0h:0m:42s left)
Iteration 1470 / LogL: -24127.065 / Time: 0h:30m:45s (0h:0m:31s left)
Iteration 1480 / LogL: -24161.712 / Time: 0h:30m:58s (0h:0m:21s left)
Iteration 1490 / LogL: -24121.671 / Time: 0h:31m:12s (0h:0m:10s left)
Iteration 1500 / LogL: -24179.503 / Time: 0h:31m:26s (0h:0m:0s left)
Log-likelihood cutoff on original alignment: -24270.102
NOTE: Bootstrap correlation coefficient of split occurrence frequencies: 0.966
NOTE: UFBoot does not converge, continue at least 100 more iterations
Iteration 1510 / LogL: -24122.947 / Time: 0h:31m:39s (0h:1m:36s left)
Iteration 1520 / LogL: -24126.675 / Time: 0h:31m:51s (0h:1m:25s left)
Iteration 1530 / LogL: -24120.000 / Time: 0h:32m:4s (0h:1m:15s left)
Iteration 1540 / LogL: -24130.059 / Time: 0h:32m:17s (0h:1m:4s left)
Iteration 1550 / LogL: -24121.019 / Time: 0h:32m:30s (0h:0m:53s left)
Log-likelihood cutoff on original alignment: -24270.102
Iteration 1560 / LogL: -24123.561 / Time: 0h:32m:43s (0h:0m:43s left)
Iteration 1570 / LogL: -24126.697 / Time: 0h:32m:57s (0h:0m:32s left)
Iteration 1580 / LogL: -24135.477 / Time: 0h:33m:9s (0h:0m:21s left)
Iteration 1590 / LogL: -24119.176 / Time: 0h:33m:23s (0h:0m:10s left)
Iteration 1600 / LogL: -24169.418 / Time: 0h:33m:37s (0h:0m:0s left)
Log-likelihood cutoff on original alignment: -24270.102
NOTE: Bootstrap correlation coefficient of split occurrence frequencies: 0.963
NOTE: UFBoot does not converge, continue at least 100 more iterations
Iteration 1610 / LogL: -24120.000 / Time: 0h:33m:53s (0h:1m:37s left)
Iteration 1620 / LogL: -24165.007 / Time: 0h:34m:7s (0h:1m:27s left)
Iteration 1630 / LogL: -24157.742 / Time: 0h:34m:21s (0h:1m:16s left)
Iteration 1640 / LogL: -24143.141 / Time: 0h:34m:35s (0h:1m:5s left)
Iteration 1650 / LogL: -24133.663 / Time: 0h:34m:49s (0h:0m:54s left)
Log-likelihood cutoff on original alignment: -24270.102
Iteration 1660 / LogL: -24153.954 / Time: 0h:35m:3s (0h:0m:43s left)
BETTER TREE FOUND at iteration 1663: -24118.416
Iteration 1670 / LogL: -24190.154 / Time: 0h:35m:16s (0h:1m:42s left)
Iteration 1680 / LogL: -24120.680 / Time: 0h:35m:30s (0h:1m:31s left)
Iteration 1690 / LogL: -24165.152 / Time: 0h:35m:44s (0h:1m:20s left)
Iteration 1700 / LogL: -24123.719 / Time: 0h:35m:58s (0h:1m:9s left)
Log-likelihood cutoff on original alignment: -24270.102
NOTE: Bootstrap correlation coefficient of split occurrence frequencies: 0.958
NOTE: UFBoot does not converge, continue at least 100 more iterations
Iteration 1710 / LogL: -24142.783 / Time: 0h:36m:14s (0h:1m:39s left)
Iteration 1720 / LogL: -24182.929 / Time: 0h:36m:32s (0h:1m:28s left)
Iteration 1730 / LogL: -24143.312 / Time: 0h:36m:50s (0h:1m:18s left)
Iteration 1740 / LogL: -24169.374 / Time: 0h:37m:5s (0h:1m:7s left)
Iteration 1750 / LogL: -24118.433 / Time: 0h:37m:19s (0h:0m:55s left)
Log-likelihood cutoff on original alignment: -24270.102
Iteration 1760 / LogL: -24157.140 / Time: 0h:37m:35s (0h:0m:44s left)
Iteration 1770 / LogL: -24135.323 / Time: 0h:37m:48s (0h:0m:33s left)
BETTER TREE FOUND at iteration 1773: -24118.415
Iteration 1780 / LogL: -24123.311 / Time: 0h:38m:3s (0h:1m:44s left)
Iteration 1790 / LogL: -24133.947 / Time: 0h:38m:18s (0h:1m:33s left)
Iteration 1800 / LogL: -24125.222 / Time: 0h:38m:32s (0h:1m:22s left)
Log-likelihood cutoff on original alignment: -24270.102
NOTE: Bootstrap correlation coefficient of split occurrence frequencies: 0.956
NOTE: UFBoot does not converge, continue at least 100 more iterations
Iteration 1810 / LogL: -24140.098 / Time: 0h:38m:47s (0h:1m:41s left)
Iteration 1820 / LogL: -24126.860 / Time: 0h:39m:1s (0h:1m:30s left)
Iteration 1830 / LogL: -24137.074 / Time: 0h:39m:16s (0h:1m:19s left)
Iteration 1840 / LogL: -24122.516 / Time: 0h:39m:30s (0h:1m:8s left)
Iteration 1850 / LogL: -24124.548 / Time: 0h:39m:44s (0h:0m:56s left)
Log-likelihood cutoff on original alignment: -24270.102
Iteration 1860 / LogL: -24126.996 / Time: 0h:40m:0s (0h:0m:45s left)
Iteration 1870 / LogL: -24129.489 / Time: 0h:40m:15s (0h:0m:34s left)
Iteration 1880 / LogL: -24176.049 / Time: 0h:40m:29s (0h:0m:22s left)
Iteration 1890 / LogL: -24126.986 / Time: 0h:40m:43s (0h:0m:11s left)
Iteration 1900 / LogL: -24127.758 / Time: 0h:40m:58s (0h:0m:0s left)
Log-likelihood cutoff on original alignment: -24270.102
NOTE: Bootstrap correlation coefficient of split occurrence frequencies: 0.958
NOTE: UFBoot does not converge, continue at least 100 more iterations
Iteration 1910 / LogL: -24134.130 / Time: 0h:41m:13s (0h:1m:43s left)
Iteration 1920 / LogL: -24118.432 / Time: 0h:41m:29s (0h:1m:31s left)
Iteration 1930 / LogL: -24118.426 / Time: 0h:41m:45s (0h:1m:20s left)
Iteration 1940 / LogL: -24121.539 / Time: 0h:42m:0s (0h:1m:9s left)
Iteration 1950 / LogL: -24126.700 / Time: 0h:42m:15s (0h:0m:57s left)
Log-likelihood cutoff on original alignment: -24270.102
Iteration 1960 / LogL: -24162.282 / Time: 0h:42m:31s (0h:0m:46s left)
Iteration 1970 / LogL: -24140.201 / Time: 0h:42m:46s (0h:0m:34s left)
Iteration 1980 / LogL: -24125.503 / Time: 0h:43m:1s (0h:0m:23s left)
Iteration 1990 / LogL: -24125.411 / Time: 0h:43m:16s (0h:0m:11s left)
Iteration 2000 / LogL: -24126.834 / Time: 0h:43m:31s (0h:0m:0s left)
Log-likelihood cutoff on original alignment: -24270.102
NOTE: Bootstrap correlation coefficient of split occurrence frequencies: 0.962
NOTE: UFBoot does not converge, continue at least 100 more iterations
Iteration 2010 / LogL: -24120.421 / Time: 0h:43m:46s (0h:1m:44s left)
Iteration 2020 / LogL: -24125.043 / Time: 0h:44m:1s (0h:1m:33s left)
Iteration 2030 / LogL: -24135.243 / Time: 0h:44m:17s (0h:1m:21s left)
Iteration 2040 / LogL: -24158.555 / Time: 0h:44m:33s (0h:1m:10s left)
Iteration 2050 / LogL: -24127.463 / Time: 0h:44m:49s (0h:0m:58s left)
Log-likelihood cutoff on original alignment: -24270.102
Iteration 2060 / LogL: -24169.881 / Time: 0h:45m:5s (0h:0m:47s left)
Iteration 2070 / LogL: -24200.917 / Time: 0h:45m:20s (0h:0m:35s left)
BETTER TREE FOUND at iteration 2071: -24118.413
Iteration 2080 / LogL: -24137.819 / Time: 0h:45m:36s (0h:1m:47s left)
Iteration 2090 / LogL: -24126.898 / Time: 0h:45m:50s (0h:1m:35s left)
Iteration 2100 / LogL: -24130.453 / Time: 0h:46m:7s (0h:1m:24s left)
Log-likelihood cutoff on original alignment: -24270.102
NOTE: Bootstrap correlation coefficient of split occurrence frequencies: 0.968
NOTE: UFBoot does not converge, continue at least 100 more iterations
Iteration 2110 / LogL: -24125.580 / Time: 0h:46m:22s (0h:1m:46s left)
Iteration 2120 / LogL: -24129.710 / Time: 0h:46m:38s (0h:1m:34s left)
Iteration 2130 / LogL: -24132.554 / Time: 0h:46m:56s (0h:1m:23s left)
Iteration 2140 / LogL: -24123.730 / Time: 0h:47m:11s (0h:1m:11s left)
Iteration 2150 / LogL: -24118.786 / Time: 0h:47m:26s (0h:0m:59s left)
Log-likelihood cutoff on original alignment: -24270.102
Iteration 2160 / LogL: -24157.181 / Time: 0h:47m:43s (0h:0m:47s left)
Iteration 2170 / LogL: -24123.452 / Time: 0h:47m:59s (0h:0m:35s left)
Iteration 2180 / LogL: -24118.530 / Time: 0h:48m:19s (0h:0m:24s left)
Iteration 2190 / LogL: -24132.552 / Time: 0h:48m:36s (0h:0m:12s left)
Iteration 2200 / LogL: -24135.561 / Time: 0h:48m:53s (0h:0m:0s left)
Log-likelihood cutoff on original alignment: -24270.102
NOTE: Bootstrap correlation coefficient of split occurrence frequencies: 0.971
NOTE: UFBoot does not converge, continue at least 100 more iterations
Iteration 2210 / LogL: -24122.842 / Time: 0h:49m:10s (0h:1m:48s left)
Iteration 2220 / LogL: -24126.870 / Time: 0h:49m:26s (0h:1m:36s left)
Iteration 2230 / LogL: -24118.420 / Time: 0h:49m:44s (0h:1m:24s left)
Estimate model parameters (epsilon = 0.100)
BETTER TREE FOUND at iteration 2231: -24118.289
Iteration 2240 / LogL: -24119.675 / Time: 0h:50m:0s (0h:1m:50s left)
Iteration 2250 / LogL: -24128.931 / Time: 0h:50m:16s (0h:1m:38s left)
Log-likelihood cutoff on original alignment: -24270.102
Iteration 2260 / LogL: -24118.645 / Time: 0h:50m:33s (0h:1m:26s left)
Iteration 2270 / LogL: -24131.097 / Time: 0h:50m:49s (0h:1m:14s left)
Iteration 2280 / LogL: -24162.253 / Time: 0h:51m:5s (0h:1m:2s left)
Iteration 2290 / LogL: -24122.899 / Time: 0h:51m:22s (0h:0m:50s left)
Iteration 2300 / LogL: -24122.000 / Time: 0h:51m:38s (0h:0m:37s left)
Log-likelihood cutoff on original alignment: -24270.102
NOTE: Bootstrap correlation coefficient of split occurrence frequencies: 0.978
NOTE: UFBoot does not converge, continue at least 100 more iterations
Iteration 2310 / LogL: -24118.421 / Time: 0h:51m:56s (0h:1m:50s left)
Iteration 2320 / LogL: -24136.597 / Time: 0h:52m:15s (0h:1m:38s left)
Iteration 2330 / LogL: -24123.637 / Time: 0h:52m:33s (0h:1m:26s left)
Iteration 2340 / LogL: -24130.534 / Time: 0h:52m:49s (0h:1m:14s left)
Iteration 2350 / LogL: -24151.685 / Time: 0h:53m:5s (0h:1m:1s left)
Log-likelihood cutoff on original alignment: -24270.102
Iteration 2360 / LogL: -24132.985 / Time: 0h:53m:22s (0h:0m:49s left)
Iteration 2370 / LogL: -24148.880 / Time: 0h:53m:39s (0h:0m:37s left)
BETTER TREE FOUND at iteration 2374: -24118.285
Iteration 2380 / LogL: -24120.149 / Time: 0h:53m:56s (0h:1m:56s left)
Iteration 2390 / LogL: -24120.154 / Time: 0h:54m:12s (0h:1m:44s left)
Iteration 2400 / LogL: -24118.298 / Time: 0h:54m:29s (0h:1m:32s left)
Log-likelihood cutoff on original alignment: -24270.102
NOTE: Bootstrap correlation coefficient of split occurrence frequencies: 0.979
NOTE: UFBoot does not converge, continue at least 100 more iterations
BETTER TREE FOUND at iteration 2407: -24118.283
Iteration 2410 / LogL: -24118.435 / Time: 0h:54m:47s (0h:2m:0s left)
Iteration 2420 / LogL: -24121.747 / Time: 0h:55m:5s (0h:1m:48s left)
Iteration 2430 / LogL: -24130.196 / Time: 0h:55m:22s (0h:1m:36s left)
Iteration 2440 / LogL: -24118.301 / Time: 0h:55m:38s (0h:1m:23s left)
Iteration 2450 / LogL: -24125.492 / Time: 0h:55m:54s (0h:1m:11s left)
Log-likelihood cutoff on original alignment: -24270.102
Iteration 2460 / LogL: -24136.753 / Time: 0h:56m:11s (0h:0m:59s left)
Iteration 2470 / LogL: -24122.629 / Time: 0h:56m:28s (0h:0m:46s left)
BETTER TREE FOUND at iteration 2480: -24118.278
Iteration 2480 / LogL: -24118.278 / Time: 0h:56m:44s (0h:2m:5s left)
Iteration 2490 / LogL: -24119.541 / Time: 0h:57m:1s (0h:1m:53s left)
Iteration 2500 / LogL: -24147.342 / Time: 0h:57m:17s (0h:1m:40s left)
Log-likelihood cutoff on original alignment: -24270.102
NOTE: Bootstrap correlation coefficient of split occurrence frequencies: 0.980
NOTE: UFBoot does not converge, continue at least 100 more iterations
Iteration 2510 / LogL: -24122.240 / Time: 0h:57m:35s (0h:1m:53s left)
Iteration 2520 / LogL: -24130.789 / Time: 0h:57m:52s (0h:1m:41s left)
Iteration 2530 / LogL: -24156.824 / Time: 0h:58m:10s (0h:1m:28s left)
Iteration 2540 / LogL: -24131.486 / Time: 0h:58m:27s (0h:1m:16s left)
Iteration 2550 / LogL: -24139.599 / Time: 0h:58m:43s (0h:1m:3s left)
Log-likelihood cutoff on original alignment: -24270.102
Iteration 2560 / LogL: -24127.948 / Time: 0h:59m:0s (0h:0m:50s left)
Iteration 2570 / LogL: -24132.538 / Time: 0h:59m:17s (0h:0m:38s left)
Iteration 2580 / LogL: -24141.016 / Time: 0h:59m:35s (0h:0m:25s left)
Iteration 2590 / LogL: -24129.714 / Time: 0h:59m:53s (0h:0m:12s left)
Iteration 2600 / LogL: -24118.605 / Time: 1h:0m:12s (0h:0m:0s left)
Log-likelihood cutoff on original alignment: -24270.102
NOTE: Bootstrap correlation coefficient of split occurrence frequencies: 0.981
NOTE: UFBoot does not converge, continue at least 100 more iterations
Iteration 2610 / LogL: -24123.181 / Time: 1h:0m:30s (0h:1m:55s left)
Iteration 2620 / LogL: -24118.428 / Time: 1h:0m:48s (0h:1m:42s left)
Iteration 2630 / LogL: -24122.896 / Time: 1h:1m:7s (0h:1m:30s left)
Iteration 2640 / LogL: -24126.082 / Time: 1h:1m:24s (0h:1m:17s left)
BETTER TREE FOUND at iteration 2648: -24118.274
Iteration 2650 / LogL: -24134.123 / Time: 1h:1m:42s (0h:2m:6s left)
Log-likelihood cutoff on original alignment: -24270.102
Iteration 2660 / LogL: -24118.292 / Time: 1h:1m:59s (0h:1m:53s left)
Iteration 2670 / LogL: -24139.595 / Time: 1h:2m:19s (0h:1m:41s left)
Iteration 2680 / LogL: -24118.283 / Time: 1h:2m:40s (0h:1m:28s left)
Iteration 2690 / LogL: -24125.368 / Time: 1h:2m:57s (0h:1m:15s left)
Iteration 2700 / LogL: -24129.508 / Time: 1h:3m:15s (0h:1m:2s left)
Log-likelihood cutoff on original alignment: -24270.102
NOTE: Bootstrap correlation coefficient of split occurrence frequencies: 0.981
NOTE: UFBoot does not converge, continue at least 100 more iterations
Iteration 2710 / LogL: -24118.290 / Time: 1h:3m:35s (0h:1m:57s left)
Iteration 2720 / LogL: -24185.616 / Time: 1h:3m:53s (0h:1m:44s left)
Iteration 2730 / LogL: -24136.702 / Time: 1h:4m:13s (0h:1m:31s left)
Iteration 2740 / LogL: -24118.607 / Time: 1h:4m:31s (0h:1m:18s left)
Iteration 2750 / LogL: -24477.071 / Time: 1h:4m:49s (0h:1m:5s left)
Log-likelihood cutoff on original alignment: -24270.102
Iteration 2760 / LogL: -24120.886 / Time: 1h:5m:7s (0h:0m:52s left)
Iteration 2770 / LogL: -24118.644 / Time: 1h:5m:23s (0h:0m:39s left)
Iteration 2780 / LogL: -24127.692 / Time: 1h:5m:42s (0h:0m:26s left)
Iteration 2790 / LogL: -24118.726 / Time: 1h:5m:59s (0h:0m:13s left)
Iteration 2800 / LogL: -24149.591 / Time: 1h:6m:20s (0h:0m:0s left)
Log-likelihood cutoff on original alignment: -24270.102
NOTE: Bootstrap correlation coefficient of split occurrence frequencies: 0.982
NOTE: UFBoot does not converge, continue at least 100 more iterations
Iteration 2810 / LogL: -24159.839 / Time: 1h:6m:42s (0h:1m:59s left)
Iteration 2820 / LogL: -24119.058 / Time: 1h:7m:3s (0h:1m:46s left)
Iteration 2830 / LogL: -24118.283 / Time: 1h:7m:20s (0h:1m:32s left)
Iteration 2840 / LogL: -24122.092 / Time: 1h:7m:38s (0h:1m:19s left)
Iteration 2850 / LogL: -24126.119 / Time: 1h:7m:56s (0h:1m:6s left)
Log-likelihood cutoff on original alignment: -24270.102
Iteration 2860 / LogL: -24156.106 / Time: 1h:8m:14s (0h:0m:53s left)
Iteration 2870 / LogL: -24119.099 / Time: 1h:8m:32s (0h:0m:40s left)
Iteration 2880 / LogL: -24118.276 / Time: 1h:8m:53s (0h:0m:26s left)
Iteration 2890 / LogL: -24123.666 / Time: 1h:9m:12s (0h:0m:13s left)
Iteration 2900 / LogL: -24143.218 / Time: 1h:9m:30s (0h:0m:0s left)
Log-likelihood cutoff on original alignment: -24270.102
NOTE: Bootstrap correlation coefficient of split occurrence frequencies: 0.982
NOTE: UFBoot does not converge, continue at least 100 more iterations
Iteration 2910 / LogL: -24147.265 / Time: 1h:9m:49s (0h:2m:0s left)
Iteration 2920 / LogL: -24118.423 / Time: 1h:10m:7s (0h:1m:47s left)
Iteration 2930 / LogL: -24121.403 / Time: 1h:10m:25s (0h:1m:34s left)
Iteration 2940 / LogL: -24122.688 / Time: 1h:10m:46s (0h:1m:20s left)
Iteration 2950 / LogL: -24138.796 / Time: 1h:11m:6s (0h:1m:7s left)
Log-likelihood cutoff on original alignment: -24270.102
Iteration 2960 / LogL: -24131.663 / Time: 1h:11m:25s (0h:0m:54s left)
Iteration 2970 / LogL: -24119.302 / Time: 1h:11m:46s (0h:0m:40s left)
Iteration 2980 / LogL: -24125.036 / Time: 1h:12m:7s (0h:0m:27s left)
Iteration 2990 / LogL: -24142.459 / Time: 1h:12m:27s (0h:0m:13s left)
Iteration 3000 / LogL: -24122.897 / Time: 1h:12m:44s (0h:0m:0s left)
Log-likelihood cutoff on original alignment: -24270.102
NOTE: Bootstrap correlation coefficient of split occurrence frequencies: 0.982
NOTE: UFBoot does not converge, continue at least 100 more iterations
Iteration 3010 / LogL: -24119.440 / Time: 1h:13m:4s (0h:2m:2s left)
BETTER TREE FOUND at iteration 3018: -24118.274
Iteration 3020 / LogL: -24132.548 / Time: 1h:13m:21s (0h:2m:13s left)
Iteration 3030 / LogL: -24149.718 / Time: 1h:13m:39s (0h:2m:0s left)
Iteration 3040 / LogL: -24139.839 / Time: 1h:13m:58s (0h:1m:46s left)
Iteration 3050 / LogL: -24120.630 / Time: 1h:14m:16s (0h:1m:33s left)
Log-likelihood cutoff on original alignment: -24270.102
Iteration 3060 / LogL: -24119.548 / Time: 1h:14m:35s (0h:1m:19s left)
Iteration 3070 / LogL: -24118.416 / Time: 1h:14m:53s (0h:1m:5s left)
Iteration 3080 / LogL: -24118.381 / Time: 1h:15m:11s (0h:0m:52s left)
Iteration 3090 / LogL: -24177.550 / Time: 1h:15m:29s (0h:0m:38s left)
Iteration 3100 / LogL: -24118.287 / Time: 1h:15m:49s (0h:0m:24s left)
Log-likelihood cutoff on original alignment: -24270.102
NOTE: Bootstrap correlation coefficient of split occurrence frequencies: 0.983
NOTE: UFBoot does not converge, continue at least 100 more iterations
Iteration 3110 / LogL: -24124.786 / Time: 1h:16m:8s (0h:2m:4s left)
Iteration 3120 / LogL: -24138.814 / Time: 1h:16m:26s (0h:1m:50s left)
Iteration 3130 / LogL: -24136.946 / Time: 1h:16m:46s (0h:1m:36s left)
Iteration 3140 / LogL: -24148.403 / Time: 1h:17m:5s (0h:1m:22s left)
Iteration 3150 / LogL: -24125.318 / Time: 1h:17m:23s (0h:1m:9s left)
Log-likelihood cutoff on original alignment: -24270.102
Iteration 3160 / LogL: -24160.237 / Time: 1h:17m:44s (0h:0m:55s left)
Iteration 3170 / LogL: -24121.738 / Time: 1h:18m:4s (0h:0m:41s left)
Iteration 3180 / LogL: -24131.451 / Time: 1h:18m:23s (0h:0m:27s left)
Iteration 3190 / LogL: -24131.265 / Time: 1h:18m:43s (0h:0m:13s left)
Iteration 3200 / LogL: -24130.011 / Time: 1h:19m:2s (0h:0m:0s left)
Log-likelihood cutoff on original alignment: -24270.102
NOTE: Bootstrap correlation coefficient of split occurrence frequencies: 0.983
NOTE: UFBoot does not converge, continue at least 100 more iterations
Iteration 3210 / LogL: -24123.196 / Time: 1h:19m:22s (0h:2m:5s left)
Iteration 3220 / LogL: -24126.616 / Time: 1h:19m:42s (0h:1m:51s left)
Iteration 3230 / LogL: -24158.861 / Time: 1h:20m:0s (0h:1m:37s left)
Iteration 3240 / LogL: -24140.069 / Time: 1h:20m:20s (0h:1m:24s left)
Iteration 3250 / LogL: -24119.305 / Time: 1h:20m:42s (0h:1m:10s left)
Log-likelihood cutoff on original alignment: -24270.102
Iteration 3260 / LogL: -24133.357 / Time: 1h:21m:3s (0h:0m:56s left)
Iteration 3270 / LogL: -24158.445 / Time: 1h:21m:22s (0h:0m:42s left)
Iteration 3280 / LogL: -24277.111 / Time: 1h:21m:44s (0h:0m:28s left)
Iteration 3290 / LogL: -24188.645 / Time: 1h:22m:5s (0h:0m:14s left)
Iteration 3300 / LogL: -24140.467 / Time: 1h:22m:24s (0h:0m:0s left)
Log-likelihood cutoff on original alignment: -24270.102
NOTE: Bootstrap correlation coefficient of split occurrence frequencies: 0.984
NOTE: UFBoot does not converge, continue at least 100 more iterations
Iteration 3310 / LogL: -24135.640 / Time: 1h:22m:46s (0h:2m:7s left)
Iteration 3320 / LogL: -24118.278 / Time: 1h:23m:5s (0h:1m:53s left)
Iteration 3330 / LogL: -24150.472 / Time: 1h:23m:25s (0h:1m:39s left)
Iteration 3340 / LogL: -24118.289 / Time: 1h:23m:47s (0h:1m:25s left)
Iteration 3350 / LogL: -24133.029 / Time: 1h:24m:11s (0h:1m:11s left)
Log-likelihood cutoff on original alignment: -24270.102
Iteration 3360 / LogL: -24122.689 / Time: 1h:24m:34s (0h:0m:57s left)
Iteration 3370 / LogL: -24128.184 / Time: 1h:24m:55s (0h:0m:42s left)
Iteration 3380 / LogL: -24136.497 / Time: 1h:25m:18s (0h:0m:28s left)
Iteration 3390 / LogL: -24136.850 / Time: 1h:25m:38s (0h:0m:14s left)
Iteration 3400 / LogL: -24170.025 / Time: 1h:25m:58s (0h:0m:0s left)
Log-likelihood cutoff on original alignment: -24270.102
NOTE: Bootstrap correlation coefficient of split occurrence frequencies: 0.984
NOTE: UFBoot does not converge, continue at least 100 more iterations
Iteration 3410 / LogL: -24119.594 / Time: 1h:26m:18s (0h:2m:9s left)
Iteration 3420 / LogL: -24121.737 / Time: 1h:26m:38s (0h:1m:55s left)
Iteration 3430 / LogL: -24135.444 / Time: 1h:26m:59s (0h:1m:40s left)
Iteration 3440 / LogL: -24118.282 / Time: 1h:27m:19s (0h:1m:26s left)
Iteration 3450 / LogL: -24159.923 / Time: 1h:27m:39s (0h:1m:12s left)
Log-likelihood cutoff on original alignment: -24270.102
Iteration 3460 / LogL: -24118.285 / Time: 1h:28m:1s (0h:0m:57s left)
Iteration 3470 / LogL: -24156.095 / Time: 1h:28m:20s (0h:0m:43s left)
Iteration 3480 / LogL: -24122.899 / Time: 1h:28m:42s (0h:0m:28s left)
Estimate model parameters (epsilon = 0.100)
BETTER TREE FOUND at iteration 3482: -24117.058
Iteration 3490 / LogL: -24126.826 / Time: 1h:29m:3s (0h:2m:13s left)
Iteration 3500 / LogL: -24130.006 / Time: 1h:29m:25s (0h:1m:59s left)
Log-likelihood cutoff on original alignment: -24270.102
NOTE: Bootstrap correlation coefficient of split occurrence frequencies: 0.984
NOTE: UFBoot does not converge, continue at least 100 more iterations
Iteration 3510 / LogL: -24125.999 / Time: 1h:29m:49s (0h:2m:10s left)
Iteration 3520 / LogL: -24141.554 / Time: 1h:30m:11s (0h:1m:56s left)
Iteration 3530 / LogL: -24158.891 / Time: 1h:30m:32s (0h:1m:42s left)
Iteration 3540 / LogL: -24121.468 / Time: 1h:30m:53s (0h:1m:27s left)
Iteration 3550 / LogL: -24126.526 / Time: 1h:31m:13s (0h:1m:13s left)
Log-likelihood cutoff on original alignment: -24270.102
Estimate model parameters (epsilon = 0.100)
BETTER TREE FOUND at iteration 3553: -24116.303
Iteration 3560 / LogL: -24121.319 / Time: 1h:31m:34s (0h:2m:16s left)
Iteration 3570 / LogL: -24141.381 / Time: 1h:31m:55s (0h:2m:1s left)
Iteration 3580 / LogL: -24124.521 / Time: 1h:32m:16s (0h:1m:47s left)
Iteration 3590 / LogL: -24124.766 / Time: 1h:32m:37s (0h:1m:32s left)
Iteration 3600 / LogL: -24137.913 / Time: 1h:32m:57s (0h:1m:17s left)
Log-likelihood cutoff on original alignment: -24270.102
NOTE: Bootstrap correlation coefficient of split occurrence frequencies: 0.982
NOTE: UFBoot does not converge, continue at least 100 more iterations
Iteration 3610 / LogL: -24122.035 / Time: 1h:33m:18s (0h:2m:12s left)
Iteration 3620 / LogL: -24117.060 / Time: 1h:33m:39s (0h:1m:57s left)
Iteration 3630 / LogL: -24200.517 / Time: 1h:33m:59s (0h:1m:43s left)
Iteration 3640 / LogL: -24126.584 / Time: 1h:34m:20s (0h:1m:28s left)
Iteration 3650 / LogL: -24116.306 / Time: 1h:34m:41s (0h:1m:13s left)
Log-likelihood cutoff on original alignment: -24270.102
Iteration 3660 / LogL: -24138.091 / Time: 1h:35m:3s (0h:0m:59s left)
Iteration 3670 / LogL: -24124.542 / Time: 1h:35m:23s (0h:0m:44s left)
Iteration 3680 / LogL: -24193.995 / Time: 1h:35m:43s (0h:0m:29s left)
Iteration 3690 / LogL: -24161.295 / Time: 1h:36m:5s (0h:0m:14s left)
Iteration 3700 / LogL: -24128.395 / Time: 1h:36m:25s (0h:0m:0s left)
Log-likelihood cutoff on original alignment: -24270.102
NOTE: Bootstrap correlation coefficient of split occurrence frequencies: 0.978
NOTE: UFBoot does not converge, continue at least 100 more iterations
Iteration 3710 / LogL: -24120.628 / Time: 1h:36m:48s (0h:2m:14s left)
Iteration 3720 / LogL: -24116.313 / Time: 1h:37m:12s (0h:1m:59s left)
Iteration 3730 / LogL: -24122.043 / Time: 1h:37m:36s (0h:1m:44s left)
Iteration 3740 / LogL: -24128.854 / Time: 1h:37m:59s (0h:1m:29s left)
Iteration 3750 / LogL: -24152.022 / Time: 1h:38m:20s (0h:1m:14s left)
Log-likelihood cutoff on original alignment: -24270.102
Iteration 3760 / LogL: -24147.913 / Time: 1h:38m:42s (0h:1m:0s left)
Iteration 3770 / LogL: -24118.575 / Time: 1h:39m:3s (0h:0m:45s left)
Iteration 3780 / LogL: -24135.786 / Time: 1h:39m:25s (0h:0m:30s left)
Iteration 3790 / LogL: -24117.203 / Time: 1h:39m:48s (0h:0m:15s left)
Iteration 3800 / LogL: -24128.448 / Time: 1h:40m:13s (0h:0m:0s left)
Log-likelihood cutoff on original alignment: -24270.102
NOTE: Bootstrap correlation coefficient of split occurrence frequencies: 0.976
NOTE: UFBoot does not converge, continue at least 100 more iterations
Iteration 3810 / LogL: -24116.304 / Time: 1h:40m:37s (0h:2m:15s left)
Iteration 3820 / LogL: -24141.839 / Time: 1h:41m:1s (0h:2m:1s left)
Iteration 3830 / LogL: -24117.159 / Time: 1h:41m:25s (0h:1m:46s left)
Iteration 3840 / LogL: -24125.036 / Time: 1h:41m:50s (0h:1m:31s left)
Iteration 3850 / LogL: -24116.666 / Time: 1h:42m:13s (0h:1m:15s left)
Log-likelihood cutoff on original alignment: -24270.102
Iteration 3860 / LogL: -24117.788 / Time: 1h:42m:36s (0h:1m:0s left)
Iteration 3870 / LogL: -24149.063 / Time: 1h:43m:0s (0h:0m:45s left)
Iteration 3880 / LogL: -24131.805 / Time: 1h:43m:22s (0h:0m:30s left)
Iteration 3890 / LogL: -24225.018 / Time: 1h:43m:44s (0h:0m:15s left)
Iteration 3900 / LogL: -24127.406 / Time: 1h:44m:9s (0h:0m:0s left)
Log-likelihood cutoff on original alignment: -24270.102
NOTE: Bootstrap correlation coefficient of split occurrence frequencies: 0.975
NOTE: UFBoot does not converge, continue at least 100 more iterations
Iteration 3910 / LogL: -24122.597 / Time: 1h:44m:34s (0h:2m:17s left)
Iteration 3920 / LogL: -24151.683 / Time: 1h:44m:58s (0h:2m:2s left)
Iteration 3930 / LogL: -24124.462 / Time: 1h:45m:21s (0h:1m:47s left)
Iteration 3940 / LogL: -24133.682 / Time: 1h:45m:45s (0h:1m:32s left)
BETTER TREE FOUND at iteration 3942: -24116.296
Iteration 3950 / LogL: -24118.608 / Time: 1h:46m:10s (0h:2m:21s left)
Log-likelihood cutoff on original alignment: -24270.102
Iteration 3960 / LogL: -24116.725 / Time: 1h:46m:34s (0h:2m:6s left)
Iteration 3970 / LogL: -24122.725 / Time: 1h:46m:56s (0h:1m:51s left)
Iteration 3980 / LogL: -24117.279 / Time: 1h:47m:21s (0h:1m:35s left)
Iteration 3990 / LogL: -24126.731 / Time: 1h:47m:46s (0h:1m:20s left)
Iteration 4000 / LogL: -24116.798 / Time: 1h:48m:11s (0h:1m:5s left)
Log-likelihood cutoff on original alignment: -24270.102
NOTE: Bootstrap correlation coefficient of split occurrence frequencies: 0.973
NOTE: UFBoot does not converge, continue at least 100 more iterations
Iteration 4010 / LogL: -24117.345 / Time: 1h:48m:34s (0h:2m:19s left)
Iteration 4020 / LogL: -24139.245 / Time: 1h:48m:58s (0h:2m:4s left)
BETTER TREE FOUND at iteration 4022: -24116.294
Iteration 4030 / LogL: -24129.720 / Time: 1h:49m:22s (0h:2m:23s left)
Iteration 4040 / LogL: -24185.474 / Time: 1h:49m:46s (0h:2m:7s left)
Iteration 4050 / LogL: -24139.368 / Time: 1h:50m:10s (0h:1m:52s left)
Log-likelihood cutoff on original alignment: -24270.102
Iteration 4060 / LogL: -24121.342 / Time: 1h:50m:33s (0h:1m:36s left)
Iteration 4070 / LogL: -24143.812 / Time: 1h:50m:57s (0h:1m:21s left)
Iteration 4080 / LogL: -24126.225 / Time: 1h:51m:20s (0h:1m:5s left)
Iteration 4090 / LogL: -24133.792 / Time: 1h:51m:44s (0h:0m:50s left)
Iteration 4100 / LogL: -24123.163 / Time: 1h:52m:8s (0h:0m:34s left)
Log-likelihood cutoff on original alignment: -24270.102
NOTE: Bootstrap correlation coefficient of split occurrence frequencies: 0.972
NOTE: UFBoot does not converge, continue at least 100 more iterations
Iteration 4110 / LogL: -24131.138 / Time: 1h:52m:35s (0h:2m:21s left)
Iteration 4120 / LogL: -24154.630 / Time: 1h:53m:0s (0h:2m:6s left)
Iteration 4130 / LogL: -24161.723 / Time: 1h:53m:25s (0h:1m:50s left)
Iteration 4140 / LogL: -24116.773 / Time: 1h:53m:49s (0h:1m:34s left)
Iteration 4150 / LogL: -24138.790 / Time: 1h:54m:14s (0h:1m:19s left)
Log-likelihood cutoff on original alignment: -24270.102
Iteration 4160 / LogL: -24120.722 / Time: 1h:54m:39s (0h:1m:3s left)
Iteration 4170 / LogL: -24120.581 / Time: 1h:55m:4s (0h:0m:47s left)
Iteration 4180 / LogL: -24122.279 / Time: 1h:55m:30s (0h:0m:31s left)
Iteration 4190 / LogL: -24123.305 / Time: 1h:55m:55s (0h:0m:15s left)
Iteration 4200 / LogL: -24117.880 / Time: 1h:56m:22s (0h:0m:0s left)
Log-likelihood cutoff on original alignment: -24270.102
NOTE: Bootstrap correlation coefficient of split occurrence frequencies: 0.972
NOTE: UFBoot does not converge, continue at least 100 more iterations
Iteration 4210 / LogL: -24116.440 / Time: 1h:56m:48s (0h:2m:23s left)
Iteration 4220 / LogL: -24147.925 / Time: 1h:57m:12s (0h:2m:7s left)
Iteration 4230 / LogL: -24121.847 / Time: 1h:57m:38s (0h:1m:52s left)
Iteration 4240 / LogL: -24132.661 / Time: 1h:58m:4s (0h:1m:36s left)
Iteration 4250 / LogL: -24120.752 / Time: 1h:58m:29s (0h:1m:20s left)
Log-likelihood cutoff on original alignment: -24270.102
Iteration 4260 / LogL: -24134.092 / Time: 1h:58m:51s (0h:1m:4s left)
Iteration 4270 / LogL: -24278.608 / Time: 1h:59m:14s (0h:0m:48s left)
Iteration 4280 / LogL: -24116.305 / Time: 1h:59m:39s (0h:0m:32s left)
BETTER TREE FOUND at iteration 4290: -24116.292
Iteration 4290 / LogL: -24116.292 / Time: 2h:0m:2s (0h:2m:41s left)
Iteration 4300 / LogL: -24566.584 / Time: 2h:0m:27s (0h:2m:25s left)
Log-likelihood cutoff on original alignment: -24270.102
NOTE: Bootstrap correlation coefficient of split occurrence frequencies: 0.971
NOTE: UFBoot does not converge, continue at least 100 more iterations
Iteration 4310 / LogL: -24152.143 / Time: 2h:0m:51s (0h:2m:25s left)
Iteration 4320 / LogL: -24118.720 / Time: 2h:1m:15s (0h:2m:9s left)
Iteration 4330 / LogL: -24122.441 / Time: 2h:1m:38s (0h:1m:53s left)
Iteration 4340 / LogL: -24119.917 / Time: 2h:2m:3s (0h:1m:37s left)
Iteration 4350 / LogL: -24127.755 / Time: 2h:2m:29s (0h:1m:21s left)
Log-likelihood cutoff on original alignment: -24270.102
Iteration 4360 / LogL: -24119.886 / Time: 2h:2m:57s (0h:1m:5s left)
Iteration 4370 / LogL: -24121.714 / Time: 2h:3m:21s (0h:0m:48s left)
Iteration 4380 / LogL: -24124.493 / Time: 2h:3m:47s (0h:0m:32s left)
Iteration 4390 / LogL: -24118.252 / Time: 2h:4m:11s (0h:0m:16s left)
Iteration 4400 / LogL: -24116.300 / Time: 2h:4m:37s (0h:0m:0s left)
Log-likelihood cutoff on original alignment: -24270.102
NOTE: Bootstrap correlation coefficient of split occurrence frequencies: 0.969
NOTE: UFBoot does not converge, continue at least 100 more iterations
Iteration 4410 / LogL: -24138.448 / Time: 2h:5m:5s (0h:2m:27s left)
Iteration 4420 / LogL: -24147.805 / Time: 2h:5m:30s (0h:2m:11s left)
Iteration 4430 / LogL: -24140.037 / Time: 2h:5m:56s (0h:1m:54s left)
Iteration 4440 / LogL: -24144.798 / Time: 2h:6m:22s (0h:1m:38s left)
Iteration 4450 / LogL: -24154.240 / Time: 2h:6m:47s (0h:1m:22s left)
Log-likelihood cutoff on original alignment: -24270.102
Iteration 4460 / LogL: -24142.329 / Time: 2h:7m:15s (0h:1m:5s left)
Iteration 4470 / LogL: -24161.768 / Time: 2h:7m:41s (0h:0m:49s left)
Estimate model parameters (epsilon = 0.100)
BETTER TREE FOUND at iteration 4478: -24115.835
Iteration 4480 / LogL: -24141.420 / Time: 2h:8m:9s (0h:2m:42s left)
BETTER TREE FOUND at iteration 4489: -24115.831
Iteration 4490 / LogL: -24121.330 / Time: 2h:8m:34s (0h:2m:43s left)
Iteration 4500 / LogL: -24164.893 / Time: 2h:9m:0s (0h:2m:27s left)
Log-likelihood cutoff on original alignment: -24270.102
NOTE: Bootstrap correlation coefficient of split occurrence frequencies: 0.968
NOTE: UFBoot does not converge, continue at least 100 more iterations
Iteration 4510 / LogL: -24123.559 / Time: 2h:9m:27s (0h:2m:29s left)
Iteration 4520 / LogL: -24130.269 / Time: 2h:9m:55s (0h:2m:12s left)
Estimate model parameters (epsilon = 0.100)
BETTER TREE FOUND at iteration 4527: -24112.971
Iteration 4530 / LogL: -24112.973 / Time: 2h:10m:23s (0h:2m:41s left)
Iteration 4540 / LogL: -24114.159 / Time: 2h:10m:49s (0h:2m:25s left)
Iteration 4550 / LogL: -24113.207 / Time: 2h:11m:14s (0h:2m:8s left)
Log-likelihood cutoff on original alignment: -24270.102
Iteration 4560 / LogL: -24133.235 / Time: 2h:11m:41s (0h:1m:51s left)
Iteration 4570 / LogL: -24116.384 / Time: 2h:12m:6s (0h:1m:35s left)
BETTER TREE FOUND at iteration 4577: -24112.969
Iteration 4580 / LogL: -24121.067 / Time: 2h:12m:33s (0h:2m:42s left)
Iteration 4590 / LogL: -24112.979 / Time: 2h:13m:0s (0h:2m:25s left)
BETTER TREE FOUND at iteration 4599: -24112.966
Iteration 4600 / LogL: -24119.545 / Time: 2h:13m:27s (0h:2m:46s left)
Log-likelihood cutoff on original alignment: -24270.102
NOTE: Bootstrap correlation coefficient of split occurrence frequencies: 0.969
NOTE: UFBoot does not converge, continue at least 100 more iterations
Iteration 4610 / LogL: -24129.507 / Time: 2h:13m:55s (0h:2m:31s left)
Iteration 4620 / LogL: -24114.558 / Time: 2h:14m:21s (0h:2m:14s left)
Iteration 4630 / LogL: -24139.253 / Time: 2h:14m:48s (0h:1m:58s left)
Iteration 4640 / LogL: -24140.715 / Time: 2h:15m:14s (0h:1m:41s left)
Iteration 4650 / LogL: -24112.977 / Time: 2h:15m:38s (0h:1m:24s left)
Log-likelihood cutoff on original alignment: -24270.102
Iteration 4660 / LogL: -24145.302 / Time: 2h:16m:5s (0h:1m:7s left)
Iteration 4670 / LogL: -24117.243 / Time: 2h:16m:31s (0h:0m:50s left)
Iteration 4680 / LogL: -24117.775 / Time: 2h:16m:57s (0h:0m:33s left)
Iteration 4690 / LogL: -24124.196 / Time: 2h:17m:23s (0h:0m:16s left)
Iteration 4700 / LogL: -24121.880 / Time: 2h:17m:50s (0h:0m:0s left)
Log-likelihood cutoff on original alignment: -24270.102
NOTE: Bootstrap correlation coefficient of split occurrence frequencies: 0.967
NOTE: UFBoot does not converge, continue at least 100 more iterations
Iteration 4710 / LogL: -24144.109 / Time: 2h:18m:18s (0h:2m:33s left)
Iteration 4720 / LogL: -24113.805 / Time: 2h:18m:45s (0h:2m:16s left)
Iteration 4730 / LogL: -24126.723 / Time: 2h:19m:10s (0h:1m:59s left)
Iteration 4740 / LogL: -24125.640 / Time: 2h:19m:36s (0h:1m:42s left)
Iteration 4750 / LogL: -24156.228 / Time: 2h:20m:4s (0h:1m:25s left)
Log-likelihood cutoff on original alignment: -24270.102
Iteration 4760 / LogL: -24139.267 / Time: 2h:20m:29s (0h:1m:8s left)
BETTER TREE FOUND at iteration 4764: -24112.964
Iteration 4770 / LogL: -24122.122 / Time: 2h:20m:55s (0h:2m:41s left)
Iteration 4780 / LogL: -24112.967 / Time: 2h:21m:19s (0h:2m:24s left)
Iteration 4790 / LogL: -24128.409 / Time: 2h:21m:45s (0h:2m:7s left)
Iteration 4800 / LogL: -24137.364 / Time: 2h:22m:13s (0h:1m:50s left)
Log-likelihood cutoff on original alignment: -24270.102
NOTE: Bootstrap correlation coefficient of split occurrence frequencies: 0.964
NOTE: UFBoot does not converge, continue at least 100 more iterations
Iteration 4810 / LogL: -24113.664 / Time: 2h:22m:40s (0h:2m:34s left)
Iteration 4820 / LogL: -24130.287 / Time: 2h:23m:6s (0h:2m:17s left)
Iteration 4830 / LogL: -24142.924 / Time: 2h:23m:31s (0h:2m:0s left)
Iteration 4840 / LogL: -24151.862 / Time: 2h:23m:56s (0h:1m:43s left)
Iteration 4850 / LogL: -24116.554 / Time: 2h:24m:22s (0h:1m:26s left)
Log-likelihood cutoff on original alignment: -24237.871
Iteration 4860 / LogL: -24162.444 / Time: 2h:24m:49s (0h:1m:9s left)
Iteration 4870 / LogL: -24124.069 / Time: 2h:25m:17s (0h:0m:51s left)
BETTER TREE FOUND at iteration 4879: -24112.959
Iteration 4880 / LogL: -24131.302 / Time: 2h:25m:41s (0h:2m:51s left)
Estimate model parameters (epsilon = 0.100)
BETTER TREE FOUND at iteration 4884: -24111.031
Iteration 4890 / LogL: -24113.917 / Time: 2h:26m:7s (0h:2m:43s left)
Iteration 4900 / LogL: -24114.861 / Time: 2h:26m:32s (0h:2m:25s left)
Log-likelihood cutoff on original alignment: -24237.871
NOTE: Bootstrap correlation coefficient of split occurrence frequencies: 0.962
NOTE: UFBoot does not converge, continue at least 100 more iterations
Iteration 4910 / LogL: -24172.685 / Time: 2h:26m:56s (0h:2m:36s left)
Iteration 4920 / LogL: -24112.963 / Time: 2h:27m:21s (0h:2m:19s left)
Iteration 4930 / LogL: -24129.284 / Time: 2h:27m:47s (0h:2m:1s left)
BETTER TREE FOUND at iteration 4933: -24111.030
Iteration 4940 / LogL: -24116.429 / Time: 2h:28m:12s (0h:2m:42s left)
Iteration 4950 / LogL: -24117.998 / Time: 2h:28m:38s (0h:2m:24s left)
Log-likelihood cutoff on original alignment: -24237.871
Iteration 4960 / LogL: -24112.961 / Time: 2h:29m:5s (0h:2m:7s left)
Estimate model parameters (epsilon = 0.100)
BETTER TREE FOUND at iteration 4964: -24109.405
Iteration 4970 / LogL: -24120.961 / Time: 2h:29m:33s (0h:2m:44s left)
Iteration 4980 / LogL: -24117.893 / Time: 2h:30m:1s (0h:2m:27s left)
Iteration 4990 / LogL: -24118.670 / Time: 2h:30m:30s (0h:2m:9s left)
BETTER TREE FOUND at iteration 4998: -24109.402
Iteration 5000 / LogL: -24113.002 / Time: 2h:30m:58s (0h:2m:52s left)
Log-likelihood cutoff on original alignment: -24237.871
NOTE: Bootstrap correlation coefficient of split occurrence frequencies: 0.961
NOTE: UFBoot does not converge, continue at least 100 more iterations
WARNING: bootstrap analysis did not converge. You should rerun with higher number of iterations (-nm option)
TREE SEARCH COMPLETED AFTER 5001 ITERATIONS / Time: 2h:31m:4s

--------------------------------------------------------------------
|                    FINALIZING TREE SEARCH                        |
--------------------------------------------------------------------
Performs final model parameters optimization
Estimate model parameters (epsilon = 0.010)
1. Initial log-likelihood: -24109.402
Optimal log-likelihood: -24109.401
Rate parameters:  A-C: 1.45089  A-G: 2.55982  A-T: 1.20238  C-G: 2.57320  C-T: 2.55982  G-T: 1.00000
Base frequencies:  A: 0.135  C: 0.382  G: 0.342  T: 0.142
Proportion of invariable sites: 0.610
Site proportion and rates:  (0.213,0.779) (0.137,3.348) (0.041,9.238)
Parameters optimization took 1 rounds (0.180 sec)
BEST SCORE FOUND : -24109.401

Testing tree branches by SH-like aLRT with 1000 replicates...
2.494 sec.
Creating bootstrap support values...
Split supports printed to NEXUS file /mnt/dv/wid/projects6/SolisLemus-Intbio-raw/processed-data/symbiosis_sorted_v2_consensus_sequences_50percent/gene_trees/nifJ/03_tree_strict_nm5000/nifJ_consensus50_strict_single_dominant_nm5000.splits.nex
Total tree length: 1.411

Total number of iterations: 5001
CPU time used for tree search: 23054.794 sec (6h:24m:14s)
Wall-clock time used for tree search: 8780.133 sec (2h:26m:20s)
Total CPU time used: 23958.639 sec (6h:39m:18s)
Total wall-clock time used: 9069.351 sec (2h:31m:9s)

Computing bootstrap consensus tree...
Reading input file /mnt/dv/wid/projects6/SolisLemus-Intbio-raw/processed-data/symbiosis_sorted_v2_consensus_sequences_50percent/gene_trees/nifJ/03_tree_strict_nm5000/nifJ_consensus50_strict_single_dominant_nm5000.splits.nex...
181 taxa and 6996 splits.
Consensus tree written to /mnt/dv/wid/projects6/SolisLemus-Intbio-raw/processed-data/symbiosis_sorted_v2_consensus_sequences_50percent/gene_trees/nifJ/03_tree_strict_nm5000/nifJ_consensus50_strict_single_dominant_nm5000.contree
Reading input trees file /mnt/dv/wid/projects6/SolisLemus-Intbio-raw/processed-data/symbiosis_sorted_v2_consensus_sequences_50percent/gene_trees/nifJ/03_tree_strict_nm5000/nifJ_consensus50_strict_single_dominant_nm5000.contree
Log-likelihood of consensus tree: -24116.659

Analysis results written to: 
  IQ-TREE report:                /mnt/dv/wid/projects6/SolisLemus-Intbio-raw/processed-data/symbiosis_sorted_v2_consensus_sequences_50percent/gene_trees/nifJ/03_tree_strict_nm5000/nifJ_consensus50_strict_single_dominant_nm5000.iqtree
  Maximum-likelihood tree:       /mnt/dv/wid/projects6/SolisLemus-Intbio-raw/processed-data/symbiosis_sorted_v2_consensus_sequences_50percent/gene_trees/nifJ/03_tree_strict_nm5000/nifJ_consensus50_strict_single_dominant_nm5000.treefile
  Likelihood distances:          /mnt/dv/wid/projects6/SolisLemus-Intbio-raw/processed-data/symbiosis_sorted_v2_consensus_sequences_50percent/gene_trees/nifJ/03_tree_strict_nm5000/nifJ_consensus50_strict_single_dominant_nm5000.mldist

Ultrafast bootstrap approximation results written to:
  Split support values:          /mnt/dv/wid/projects6/SolisLemus-Intbio-raw/processed-data/symbiosis_sorted_v2_consensus_sequences_50percent/gene_trees/nifJ/03_tree_strict_nm5000/nifJ_consensus50_strict_single_dominant_nm5000.splits.nex
  Consensus tree:                /mnt/dv/wid/projects6/SolisLemus-Intbio-raw/processed-data/symbiosis_sorted_v2_consensus_sequences_50percent/gene_trees/nifJ/03_tree_strict_nm5000/nifJ_consensus50_strict_single_dominant_nm5000.contree
  Screen log file:               /mnt/dv/wid/projects6/SolisLemus-Intbio-raw/processed-data/symbiosis_sorted_v2_consensus_sequences_50percent/gene_trees/nifJ/03_tree_strict_nm5000/nifJ_consensus50_strict_single_dominant_nm5000.log

Date and Time: Thu Jul 30 23:46:53 2026
