IQ-TREE version 3.1.1 for Linux x86 64-bit built Apr  8 2026
Developed by Bui Quang Minh, Thomas Wong, Nhan Ly-Trong, Huaiyan Ren
Contributed by Lam-Tung Nguyen, Dominik Schrempf, Chris Bielow,
Olga Chernomor, Michael Woodhams, Diep Thi Hoang, Heiko Schmidt

Host:    solislemus-001.discovery.wisc.edu (AVX512, FMA3, 1007 GB RAM)
Command: iqtree -s /mnt/dv/wid/projects6/SolisLemus-Intbio-raw/processed-data/symbiosis_sorted_v2_consensus_sequences_50percent/nifH_consensus_mafft_v2/nifH_consensus50_strict_single_dominant.mafft.fasta -st DNA -m GTR+F+R7 -B 1000 -alrt 1000 -nm 5000 -T AUTO --prefix /mnt/dv/wid/projects6/SolisLemus-Intbio-raw/processed-data/symbiosis_sorted_v2_consensus_sequences_50percent/nifH_consensus_iqtree_v2/nifH_consensus50_strict_single_dominant_nm5000
Seed:    680141 (Using SPRNG - Scalable Parallel Random Number Generator)
Time:    Mon Jul 13 16:44:21 2026
Kernel:  AVX+FMA - auto-detect threads (72 CPU cores detected)

Reading alignment file /mnt/dv/wid/projects6/SolisLemus-Intbio-raw/processed-data/symbiosis_sorted_v2_consensus_sequences_50percent/nifH_consensus_mafft_v2/nifH_consensus50_strict_single_dominant.mafft.fasta ... Fasta format detected
Reading fasta file: done in 0.0255437 secs using 16% CPU
Constructing alignment: done in 0.00805697 secs using 3512% CPU
WARNING: 135 sites contain only gaps or ambiguous characters.
Alignment has 387 sequences with 997 columns, 536 distinct patterns
373 parsimony-informative, 32 singleton sites, 592 constant sites
                                                           Gap/Ambiguity  Composition  p-value
Analyzing sequences: done in 0.00434172 secs using 4238% CPU
   1  CLBJ-14-1-No|nifH|consensus50|strict_single_dominant        16.45%    passed     67.27%
   2  CLBJ-16-2-No|nifH|consensus50|strict_single_dominant        16.55%    passed     20.81%
   3  CLBJ-17-1-Rh|nifH|consensus50|strict_single_dominant        19.46%    passed     98.07%
   4  CLBJ-19-1-Rh|nifH|consensus50|strict_single_dominant        18.76%    passed      7.37%
   5  CLBJ-20-1-No|nifH|consensus50|strict_single_dominant        16.75%    passed     19.31%
   6  CLBJ-23-1-No|nifH|consensus50|strict_single_dominant        17.05%    passed     66.06%
   7  CLBJ-26-1-No|nifH|consensus50|strict_single_dominant        16.45%    passed     92.36%
   8  CLBJ-27-1-No|nifH|consensus50|strict_single_dominant        16.35%    passed     93.11%
   9  CLBJ-28-3-Rh|nifH|consensus50|strict_single_dominant        16.35%    passed     67.84%
  10  CLBJ-30-1-No|nifH|consensus50|strict_single_dominant        19.36%    passed     40.83%
  11  CLBJ-3-1-Rh|nifH|consensus50|strict_single_dominant         17.05%    passed     53.14%
  12  CLBJ-32-1-Rh|nifH|consensus50|strict_single_dominant        16.35%    passed     66.62%
  13  CLBJ-34-1-No|nifH|consensus50|strict_single_dominant        16.45%    passed     78.74%
  14  CLBJ-36-1-No|nifH|consensus50|strict_single_dominant        19.96%    passed     67.26%
  15  CLBJ-39-1-No|nifH|consensus50|strict_single_dominant        16.55%    passed     68.31%
  16  CLBJ-4-1-No|nifH|consensus50|strict_single_dominant         17.35%    passed     92.73%
  17  CLBJ-4-1-Ro|nifH|consensus50|strict_single_dominant         19.96%    passed     85.38%
  18  CLBJ-42-1-No|nifH|consensus50|strict_single_dominant        16.55%    passed     54.76%
  19  CLBJ-43-2-No|nifH|consensus50|strict_single_dominant        16.55%    passed     34.51%
  20  CLBJ-5-2-No|nifH|consensus50|strict_single_dominant         17.35%    passed     61.70%
  21  CLBJ-7-1-No|nifH|consensus50|strict_single_dominant         16.65%    passed     91.87%
  22  CPER-1-No|nifH|consensus50|strict_single_dominant           16.45%    passed     93.86%
  23  CPER-3-1-No|nifH|consensus50|strict_single_dominant         16.55%    passed     55.01%
  24  CPER-3-1-Rh|nifH|consensus50|strict_single_dominant         17.15%    passed     55.10%
  25  CPER-4-No|nifH|consensus50|strict_single_dominant           16.55%    passed     63.95%
  26  CPER-5-1-No|nifH|consensus50|strict_single_dominant         16.45%    passed     53.04%
  27  CPER-5-1-Rh|nifH|consensus50|strict_single_dominant         16.55%    passed     64.39%
  28  DCFS-2-2-No|nifH|consensus50|strict_single_dominant         17.65%    passed     58.40%
  29  DCFS-2-2-Rh|nifH|consensus50|strict_single_dominant         18.05%    passed     90.79%
  30  DCFS-2-2-Ro|nifH|consensus50|strict_single_dominant         17.65%    passed     97.78%
  31  DCFS-8-1-No|nifH|consensus50|strict_single_dominant         16.65%    passed     53.53%
  32  DEJU-1-1-No|nifH|consensus50|strict_single_dominant         16.95%    passed     97.50%
  33  DEJU-3-1-No|nifH|consensus50|strict_single_dominant         18.96%    passed     94.72%
  34  DEJU-37-No|nifH|consensus50|strict_single_dominant          18.76%    passed     83.83%
  35  DEJU-39-No|nifH|consensus50|strict_single_dominant          17.45%    passed     90.35%
  36  DEJU-40-No|nifH|consensus50|strict_single_dominant          17.75%    passed     85.30%
  37  DEJU-42-No|nifH|consensus50|strict_single_dominant          16.55%    passed     99.92%
  38  DEJU-43-No|nifH|consensus50|strict_single_dominant          19.96%    passed     99.64%
  39  DEJU-46-Ro|nifH|consensus50|strict_single_dominant          16.95%    passed     91.58%
  40  DEJU-54-No|nifH|consensus50|strict_single_dominant          18.25%    passed     97.95%
  41  DEJU-58-Rh|nifH|consensus50|strict_single_dominant          19.26%    passed     91.23%
  42  DEJU-60-Rh|nifH|consensus50|strict_single_dominant          19.26%    passed     93.92%
  43  DEJU-62-1-No|nifH|consensus50|strict_single_dominant        16.45%    passed     97.41%
  44  DEJU-8-1-Rh|nifH|consensus50|strict_single_dominant         19.46%    passed     73.24%
  45  DELA-12-2-Rh|nifH|consensus50|strict_single_dominant        19.36%    passed     87.95%
  46  DELA-1-3-No|nifH|consensus50|strict_single_dominant         16.55%    passed     65.31%
  47  DELA-1-3-Rh|nifH|consensus50|strict_single_dominant         16.35%    passed     65.60%
  48  DELA-21-1-No|nifH|consensus50|strict_single_dominant        18.36%    passed     53.10%
  49  DELA-2-2-No|nifH|consensus50|strict_single_dominant         19.76%    passed     70.69%
  50  DELA-26-3-Ro|nifH|consensus50|strict_single_dominant        16.85%    passed     78.09%
  51  DELA-27-3-No|nifH|consensus50|strict_single_dominant        16.55%    passed     74.18%
  52  DELA-28-No|nifH|consensus50|strict_single_dominant          15.55%    passed     64.26%
  53  DELA-32-1-No|nifH|consensus50|strict_single_dominant        16.55%    passed     78.40%
  54  DELA-4-1-No|nifH|consensus50|strict_single_dominant         18.76%    passed     23.88%
  55  DELA-6-3-No|nifH|consensus50|strict_single_dominant         19.36%    passed     74.22%
  56  DELA-7-3-No|nifH|consensus50|strict_single_dominant         16.45%    passed     65.60%
  57  DELA-8-2-Rh|nifH|consensus50|strict_single_dominant         19.96%    passed     53.23%
  58  DELA-9-1-No|nifH|consensus50|strict_single_dominant         18.05%    passed     77.33%
  59  DSNY-101-1-No|nifH|consensus50|strict_single_dominant       19.86%    passed     23.63%
  60  DSNY-10-3-No|nifH|consensus50|strict_single_dominant        17.75%    passed     92.14%
  61  DSNY-10-3-Rh|nifH|consensus50|strict_single_dominant        19.46%    passed     94.79%
  62  DSNY-15-1-Rh|nifH|consensus50|strict_single_dominant        17.05%    passed     86.32%
  63  DSNY-2-1-Rh|nifH|consensus50|strict_single_dominant         16.65%    passed     85.62%
  64  DSNY-28-1-Ro|nifH|consensus50|strict_single_dominant        16.65%    passed     65.68%
  65  DSNY-30-1-No|nifH|consensus50|strict_single_dominant        16.45%    passed     68.01%
  66  DSNY-31-1-No|nifH|consensus50|strict_single_dominant        16.25%    passed     77.35%
  67  DSNY-44-1-No|nifH|consensus50|strict_single_dominant        17.05%    passed     50.21%
  68  DSNY-57-1-Rh|nifH|consensus50|strict_single_dominant        16.25%    passed     40.01%
  69  DSNY-57-No|nifH|consensus50|strict_single_dominant          17.65%    passed     59.70%
  70  DSNY-61-4-Rh|nifH|consensus50|strict_single_dominant        16.45%    passed     57.49%
  71  DSNY-66-1-No|nifH|consensus50|strict_single_dominant        16.25%    passed     66.57%
  72  DSNY-83-1-Rh|nifH|consensus50|strict_single_dominant        16.45%    passed     67.81%
  73  DSNY-83-2-Rh|nifH|consensus50|strict_single_dominant        18.86%    passed     73.54%
  74  DSNY-88-1-Rh|nifH|consensus50|strict_single_dominant        19.36%    passed     89.07%
  75  DSNY-90-No|nifH|consensus50|strict_single_dominant          19.56%    passed     65.73%
  76  DSNY-90-Rh|nifH|consensus50|strict_single_dominant          19.96%    passed     85.21%
  77  DSNY-92-1-Ro|nifH|consensus50|strict_single_dominant        19.36%    passed     87.69%
  78  DSNY-CLFR-60-Rh|nifH|consensus50|strict_single_dominant     18.66%    passed     97.21%
  79  DSNY-CRMA-35-1-No|nifH|consensus50|strict_single_dominant   16.25%    passed     64.39%
  80  DSNY-GARE-35-1-Rh|nifH|consensus50|strict_single_dominant   16.35%    passed     72.08%
  81  DSNY-SEHE-60-No|nifH|consensus50|strict_single_dominant     15.65%    passed     60.60%
  82  GRSM-4-2-Ro|nifH|consensus50|strict_single_dominant         19.56%    passed     97.79%
  83  GUAN-2-Rh|nifH|consensus50|strict_single_dominant           16.75%    passed     63.82%
  84  GUAN-3-No|nifH|consensus50|strict_single_dominant           18.66%    passed     79.86%
  85  GUAN-4-No|nifH|consensus50|strict_single_dominant           17.35%    passed     98.81%
  86  GUAN-5-No|nifH|consensus50|strict_single_dominant           16.45%    passed     91.65%
  87  GUAN-5-Rh|nifH|consensus50|strict_single_dominant           16.45%    passed     27.47%
  88  GUAN-7-1-Ro|nifH|consensus50|strict_single_dominant         19.66%    passed     62.77%
  89  GUAN-8-No|nifH|consensus50|strict_single_dominant           16.65%    passed     97.72%
  90  HARV-1-1-No|nifH|consensus50|strict_single_dominant         17.05%    passed     71.51%
  91  HARV-4-1-No|nifH|consensus50|strict_single_dominant         16.75%    passed     79.75%
  92  HEAL-2-1-Rh|nifH|consensus50|strict_single_dominant         19.36%    passed     86.26%
  93  JERC-10-3-No|nifH|consensus50|strict_single_dominant        19.36%    passed     24.57%
  94  JERC-11-1-Rh|nifH|consensus50|strict_single_dominant        16.65%    passed     49.80%
  95  JERC-122-Rh|nifH|consensus50|strict_single_dominant         19.66%    passed     45.76%
  96  JERC-126-4-No|nifH|consensus50|strict_single_dominant       16.25%    passed     73.42%
  97  JERC-127-2-No|nifH|consensus50|strict_single_dominant       16.25%    passed     68.54%
  98  JERC-127-2-Ro|nifH|consensus50|strict_single_dominant       16.45%    passed     92.41%
  99  JERC-1-2-No|nifH|consensus50|strict_single_dominant         16.15%    passed     77.04%
 100  JERC-131-No|nifH|consensus50|strict_single_dominant         16.55%    passed     87.72%
 101  JERC-132-3-Rh|nifH|consensus50|strict_single_dominant       16.75%    passed     74.28%
 102  JERC-135-3-No|nifH|consensus50|strict_single_dominant       18.96%    passed     52.80%
 103  JERC-135-3-Rh|nifH|consensus50|strict_single_dominant       16.45%    passed     76.76%
 104  JERC-145-1-Rh|nifH|consensus50|strict_single_dominant       16.35%    passed     62.62%
 105  JERC-14-5-Ro|nifH|consensus50|strict_single_dominant        19.16%    passed     52.27%
 106  JERC-148-Ro|nifH|consensus50|strict_single_dominant         16.55%    passed     57.33%
 107  JERC-155-No|nifH|consensus50|strict_single_dominant         16.25%    passed     69.85%
 108  JERC-155-Rh|nifH|consensus50|strict_single_dominant         16.45%    passed     56.79%
 109  JERC-157-2-No|nifH|consensus50|strict_single_dominant       18.05%    passed     56.89%
 110  JERC-160-Rh|nifH|consensus50|strict_single_dominant         18.25%    passed     84.36%
 111  JERC-160-Ro|nifH|consensus50|strict_single_dominant         16.35%    passed     97.25%
 112  JERC-161-Rh|nifH|consensus50|strict_single_dominant         18.66%    passed     85.82%
 113  JERC-16-2-Ro|nifH|consensus50|strict_single_dominant        16.85%    passed     73.07%
 114  JERC-169-Rh|nifH|consensus50|strict_single_dominant         16.55%    passed     68.98%
 115  JERC-170-No|nifH|consensus50|strict_single_dominant         19.96%    passed     62.18%
 116  JERC-170-Rh|nifH|consensus50|strict_single_dominant         19.36%    passed     68.88%
 117  JERC-172-2-Rh|nifH|consensus50|strict_single_dominant       16.45%    passed     58.56%
 118  JERC-172-2-Ro|nifH|consensus50|strict_single_dominant       18.05%    passed     57.50%
 119  JERC-177-Ro|nifH|consensus50|strict_single_dominant         16.45%    passed     69.20%
 120  JERC-180-5-No|nifH|consensus50|strict_single_dominant       18.96%    passed     62.07%
 121  JERC-197-1-No|nifH|consensus50|strict_single_dominant       16.35%    passed     82.44%
 122  JERC-198-No|nifH|consensus50|strict_single_dominant         16.85%    passed     70.45%
 123  JERC-201-1-No|nifH|consensus50|strict_single_dominant       19.06%    passed     40.14%
 124  JERC-203-1-No|nifH|consensus50|strict_single_dominant       16.75%    passed     64.84%
 125  JERC-203-1-Rh|nifH|consensus50|strict_single_dominant       17.35%    passed     53.79%
 126  JERC-204-1-No|nifH|consensus50|strict_single_dominant       16.25%    passed     84.52%
 127  JERC-2-1-No|nifH|consensus50|strict_single_dominant         16.95%    passed     37.64%
 128  JERC-23-1-Ro|nifH|consensus50|strict_single_dominant        16.75%    passed     87.42%
 129  JERC-34-4-No|nifH|consensus50|strict_single_dominant        17.05%    passed     54.96%
 130  JERC-37-2-No|nifH|consensus50|strict_single_dominant        16.85%    passed     69.13%
 131  JERC-37-2-Ro|nifH|consensus50|strict_single_dominant        16.45%    passed     54.97%
 132  JERC-39-5-No|nifH|consensus50|strict_single_dominant        18.86%    passed     81.66%
 133  JERC-4-1-No|nifH|consensus50|strict_single_dominant         16.65%    passed     16.14%
 134  JERC-43-1-No|nifH|consensus50|strict_single_dominant        16.45%    passed     50.73%
 135  JERC-45-5-No|nifH|consensus50|strict_single_dominant        19.76%    passed     65.87%
 136  JERC-48-3-No|nifH|consensus50|strict_single_dominant        16.35%    passed     36.77%
 137  JERC-49-2-Ro|nifH|consensus50|strict_single_dominant        18.25%    passed     57.80%
 138  JERC-50-5-No|nifH|consensus50|strict_single_dominant        16.05%    passed     47.15%
 139  JERC-6-3-No|nifH|consensus50|strict_single_dominant         17.65%    passed     50.45%
 140  JERC-8-2-No|nifH|consensus50|strict_single_dominant         18.86%    passed     60.11%
 141  JERC-88-1-Rh|nifH|consensus50|strict_single_dominant        16.65%    passed     95.12%
 142  JERC-89-1-Ro|nifH|consensus50|strict_single_dominant        19.56%    passed     55.27%
 143  JERC-91-1-Rh|nifH|consensus50|strict_single_dominant        18.66%    passed     77.14%
 144  JERC-94-1-No|nifH|consensus50|strict_single_dominant        16.45%    passed     94.46%
 145  JERC-96-2-No|nifH|consensus50|strict_single_dominant        16.55%    passed     26.95%
 146  JERC-98-1-Rh|nifH|consensus50|strict_single_dominant        18.36%    passed     63.34%
 147  JERC-98-3-No|nifH|consensus50|strict_single_dominant        16.85%    passed     65.84%
 148  JERC-99-1-Rh|nifH|consensus50|strict_single_dominant        18.96%    passed     67.14%
 149  JERC-99-1-Ro|nifH|consensus50|strict_single_dominant        16.55%    passed     54.19%
 150  JERC-99-3-No|nifH|consensus50|strict_single_dominant        17.85%    passed     61.73%
 151  JERC-AMFR-56-1-No|nifH|consensus50|strict_single_dominant   16.35%    passed     78.67%
 152  JERC-AMFU-71-1-No|nifH|consensus50|strict_single_dominant   16.25%    passed     78.10%
 153  JERC-CEVI-57-2-No|nifH|consensus50|strict_single_dominant   16.45%    passed     57.26%
 154  JERC-CHNI-60-3-No|nifH|consensus50|strict_single_dominant   16.65%    passed     49.32%
 155  JERC-CLMA-73-2-Rh|nifH|consensus50|strict_single_dominant   19.46%    passed     71.56%
 156  JERC-CLMA-73-2-Ro|nifH|consensus50|strict_single_dominant   17.75%    passed     67.58%
 157  JERC-CRJU-86-1-No|nifH|consensus50|strict_single_dominant   16.85%    passed     66.13%
 158  JERC-CRJU-86-1-Ro|nifH|consensus50|strict_single_dominant   18.76%    passed     95.85%
 159  JERC-DEFL-31-5-No|nifH|consensus50|strict_single_dominant   16.55%    passed     63.24%
 160  JERC-DEFL-75-3-No|nifH|consensus50|strict_single_dominant   19.66%    passed     43.83%
 161  JERC-RHDI-59-3-No|nifH|consensus50|strict_single_dominant   18.46%    passed     42.71%
 162  JORN-1-No|nifH|consensus50|strict_single_dominant           16.75%    passed     68.34%
 163  KONA-1-1-No|nifH|consensus50|strict_single_dominant         16.85%    passed     69.91%
 164  KONZ-11-1-Rh|nifH|consensus50|strict_single_dominant        16.35%    passed     65.26%
 165  KONZ-12-1-No|nifH|consensus50|strict_single_dominant        16.55%    passed     94.59%
 166  KONZ-2-1-No|nifH|consensus50|strict_single_dominant         16.85%    passed     88.54%
 167  KONZ-6-1-No|nifH|consensus50|strict_single_dominant         16.55%    passed     97.36%
 168  KONZ-6-1-Rh|nifH|consensus50|strict_single_dominant         16.05%    passed     63.12%
 169  KONZ-9-2-No|nifH|consensus50|strict_single_dominant         16.45%    passed     98.95%
 170  LAJA-1-1-No|nifH|consensus50|strict_single_dominant         15.45%    passed     87.96%
 171  LAJA-15-1-No|nifH|consensus50|strict_single_dominant        17.45%    passed     50.32%
 172  LAJA-16-2-Rh|nifH|consensus50|strict_single_dominant        17.55%    passed     99.31%
 173  LAJA-2-1-Ro|nifH|consensus50|strict_single_dominant         17.95%    passed     68.20%
 174  LAJA-22-2-No|nifH|consensus50|strict_single_dominant        16.95%    passed     98.24%
 175  LAJA-3-1-No|nifH|consensus50|strict_single_dominant         16.45%    passed     97.13%
 176  LAJA-4-1-Rh|nifH|consensus50|strict_single_dominant         18.86%    passed     85.22%
 177  LAJA-6-1-Rh|nifH|consensus50|strict_single_dominant         15.45%    passed     89.63%
 178  LENO-10-2-No|nifH|consensus50|strict_single_dominant        16.85%    passed     79.45%
 179  LENO-10-2-Ro|nifH|consensus50|strict_single_dominant        16.55%    passed     76.12%
 180  LENO-1-1-No|nifH|consensus50|strict_single_dominant         19.96%    passed     93.83%
 181  LENO-1-1-Rh|nifH|consensus50|strict_single_dominant         18.66%    passed     72.40%
 182  LENO-13-2-No|nifH|consensus50|strict_single_dominant        16.45%    passed     83.94%
 183  LENO-2-1-Ro|nifH|consensus50|strict_single_dominant         18.66%    passed     63.88%
 184  LENO-4-3-No|nifH|consensus50|strict_single_dominant         19.46%    passed     65.67%
 185  LENO-5-2-No|nifH|consensus50|strict_single_dominant         16.55%    passed     79.22%
 186  LENO-6-1-No|nifH|consensus50|strict_single_dominant         16.85%    passed     42.03%
 187  LENO-7-2-No|nifH|consensus50|strict_single_dominant         16.15%    passed     90.97%
 188  LENO-8-3-No|nifH|consensus50|strict_single_dominant         19.56%    passed     64.61%
 189  LENO-9-2-No|nifH|consensus50|strict_single_dominant         16.55%    passed     79.90%
 190  LENO-9-2-Rh|nifH|consensus50|strict_single_dominant         16.85%    passed     76.07%
 191  MLBS-1-1-No|nifH|consensus50|strict_single_dominant         17.05%    passed     62.52%
 192  N35-4-D-No|nifH|consensus50|strict_single_dominant          14.94%    passed     67.54%
 193  N35-4-D-Ro|nifH|consensus50|strict_single_dominant          18.86%    passed     67.54%
 194  N38-2-D-No|nifH|consensus50|strict_single_dominant          19.86%    passed     63.60%
 195  N38-2-D-Rh|nifH|consensus50|strict_single_dominant          18.05%    passed     73.91%
 196  N38-2-D-Ro|nifH|consensus50|strict_single_dominant          16.25%    passed     34.47%
 197  N39-2-D-No|nifH|consensus50|strict_single_dominant          19.06%    passed     99.58%
 198  NIWO-1-No|nifH|consensus50|strict_single_dominant           17.15%    passed     70.13%
 199  NOGP-1-1-No|nifH|consensus50|strict_single_dominant         17.05%    passed     52.65%
 200  NOGP-2-1-No|nifH|consensus50|strict_single_dominant         16.55%    passed     67.43%
 201  NOGP-2-1-Ro|nifH|consensus50|strict_single_dominant         18.15%    passed     37.80%
 202  NOGP-3-2-No|nifH|consensus50|strict_single_dominant         16.55%    passed     51.45%
 203  NOGP-3-2-Ro|nifH|consensus50|strict_single_dominant         16.75%    passed     58.63%
 204  NOGP-4-1-Ro|nifH|consensus50|strict_single_dominant         17.45%    passed     47.18%
 205  NOGP-5-2-Ro|nifH|consensus50|strict_single_dominant         16.45%    passed     40.54%
 206  NOGP-6-3-Ro|nifH|consensus50|strict_single_dominant         16.85%    passed     59.09%
 207  OAES-10-1-No|nifH|consensus50|strict_single_dominant        16.55%    passed     76.25%
 208  OAES-10-1-Ro|nifH|consensus50|strict_single_dominant        17.75%    passed     69.61%
 209  OAES-11-1-No|nifH|consensus50|strict_single_dominant        17.05%    passed     72.87%
 210  OAES-1-1-No|nifH|consensus50|strict_single_dominant         16.95%    passed     54.54%
 211  OAES-12-2-No|nifH|consensus50|strict_single_dominant        16.65%    passed     74.17%
 212  OAES-12-2-Ro|nifH|consensus50|strict_single_dominant        17.05%    passed     66.71%
 213  OAES-14-1-No|nifH|consensus50|strict_single_dominant        17.65%    passed     44.31%
 214  OAES-15-No|nifH|consensus50|strict_single_dominant          16.25%    passed     84.51%
 215  OAES-15-Rh|nifH|consensus50|strict_single_dominant          19.76%    passed     90.25%
 216  OAES-15-Ro|nifH|consensus50|strict_single_dominant          16.35%    passed     82.42%
 217  OAES-16-1-No|nifH|consensus50|strict_single_dominant        16.45%    passed     54.25%
 218  OAES-16-1-Rh|nifH|consensus50|strict_single_dominant        17.15%    passed     61.61%
 219  OAES-16-1-Ro|nifH|consensus50|strict_single_dominant        17.25%    passed     78.55%
 220  OAES-17-No|nifH|consensus50|strict_single_dominant          17.45%    passed     66.14%
 221  OAES-17-Ro|nifH|consensus50|strict_single_dominant          19.46%    passed     61.67%
 222  OAES-20-Rh|nifH|consensus50|strict_single_dominant          19.46%    passed     74.04%
 223  OAES-21-3-No|nifH|consensus50|strict_single_dominant        16.75%    passed     87.59%
 224  OAES-21-3-Rh|nifH|consensus50|strict_single_dominant        19.66%    passed     85.78%
 225  OAES-2-1-No|nifH|consensus50|strict_single_dominant         17.25%    passed     56.43%
 226  OAES-2-1-Ro|nifH|consensus50|strict_single_dominant         17.45%    passed     69.13%
 227  OAES-22-1-No|nifH|consensus50|strict_single_dominant        17.55%    passed     51.90%
 228  OAES-23-1-No|nifH|consensus50|strict_single_dominant        16.85%    passed     70.48%
 229  OAES-23-1-Ro|nifH|consensus50|strict_single_dominant        17.35%    passed     72.67%
 230  OAES-25-1-No|nifH|consensus50|strict_single_dominant        16.75%    passed     61.93%
 231  OAES-26-1-No|nifH|consensus50|strict_single_dominant        17.05%    passed     96.52%
 232  OAES-26-1-Ro|nifH|consensus50|strict_single_dominant        19.46%    passed     83.60%
 233  OAES-27-2-No|nifH|consensus50|strict_single_dominant        16.65%    passed     75.34%
 234  OAES-28-1-No|nifH|consensus50|strict_single_dominant        16.55%    passed     73.10%
 235  OAES-29-1-No|nifH|consensus50|strict_single_dominant        19.96%    passed     60.82%
 236  OAES-29-1-Ro|nifH|consensus50|strict_single_dominant        18.96%    passed     61.53%
 237  OAES-30-2-No|nifH|consensus50|strict_single_dominant        17.75%    passed     71.33%
 238  OAES-3-1-No|nifH|consensus50|strict_single_dominant         16.75%    passed     81.19%
 239  OAES-32-1-No|nifH|consensus50|strict_single_dominant        16.55%    passed     76.06%
 240  OAES-33-1-No|nifH|consensus50|strict_single_dominant        19.66%    passed     53.45%
 241  OAES-34-1-No|nifH|consensus50|strict_single_dominant        16.65%    passed     55.49%
 242  OAES-35-1-Rh|nifH|consensus50|strict_single_dominant        18.46%    passed     63.11%
 243  OAES-35-3-No|nifH|consensus50|strict_single_dominant        16.65%    passed     75.43%
 244  OAES-35-3-Rh|nifH|consensus50|strict_single_dominant        19.56%    passed     81.22%
 245  OAES-36-2-No|nifH|consensus50|strict_single_dominant        16.45%    passed     58.73%
 246  OAES-36-3-No|nifH|consensus50|strict_single_dominant        16.45%    passed     66.10%
 247  OAES-37-2-Rh|nifH|consensus50|strict_single_dominant        17.95%    passed     81.59%
 248  OAES-4-1-No|nifH|consensus50|strict_single_dominant         16.65%    passed     55.13%
 249  OAES-4-1-Ro|nifH|consensus50|strict_single_dominant         17.45%    passed     45.46%
 250  OAES-5-Rh|nifH|consensus50|strict_single_dominant           16.55%    passed     87.94%
 251  OAES-6-1-Ro|nifH|consensus50|strict_single_dominant         19.86%    passed     75.06%
 252  OAES-7-1-No|nifH|consensus50|strict_single_dominant         16.85%    passed     50.28%
 253  OAES-7-1-Rh|nifH|consensus50|strict_single_dominant         19.96%    passed     52.64%
 254  OAES-7-1-Ro|nifH|consensus50|strict_single_dominant         19.96%    passed     52.64%
 255  OAES-8-2-No|nifH|consensus50|strict_single_dominant         17.05%    passed     80.96%
 256  OAES-9-1-Rh|nifH|consensus50|strict_single_dominant         17.65%    passed     60.90%
 257  ORNL-12-1-Ro|nifH|consensus50|strict_single_dominant        16.45%    passed     63.09%
 258  ORNL-13-2-No|nifH|consensus50|strict_single_dominant        16.55%    passed     65.36%
 259  ORNL-16-No|nifH|consensus50|strict_single_dominant          19.46%    passed     63.93%
 260  ORNL-4-1-No|nifH|consensus50|strict_single_dominant         18.96%    passed     60.49%
 261  OSBS-100-3-Rh|nifH|consensus50|strict_single_dominant       17.65%    passed     86.82%
 262  OSBS-101-1-Ro|nifH|consensus50|strict_single_dominant       19.56%    passed     52.52%
 263  OSBS-104-1-Rh|nifH|consensus50|strict_single_dominant       19.76%    passed     83.35%
 264  OSBS-14-3-No|nifH|consensus50|strict_single_dominant        16.15%    passed     23.27%
 265  OSBS-18-5-Ro|nifH|consensus50|strict_single_dominant        19.16%    passed     63.84%
 266  OSBS-20-1-Ro|nifH|consensus50|strict_single_dominant        16.55%    passed     93.82%
 267  OSBS-21-2-No|nifH|consensus50|strict_single_dominant        16.45%    passed     66.75%
 268  OSBS-28-1-No|nifH|consensus50|strict_single_dominant        16.15%    passed     79.59%
 269  OSBS-36-4-Rh|nifH|consensus50|strict_single_dominant        18.46%    passed     59.91%
 270  OSBS-37-1-Rh|nifH|consensus50|strict_single_dominant        16.35%    passed     31.89%
 271  OSBS-38-1-No|nifH|consensus50|strict_single_dominant        16.45%    passed     79.96%
 272  OSBS-4-3-Ro|nifH|consensus50|strict_single_dominant         17.45%    passed     65.36%
 273  OSBS-5-5-Ro|nifH|consensus50|strict_single_dominant         18.15%    passed     61.55%
 274  OSBS-58-1-No|nifH|consensus50|strict_single_dominant        16.25%    passed     67.73%
 275  OSBS-58-1-Rh|nifH|consensus50|strict_single_dominant        18.36%    passed     57.72%
 276  OSBS-66-1-Rh|nifH|consensus50|strict_single_dominant        16.45%    passed     49.17%
 277  OSBS-68-1-Rh|nifH|consensus50|strict_single_dominant        18.15%    passed     93.59%
 278  OSBS-69-1-Rh|nifH|consensus50|strict_single_dominant        16.35%    passed     54.08%
 279  OSBS-70-3-No|nifH|consensus50|strict_single_dominant        16.25%    passed     48.51%
 280  OSBS-71-1-Rh|nifH|consensus50|strict_single_dominant        17.45%    passed     75.60%
 281  OSBS-7-4-Ro|nifH|consensus50|strict_single_dominant         15.05%    passed     82.94%
 282  OSBS-81-1-Rh|nifH|consensus50|strict_single_dominant        16.35%    passed     81.70%
 283  OSBS-82-1-Ro|nifH|consensus50|strict_single_dominant        16.25%    passed     52.15%
 284  OSBS-DETR-64-3-Rh|nifH|consensus50|strict_single_dominant   16.95%    passed     97.60%
 285  OSBS-LEHI-62-5-Ro|nifH|consensus50|strict_single_dominant   19.66%    passed     34.65%
 286  OSBS-TEVI-61-4-No|nifH|consensus50|strict_single_dominant   19.36%    passed     28.86%
 287  RMNP-1-No|nifH|consensus50|strict_single_dominant           16.85%    passed     79.02%
 288  RMNP-1-Ro|nifH|consensus50|strict_single_dominant           19.46%    passed     93.33%
 289  RMNP-2-No|nifH|consensus50|strict_single_dominant           19.96%    passed     80.90%
 290  RMNP-2-Rh|nifH|consensus50|strict_single_dominant           17.25%    passed     83.45%
 291  RMNP-4-Rh|nifH|consensus50|strict_single_dominant           16.35%    passed     84.36%
 292  SCBI-4-1-Rh|nifH|consensus50|strict_single_dominant         16.55%    passed     94.48%
 293  SCBI-5-1-No|nifH|consensus50|strict_single_dominant         18.15%    passed     87.12%
 294  SERC-3-1-Ro|nifH|consensus50|strict_single_dominant         19.16%    passed     94.34%
 295  SJER-1-1-No|nifH|consensus50|strict_single_dominant         19.36%    passed     98.18%
 296  SJER-2-3-No|nifH|consensus50|strict_single_dominant         18.15%    passed     30.70%
 297  SRER-10-1-No|nifH|consensus50|strict_single_dominant        17.35%    passed     86.76%
 298  SRER-10-1-Rh|nifH|consensus50|strict_single_dominant        16.55%    passed     65.42%
 299  SRER-1-1-No|nifH|consensus50|strict_single_dominant         16.95%    passed     61.78%
 300  SRER-13-1-No|nifH|consensus50|strict_single_dominant        16.65%    passed     64.48%
 301  SRER-13-1-Rh|nifH|consensus50|strict_single_dominant        16.95%    passed     70.14%
 302  SRER-13-1-Ro|nifH|consensus50|strict_single_dominant        17.15%    passed     60.79%
 303  SRER-14-1-No|nifH|consensus50|strict_single_dominant        16.55%    passed     79.12%
 304  SRER-15-1-No|nifH|consensus50|strict_single_dominant        17.25%    passed     60.09%
 305  SRER-15-1-Ro|nifH|consensus50|strict_single_dominant        16.45%    passed     64.37%
 306  SRER-16-1-No|nifH|consensus50|strict_single_dominant        17.15%    passed     62.75%
 307  SRER-17-1-No|nifH|consensus50|strict_single_dominant        16.45%    passed     89.03%
 308  SRER-18-1-Rh|nifH|consensus50|strict_single_dominant        16.45%    passed     86.03%
 309  SRER-18-1-Ro|nifH|consensus50|strict_single_dominant        15.25%    passed     77.65%
 310  SRER-2-1-No|nifH|consensus50|strict_single_dominant         19.56%    passed     63.98%
 311  SRER-3-1-No|nifH|consensus50|strict_single_dominant         17.15%    passed     87.63%
 312  SRER-3-1-Ro|nifH|consensus50|strict_single_dominant         16.75%    passed     88.49%
 313  SRER-4-1-No|nifH|consensus50|strict_single_dominant         19.36%    passed     57.03%
 314  SRER-6-1-No|nifH|consensus50|strict_single_dominant         16.55%    passed     87.28%
 315  SRER-6-1-Rh|nifH|consensus50|strict_single_dominant         19.16%    passed     72.09%
 316  SRER-6-1-Ro|nifH|consensus50|strict_single_dominant         16.35%    passed     85.86%
 317  SRER-7-1-No|nifH|consensus50|strict_single_dominant         16.85%    passed     82.05%
 318  SRER-7-1-Rh|nifH|consensus50|strict_single_dominant         17.15%    passed     84.04%
 319  SRER-7-1-Ro|nifH|consensus50|strict_single_dominant         16.65%    passed     83.59%
 320  SRER-8-1-No|nifH|consensus50|strict_single_dominant         19.66%    passed     46.50%
 321  SRER-8-1-Ro|nifH|consensus50|strict_single_dominant         18.56%    passed     88.81%
 322  SRER-9-1-Ro|nifH|consensus50|strict_single_dominant         17.25%    passed     64.87%
 323  TALL-12-2-No|nifH|consensus50|strict_single_dominant        16.45%    passed     31.98%
 324  TALL-13-3-No|nifH|consensus50|strict_single_dominant        16.75%    passed     98.00%
 325  TALL-13-3-Ro|nifH|consensus50|strict_single_dominant        16.45%    passed     75.91%
 326  TALL-15-2-No|nifH|consensus50|strict_single_dominant        16.45%    passed     77.27%
 327  TALL-18-1-No|nifH|consensus50|strict_single_dominant        17.45%    passed     34.54%
 328  TALL-20-1-No|nifH|consensus50|strict_single_dominant        17.25%    passed     41.55%
 329  TALL-22-Ro|nifH|consensus50|strict_single_dominant          19.36%    passed     80.53%
 330  TALL-24-2-No|nifH|consensus50|strict_single_dominant        16.45%    passed     71.64%
 331  TALL-25-2-No|nifH|consensus50|strict_single_dominant        16.25%    passed     23.43%
 332  TALL-26-3-Rh|nifH|consensus50|strict_single_dominant        17.15%    passed     86.26%
 333  TALL-39-2-Rh|nifH|consensus50|strict_single_dominant        18.66%    passed     56.44%
 334  TALL-44-1-No|nifH|consensus50|strict_single_dominant        16.55%    passed     41.94%
 335  TALL-49-1-Rh|nifH|consensus50|strict_single_dominant        19.96%    passed     86.56%
 336  TALL-50-1-No|nifH|consensus50|strict_single_dominant        18.66%    passed     68.03%
 337  TALL-52-1-No|nifH|consensus50|strict_single_dominant        16.85%    passed     81.82%
 338  TALL-64-1-No|nifH|consensus50|strict_single_dominant        16.15%    passed     92.80%
 339  TALL-66-2-No|nifH|consensus50|strict_single_dominant        15.85%    passed     62.54%
 340  TALL-73-2-Ro|nifH|consensus50|strict_single_dominant        16.55%    passed     94.66%
 341  TALL-75-2-No|nifH|consensus50|strict_single_dominant        17.25%    passed     38.49%
 342  TALL-76-3-No|nifH|consensus50|strict_single_dominant        19.86%    passed     61.69%
 343  TALL-78-2-No|nifH|consensus50|strict_single_dominant        15.25%    passed     58.49%
 344  TALL-90-1-No|nifH|consensus50|strict_single_dominant        19.46%    passed     64.71%
 345  TALL-9-2-Ro|nifH|consensus50|strict_single_dominant         15.65%    passed     91.38%
 346  TEAK-2-1-Rh|nifH|consensus50|strict_single_dominant         19.66%    passed     88.49%
 347  TOOL-10-No|nifH|consensus50|strict_single_dominant          17.05%    passed     94.32%
 348  TOOL-11-No|nifH|consensus50|strict_single_dominant          16.75%    passed     93.15%
 349  TOOL-12-No|nifH|consensus50|strict_single_dominant          16.95%    passed     96.49%
 350  TOOL-12-Ro|nifH|consensus50|strict_single_dominant          16.95%    passed     90.78%
 351  TOOL-13-Ro|nifH|consensus50|strict_single_dominant          17.55%    passed     65.32%
 352  TOOL-14-No|nifH|consensus50|strict_single_dominant          18.36%    passed     88.63%
 353  TOOL-14-Ro|nifH|consensus50|strict_single_dominant          18.96%    passed     90.65%
 354  TOOL-15-No|nifH|consensus50|strict_single_dominant          17.35%    passed     91.50%
 355  TOOL-16-No|nifH|consensus50|strict_single_dominant          19.46%    passed     92.57%
 356  TOOL-17-Rh|nifH|consensus50|strict_single_dominant          16.95%    passed     92.59%
 357  TOOL-1-Rh|nifH|consensus50|strict_single_dominant           16.95%    passed     86.85%
 358  TOOL-23-No|nifH|consensus50|strict_single_dominant          16.45%    passed     89.11%
 359  TOOL-23-Ro|nifH|consensus50|strict_single_dominant          19.56%    passed     82.35%
 360  TOOL-24-No|nifH|consensus50|strict_single_dominant          17.35%    passed     89.53%
 361  TOOL-24-Rh|nifH|consensus50|strict_single_dominant          17.05%    passed     89.27%
 362  TOOL-25-No|nifH|consensus50|strict_single_dominant          16.55%    passed     95.18%
 363  TOOL-26-No|nifH|consensus50|strict_single_dominant          18.25%    passed     86.96%
 364  TOOL-27-2-No|nifH|consensus50|strict_single_dominant        16.25%    passed     91.61%
 365  TOOL-30-No|nifH|consensus50|strict_single_dominant          16.85%    passed     90.97%
 366  TOOL-32-Ro|nifH|consensus50|strict_single_dominant          19.66%    passed     99.03%
 367  TOOL-3-No|nifH|consensus50|strict_single_dominant           17.55%    passed     95.83%
 368  TOOL-5-No|nifH|consensus50|strict_single_dominant           18.05%    passed     59.07%
 369  TOOL-5-Rh|nifH|consensus50|strict_single_dominant           18.15%    passed     84.27%
 370  TOOL-5-Ro|nifH|consensus50|strict_single_dominant           16.75%    passed     52.94%
 371  TOOL-8-No|nifH|consensus50|strict_single_dominant           16.85%    passed     95.44%
 372  TOOL-8-Rh|nifH|consensus50|strict_single_dominant           16.35%    passed     87.44%
 373  TOOL-9-No|nifH|consensus50|strict_single_dominant           16.75%    passed     93.15%
 374  TOOL-9-Rh|nifH|consensus50|strict_single_dominant           19.06%    passed     98.49%
 375  UKFS-4-1-No|nifH|consensus50|strict_single_dominant         16.75%    passed     74.00%
 376  UKFS-52-1-Rh|nifH|consensus50|strict_single_dominant        16.45%    passed     95.95%
 377  WOOD-10-1-Ro|nifH|consensus50|strict_single_dominant        19.16%    passed     90.27%
 378  WOOD-11-1-No|nifH|consensus50|strict_single_dominant        17.05%    passed     68.64%
 379  WOOD-1-1-Rh|nifH|consensus50|strict_single_dominant         16.35%    passed     63.52%
 380  WOOD-12-No|nifH|consensus50|strict_single_dominant          16.45%    passed     58.32%
 381  WOOD-2-2-Rh|nifH|consensus50|strict_single_dominant         16.35%    passed     97.85%
 382  WOOD-3-2-No|nifH|consensus50|strict_single_dominant         17.05%    passed     47.77%
 383  WOOD-3-2-Rh|nifH|consensus50|strict_single_dominant         16.45%    passed     93.87%
 384  WOOD-5-1-Ro|nifH|consensus50|strict_single_dominant         16.55%    passed     97.86%
 385  WOOD-6-1-No|nifH|consensus50|strict_single_dominant         16.55%    passed     36.26%
 386  WOOD-6-1-Rh|nifH|consensus50|strict_single_dominant         16.45%    passed     90.85%
 387  WOOD-7-1-No|nifH|consensus50|strict_single_dominant         16.75%    passed     65.32%
****  TOTAL                                                       17.45%  0 sequences failed composition chi2 test (p-value<5%; df=3)
NOTE: OAES-7-1-Ro|nifH|consensus50|strict_single_dominant is identical to OAES-7-1-Rh|nifH|consensus50|strict_single_dominant but kept for subsequent analysis
NOTE: TOOL-9-No|nifH|consensus50|strict_single_dominant is identical to TOOL-11-No|nifH|consensus50|strict_single_dominant but kept for subsequent analysis
Checking for duplicate sequences: done in 0.00613705 secs using 3750% CPU

Create initial parsimony tree by phylogenetic likelihood library (PLL)... 0.067 seconds
Generating 1000 samples for ultrafast bootstrap (seed: 680141)...

NOTE: 49 MB RAM (0 GB) is required!
Measuring multi-threading efficiency up to 72 CPU cores
Increase to 10 rounds for branch lengths
69 trees examined
Threads: 1 / Time: 72.367 sec / Speedup: 1.000 / Efficiency: 100% / LogL: -84904
Threads: 2 / Time: 45.946 sec / Speedup: 1.575 / Efficiency: 79% / LogL: -84904
Threads: 3 / Time: 65.016 sec / Speedup: 1.113 / Efficiency: 37% / LogL: -84904
Determining AUTO threadcount: done in 183.344 secs using 193.8% CPU
BEST NUMBER OF THREADS: 2

Estimate model parameters (epsilon = 0.100)
1. Initial log-likelihood: -38154.142
2. Current log-likelihood: -35943.863
3. Current log-likelihood: -35889.033
4. Current log-likelihood: -35852.042
5. Current log-likelihood: -35821.993
6. Current log-likelihood: -35794.998
7. Current log-likelihood: -35772.771
8. Current log-likelihood: -35758.687
9. Current log-likelihood: -35746.658
10. Current log-likelihood: -35734.340
11. Current log-likelihood: -35722.580
12. Current log-likelihood: -35713.322
13. Current log-likelihood: -35705.454
14. Current log-likelihood: -35698.549
15. Current log-likelihood: -35692.502
16. Current log-likelihood: -35687.229
17. Current log-likelihood: -35682.629
18. Current log-likelihood: -35678.609
19. Current log-likelihood: -35675.083
20. Current log-likelihood: -35671.979
21. Current log-likelihood: -35669.227
22. Current log-likelihood: -35666.777
23. Current log-likelihood: -35664.593
24. Current log-likelihood: -35662.627
25. Current log-likelihood: -35660.851
26. Current log-likelihood: -35659.243
27. Current log-likelihood: -35657.783
28. Current log-likelihood: -35656.454
29. Current log-likelihood: -35655.241
30. Current log-likelihood: -35654.132
31. Current log-likelihood: -35653.111
32. Current log-likelihood: -35652.171
33. Current log-likelihood: -35651.310
34. Current log-likelihood: -35650.735
35. Current log-likelihood: -35650.606
Optimal log-likelihood: -35650.461
Rate parameters:  A-C: 0.89448  A-G: 2.31007  A-T: 0.47354  C-G: 1.53820  C-T: 3.80524  G-T: 1.00000
Base frequencies:  A: 0.220  C: 0.302  G: 0.307  T: 0.171
Site proportion and rates:  (0.594,0.024) (0.030,0.543) (0.069,0.558) (0.116,1.346) (0.107,2.840) (0.070,4.668) (0.014,10.074)
Parameters optimization took 35 rounds (47.249 sec)
Wrote distance file to... 
Computing ML distances based on estimated model parameters...
Calculating distance matrix: done in 0.469734 secs using 199.3% CPU
Computing ML distances took 0.471645 sec (of wall-clock time) 0.937859 sec (of CPU time)
Setting up auxiliary I and S matrices: done in 0.00189954 secs using 139.9% CPU
Constructing RapidNJ tree: done in 0.0621333 secs using 108.3% CPU
Computing RapidNJ tree took 0.064219 sec (of wall-clock time) 0.070034 sec (of CPU time)
Log-likelihood of RapidNJ tree: -36351.689
--------------------------------------------------------------------
|             INITIALIZING CANDIDATE TREE SET                      |
--------------------------------------------------------------------
Generating 98 parsimony trees... 6.663 second
Computing log-likelihood of 98 initial trees ... 8.185 seconds
Current best score: -35308.663

Do NNI search on 20 best initial trees
Estimate model parameters (epsilon = 0.100)
BETTER TREE FOUND at iteration 1: -35209.207
Iteration 10 / LogL: -35359.672 / Time: 0h:5m:6s
Iteration 20 / LogL: -35373.868 / Time: 0h:5m:27s
Finish initializing candidate tree set (20)
Current best tree score: -35209.207 / CPU time: 95.638
Number of iterations: 20
--------------------------------------------------------------------
|               OPTIMIZING CANDIDATE TREE SET                      |
--------------------------------------------------------------------
Estimate model parameters (epsilon = 0.100)
BETTER TREE FOUND at iteration 26: -35202.368
Estimate model parameters (epsilon = 0.100)
BETTER TREE FOUND at iteration 27: -35197.470
Iteration 30 / LogL: -35245.752 / Time: 0h:5m:51s (0h:19m:33s left)
Estimate model parameters (epsilon = 0.100)
BETTER TREE FOUND at iteration 35: -35194.935
Estimate model parameters (epsilon = 0.100)
BETTER TREE FOUND at iteration 37: -35194.265
Iteration 40 / LogL: -35323.388 / Time: 0h:6m:13s (0h:15m:29s left)
Estimate model parameters (epsilon = 0.100)
BETTER TREE FOUND at iteration 42: -35190.490
Iteration 50 / LogL: -35234.654 / Time: 0h:6m:35s (0h:12m:21s left)
Log-likelihood cutoff on original alignment: -35422.374
Estimate model parameters (epsilon = 0.100)
BETTER TREE FOUND at iteration 53: -35170.839
Iteration 60 / LogL: -35209.289 / Time: 0h:6m:57s (0h:10m:58s left)
Estimate model parameters (epsilon = 0.100)
BETTER TREE FOUND at iteration 63: -35169.906
Iteration 70 / LogL: -35175.139 / Time: 0h:7m:18s (0h:9m:50s left)
Iteration 80 / LogL: -35185.481 / Time: 0h:7m:36s (0h:7m:59s left)
Estimate model parameters (epsilon = 0.100)
BETTER TREE FOUND at iteration 90: -35168.774
Iteration 90 / LogL: -35168.774 / Time: 0h:7m:57s (0h:8m:56s left)
Estimate model parameters (epsilon = 0.100)
BETTER TREE FOUND at iteration 93: -35167.406
Estimate model parameters (epsilon = 0.100)
BETTER TREE FOUND at iteration 96: -35165.648
Iteration 100 / LogL: -35206.501 / Time: 0h:8m:19s (0h:8m:4s left)
Log-likelihood cutoff on original alignment: -35414.847
NOTE: Bootstrap correlation coefficient of split occurrence frequencies: 0.971
NOTE: UFBoot does not converge, continue at least 100 more iterations
Iteration 110 / LogL: -35187.813 / Time: 0h:8m:40s (0h:7m:9s left)
Iteration 120 / LogL: -35178.228 / Time: 0h:8m:59s (0h:6m:2s left)
Iteration 130 / LogL: -35215.680 / Time: 0h:9m:18s (0h:5m:3s left)
Iteration 140 / LogL: -35246.411 / Time: 0h:9m:37s (0h:4m:9s left)
Estimate model parameters (epsilon = 0.100)
BETTER TREE FOUND at iteration 147: -35157.728
Iteration 150 / LogL: -35302.890 / Time: 0h:9m:59s (0h:6m:29s left)
Log-likelihood cutoff on original alignment: -35414.847
Estimate model parameters (epsilon = 0.100)
BETTER TREE FOUND at iteration 152: -35152.101
Iteration 160 / LogL: -35197.004 / Time: 0h:10m:22s (0h:6m:0s left)
Iteration 170 / LogL: -35167.608 / Time: 0h:10m:42s (0h:5m:11s left)
Iteration 180 / LogL: -35162.057 / Time: 0h:11m:2s (0h:4m:26s left)
Iteration 190 / LogL: -35224.840 / Time: 0h:11m:22s (0h:3m:43s left)
Iteration 200 / LogL: -35194.220 / Time: 0h:11m:42s (0h:3m:3s left)
Log-likelihood cutoff on original alignment: -35414.847
NOTE: Bootstrap correlation coefficient of split occurrence frequencies: 0.985
NOTE: UFBoot does not converge, continue at least 100 more iterations
Iteration 210 / LogL: -35161.420 / Time: 0h:12m:3s (0h:5m:11s left)
Iteration 220 / LogL: -35170.158 / Time: 0h:12m:23s (0h:4m:31s left)
Iteration 230 / LogL: -35164.273 / Time: 0h:12m:43s (0h:3m:53s left)
Iteration 240 / LogL: -35248.685 / Time: 0h:13m:3s (0h:3m:16s left)
Iteration 250 / LogL: -35176.842 / Time: 0h:13m:23s (0h:2m:41s left)
Log-likelihood cutoff on original alignment: -35414.847
Iteration 260 / LogL: -35186.944 / Time: 0h:13m:47s (0h:2m:7s left)
Iteration 270 / LogL: -35290.120 / Time: 0h:14m:7s (0h:1m:34s left)
Iteration 280 / LogL: -35177.684 / Time: 0h:14m:28s (0h:1m:2s left)
Iteration 290 / LogL: -35171.921 / Time: 0h:14m:49s (0h:0m:30s left)
Estimate model parameters (epsilon = 0.100)
BETTER TREE FOUND at iteration 291: -35139.760
Iteration 300 / LogL: -35157.949 / Time: 0h:15m:12s (0h:4m:37s left)
Log-likelihood cutoff on original alignment: -35414.847
NOTE: Bootstrap correlation coefficient of split occurrence frequencies: 0.984
NOTE: UFBoot does not converge, continue at least 100 more iterations
Iteration 310 / LogL: -35273.688 / Time: 0h:15m:34s (0h:4m:32s left)
Iteration 320 / LogL: -35180.209 / Time: 0h:15m:54s (0h:3m:59s left)
Iteration 330 / LogL: -35268.291 / Time: 0h:16m:13s (0h:3m:27s left)
Iteration 340 / LogL: -35170.167 / Time: 0h:16m:33s (0h:2m:55s left)
Iteration 350 / LogL: -35176.358 / Time: 0h:16m:52s (0h:2m:25s left)
Log-likelihood cutoff on original alignment: -35414.847
Iteration 360 / LogL: -35265.535 / Time: 0h:17m:14s (0h:1m:55s left)
Iteration 370 / LogL: -35259.454 / Time: 0h:17m:34s (0h:1m:25s left)
Iteration 380 / LogL: -35152.190 / Time: 0h:17m:55s (0h:0m:56s left)
Iteration 390 / LogL: -35192.167 / Time: 0h:18m:16s (0h:0m:28s left)
Iteration 400 / LogL: -35163.346 / Time: 0h:18m:36s (0h:0m:0s left)
Log-likelihood cutoff on original alignment: -35414.847
NOTE: Bootstrap correlation coefficient of split occurrence frequencies: 0.994
TREE SEARCH COMPLETED AFTER 400 ITERATIONS / Time: 0h:18m:38s

--------------------------------------------------------------------
|                    FINALIZING TREE SEARCH                        |
--------------------------------------------------------------------
Performs final model parameters optimization
Estimate model parameters (epsilon = 0.010)
1. Initial log-likelihood: -35139.760
2. Current log-likelihood: -35139.681
3. Current log-likelihood: -35139.599
4. Current log-likelihood: -35139.518
5. Current log-likelihood: -35139.437
6. Current log-likelihood: -35139.358
7. Current log-likelihood: -35139.280
8. Current log-likelihood: -35139.202
9. Current log-likelihood: -35139.123
10. Current log-likelihood: -35139.043
11. Current log-likelihood: -35138.961
12. Current log-likelihood: -35138.878
13. Current log-likelihood: -35138.794
14. Current log-likelihood: -35138.707
15. Current log-likelihood: -35138.618
16. Current log-likelihood: -35138.526
17. Current log-likelihood: -35138.431
18. Current log-likelihood: -35138.334
19. Current log-likelihood: -35138.234
20. Current log-likelihood: -35138.139
21. Current log-likelihood: -35138.034
22. Current log-likelihood: -35137.935
23. Current log-likelihood: -35137.833
24. Current log-likelihood: -35137.731
25. Current log-likelihood: -35137.628
26. Current log-likelihood: -35137.528
27. Current log-likelihood: -35137.429
28. Current log-likelihood: -35137.333
29. Current log-likelihood: -35137.242
30. Current log-likelihood: -35137.156
31. Current log-likelihood: -35137.074
32. Current log-likelihood: -35136.996
33. Current log-likelihood: -35136.924
34. Current log-likelihood: -35136.858
35. Current log-likelihood: -35136.796
36. Current log-likelihood: -35136.740
37. Current log-likelihood: -35136.689
38. Current log-likelihood: -35136.642
39. Current log-likelihood: -35136.598
40. Current log-likelihood: -35136.556
41. Current log-likelihood: -35136.518
42. Current log-likelihood: -35136.483
43. Current log-likelihood: -35136.450
44. Current log-likelihood: -35136.419
45. Current log-likelihood: -35136.389
46. Current log-likelihood: -35136.361
47. Current log-likelihood: -35136.334
48. Current log-likelihood: -35136.308
49. Current log-likelihood: -35136.283
50. Current log-likelihood: -35136.259
51. Current log-likelihood: -35136.235
52. Current log-likelihood: -35136.213
53. Current log-likelihood: -35136.193
54. Current log-likelihood: -35136.173
55. Current log-likelihood: -35136.153
56. Current log-likelihood: -35136.135
57. Current log-likelihood: -35136.121
58. Current log-likelihood: -35136.103
59. Current log-likelihood: -35136.090
60. Current log-likelihood: -35136.072
61. Current log-likelihood: -35136.059
62. Current log-likelihood: -35136.042
63. Current log-likelihood: -35136.030
64. Current log-likelihood: -35136.013
65. Current log-likelihood: -35135.997
66. Current log-likelihood: -35135.984
67. Current log-likelihood: -35135.972
68. Current log-likelihood: -35135.957
69. Current log-likelihood: -35135.946
70. Current log-likelihood: -35135.935
71. Current log-likelihood: -35135.921
72. Current log-likelihood: -35135.910
73. Current log-likelihood: -35135.896
74. Current log-likelihood: -35135.884
75. Current log-likelihood: -35135.874
76. Current log-likelihood: -35135.860
77. Current log-likelihood: -35135.849
78. Current log-likelihood: -35135.839
79. Current log-likelihood: -35135.827
80. Current log-likelihood: -35135.817
Optimal log-likelihood: -35135.802
Rate parameters:  A-C: 0.88686  A-G: 2.37039  A-T: 0.43499  C-G: 1.55864  C-T: 3.89150  G-T: 1.00000
Base frequencies:  A: 0.220  C: 0.302  G: 0.307  T: 0.171
Site proportion and rates:  (0.574,0.012) (0.082,0.366) (0.117,1.034) (0.063,2.001) (0.091,3.075) (0.058,4.883) (0.015,10.233)
Parameters optimization took 80 rounds (87.304 sec)
BEST SCORE FOUND : -35135.802

Testing tree branches by SH-like aLRT with 1000 replicates...
Alternative NNI shows better log-likelihood -35135.667 > -35135.802
3.183 sec.
Creating bootstrap support values...
Split supports printed to NEXUS file /mnt/dv/wid/projects6/SolisLemus-Intbio-raw/processed-data/symbiosis_sorted_v2_consensus_sequences_50percent/nifH_consensus_iqtree_v2/nifH_consensus50_strict_single_dominant_nm5000.splits.nex
Total tree length: 9.789

Total number of iterations: 400
CPU time used for tree search: 1704.253 sec (0h:28m:24s)
Wall-clock time used for tree search: 886.181 sec (0h:14m:46s)
Total CPU time used: 2337.121 sec (0h:38m:57s)
Total wall-clock time used: 1209.997 sec (0h:20m:9s)

Computing bootstrap consensus tree...
Reading input file /mnt/dv/wid/projects6/SolisLemus-Intbio-raw/processed-data/symbiosis_sorted_v2_consensus_sequences_50percent/nifH_consensus_iqtree_v2/nifH_consensus50_strict_single_dominant_nm5000.splits.nex...
387 taxa and 3808 splits.
Consensus tree written to /mnt/dv/wid/projects6/SolisLemus-Intbio-raw/processed-data/symbiosis_sorted_v2_consensus_sequences_50percent/nifH_consensus_iqtree_v2/nifH_consensus50_strict_single_dominant_nm5000.contree
Reading input trees file /mnt/dv/wid/projects6/SolisLemus-Intbio-raw/processed-data/symbiosis_sorted_v2_consensus_sequences_50percent/nifH_consensus_iqtree_v2/nifH_consensus50_strict_single_dominant_nm5000.contree
Log-likelihood of consensus tree: -35143.728

Analysis results written to: 
  IQ-TREE report:                /mnt/dv/wid/projects6/SolisLemus-Intbio-raw/processed-data/symbiosis_sorted_v2_consensus_sequences_50percent/nifH_consensus_iqtree_v2/nifH_consensus50_strict_single_dominant_nm5000.iqtree
  Maximum-likelihood tree:       /mnt/dv/wid/projects6/SolisLemus-Intbio-raw/processed-data/symbiosis_sorted_v2_consensus_sequences_50percent/nifH_consensus_iqtree_v2/nifH_consensus50_strict_single_dominant_nm5000.treefile
  Likelihood distances:          /mnt/dv/wid/projects6/SolisLemus-Intbio-raw/processed-data/symbiosis_sorted_v2_consensus_sequences_50percent/nifH_consensus_iqtree_v2/nifH_consensus50_strict_single_dominant_nm5000.mldist

Ultrafast bootstrap approximation results written to:
  Split support values:          /mnt/dv/wid/projects6/SolisLemus-Intbio-raw/processed-data/symbiosis_sorted_v2_consensus_sequences_50percent/nifH_consensus_iqtree_v2/nifH_consensus50_strict_single_dominant_nm5000.splits.nex
  Consensus tree:                /mnt/dv/wid/projects6/SolisLemus-Intbio-raw/processed-data/symbiosis_sorted_v2_consensus_sequences_50percent/nifH_consensus_iqtree_v2/nifH_consensus50_strict_single_dominant_nm5000.contree
  Screen log file:               /mnt/dv/wid/projects6/SolisLemus-Intbio-raw/processed-data/symbiosis_sorted_v2_consensus_sequences_50percent/nifH_consensus_iqtree_v2/nifH_consensus50_strict_single_dominant_nm5000.log

Date and Time: Mon Jul 13 17:04:33 2026
